Archive member included to satisfy reference by file (symbol)

d:/cmaketool/gnc-tools-arm-embedded/gcc-arm-none-eabi-10.3-2021.10/bin/../lib/gcc/arm-none-eabi/10.3.1/thumb/v7e-m+fp/hard\libgcc.a(_arm_addsubdf3.o)
                              CMakeFiles/BLDCF407.elf.dir/Core/Src/bsp_svpwm.c.obj (__aeabi_dadd)
d:/cmaketool/gnc-tools-arm-embedded/gcc-arm-none-eabi-10.3-2021.10/bin/../lib/gcc/arm-none-eabi/10.3.1/thumb/v7e-m+fp/hard\libgcc.a(_arm_fixdfsi.o)
                              CMakeFiles/BLDCF407.elf.dir/Core/Src/bsp_svpwm.c.obj (__aeabi_d2iz)
d:/cmaketool/gnc-tools-arm-embedded/gcc-arm-none-eabi-10.3-2021.10/bin/../lib/gcc/arm-none-eabi/10.3.1/thumb/v7e-m+fp/hard\libgcc.a(_aeabi_uldivmod.o)
                              CMakeFiles/BLDCF407.elf.dir/Drivers/STM32F4xx_HAL_Driver/Src/stm32f4xx_hal_rcc.c.obj (__aeabi_uldivmod)
d:/cmaketool/gnc-tools-arm-embedded/gcc-arm-none-eabi-10.3-2021.10/bin/../lib/gcc/arm-none-eabi/10.3.1/thumb/v7e-m+fp/hard\libgcc.a(_udivmoddi4.o)
                              d:/cmaketool/gnc-tools-arm-embedded/gcc-arm-none-eabi-10.3-2021.10/bin/../lib/gcc/arm-none-eabi/10.3.1/thumb/v7e-m+fp/hard\libgcc.a(_aeabi_uldivmod.o) (__udivmoddi4)
d:/cmaketool/gnc-tools-arm-embedded/gcc-arm-none-eabi-10.3-2021.10/bin/../lib/gcc/arm-none-eabi/10.3.1/thumb/v7e-m+fp/hard\libgcc.a(_dvmd_tls.o)
                              d:/cmaketool/gnc-tools-arm-embedded/gcc-arm-none-eabi-10.3-2021.10/bin/../lib/gcc/arm-none-eabi/10.3.1/thumb/v7e-m+fp/hard\libgcc.a(_aeabi_uldivmod.o) (__aeabi_ldiv0)
d:/cmaketool/gnc-tools-arm-embedded/gcc-arm-none-eabi-10.3-2021.10/bin/../lib/gcc/arm-none-eabi/10.3.1/../../../../arm-none-eabi/lib/thumb/v7e-m+fp/hard\libg.a(lib_a-errno.o)
                              CMakeFiles/BLDCF407.elf.dir/Core/Src/syscalls.c.obj (__errno)
d:/cmaketool/gnc-tools-arm-embedded/gcc-arm-none-eabi-10.3-2021.10/bin/../lib/gcc/arm-none-eabi/10.3.1/../../../../arm-none-eabi/lib/thumb/v7e-m+fp/hard\libg.a(lib_a-exit.o)
                              d:/cmaketool/gnc-tools-arm-embedded/gcc-arm-none-eabi-10.3-2021.10/bin/../lib/gcc/arm-none-eabi/10.3.1/../../../../arm-none-eabi/lib/thumb/v7e-m+fp/hard/crt0.o (exit)
d:/cmaketool/gnc-tools-arm-embedded/gcc-arm-none-eabi-10.3-2021.10/bin/../lib/gcc/arm-none-eabi/10.3.1/../../../../arm-none-eabi/lib/thumb/v7e-m+fp/hard\libg.a(lib_a-impure.o)
                              d:/cmaketool/gnc-tools-arm-embedded/gcc-arm-none-eabi-10.3-2021.10/bin/../lib/gcc/arm-none-eabi/10.3.1/../../../../arm-none-eabi/lib/thumb/v7e-m+fp/hard\libg.a(lib_a-exit.o) (_global_impure_ptr)
d:/cmaketool/gnc-tools-arm-embedded/gcc-arm-none-eabi-10.3-2021.10/bin/../lib/gcc/arm-none-eabi/10.3.1/../../../../arm-none-eabi/lib/thumb/v7e-m+fp/hard\libg.a(lib_a-init.o)
                              d:/cmaketool/gnc-tools-arm-embedded/gcc-arm-none-eabi-10.3-2021.10/bin/../lib/gcc/arm-none-eabi/10.3.1/../../../../arm-none-eabi/lib/thumb/v7e-m+fp/hard/crt0.o (__libc_init_array)
d:/cmaketool/gnc-tools-arm-embedded/gcc-arm-none-eabi-10.3-2021.10/bin/../lib/gcc/arm-none-eabi/10.3.1/../../../../arm-none-eabi/lib/thumb/v7e-m+fp/hard\libg.a(lib_a-memcpy.o)
                              CMakeFiles/BLDCF407.elf.dir/Middlewares/Third_Party/FreeRTOS/Source/queue.c.obj (memcpy)
d:/cmaketool/gnc-tools-arm-embedded/gcc-arm-none-eabi-10.3-2021.10/bin/../lib/gcc/arm-none-eabi/10.3.1/../../../../arm-none-eabi/lib/thumb/v7e-m+fp/hard\libg.a(lib_a-memset.o)
                              d:/cmaketool/gnc-tools-arm-embedded/gcc-arm-none-eabi-10.3-2021.10/bin/../lib/gcc/arm-none-eabi/10.3.1/../../../../arm-none-eabi/lib/thumb/v7e-m+fp/hard/crt0.o (memset)
d:/cmaketool/gnc-tools-arm-embedded/gcc-arm-none-eabi-10.3-2021.10/bin/../lib/gcc/arm-none-eabi/10.3.1/../../../../arm-none-eabi/lib/thumb/v7e-m+fp/hard\libg.a(lib_a-__call_atexit.o)
                              d:/cmaketool/gnc-tools-arm-embedded/gcc-arm-none-eabi-10.3-2021.10/bin/../lib/gcc/arm-none-eabi/10.3.1/../../../../arm-none-eabi/lib/thumb/v7e-m+fp/hard\libg.a(lib_a-exit.o) (__call_exitprocs)
d:/cmaketool/gnc-tools-arm-embedded/gcc-arm-none-eabi-10.3-2021.10/bin/../lib/gcc/arm-none-eabi/10.3.1/../../../../arm-none-eabi/lib/thumb/v7e-m+fp/hard\libg.a(lib_a-atexit.o)
                              d:/cmaketool/gnc-tools-arm-embedded/gcc-arm-none-eabi-10.3-2021.10/bin/../lib/gcc/arm-none-eabi/10.3.1/../../../../arm-none-eabi/lib/thumb/v7e-m+fp/hard\libg.a(lib_a-__call_atexit.o) (atexit)
d:/cmaketool/gnc-tools-arm-embedded/gcc-arm-none-eabi-10.3-2021.10/bin/../lib/gcc/arm-none-eabi/10.3.1/../../../../arm-none-eabi/lib/thumb/v7e-m+fp/hard\libg.a(lib_a-fini.o)
                              d:/cmaketool/gnc-tools-arm-embedded/gcc-arm-none-eabi-10.3-2021.10/bin/../lib/gcc/arm-none-eabi/10.3.1/../../../../arm-none-eabi/lib/thumb/v7e-m+fp/hard\libg.a(lib_a-__call_atexit.o) (__libc_fini_array)
[...]
Memory Configuration

Name             Origin             Length             Attributes
CCMRAM           0x10000000         0x00010000         xrw
RAM              0x20000000         0x00020000         xrw
FLASH            0x08000000         0x00100000         xr
*default*        0x00000000         0xffffffff

Linker script and memory map

LOAD d:/cmaketool/gnc-tools-arm-embedded/gcc-arm-none-eabi-10.3-2021.10/bin/../lib/gcc/arm-none-eabi/10.3.1/thumb/v7e-m+fp/hard/crti.o
LOAD d:/cmaketool/gnc-tools-arm-embedded/gcc-arm-none-eabi-10.3-2021.10/bin/../lib/gcc/arm-none-eabi/10.3.1/thumb/v7e-m+fp/hard/crtbegin.o
LOAD d:/cmaketool/gnc-tools-arm-embedded/gcc-arm-none-eabi-10.3-2021.10/bin/../lib/gcc/arm-none-eabi/10.3.1/../../../../arm-none-eabi/lib/thumb/v7e-m+fp/hard/crt0.o
LOAD CMakeFiles/BLDCF407.elf.dir/Core/Src/adc.c.obj
LOAD CMakeFiles/BLDCF407.elf.dir/Core/Src/bsp_DRV8303.c.obj
LOAD CMakeFiles/BLDCF407.elf.dir/Core/Src/bsp_adc.c.obj
LOAD CMakeFiles/BLDCF407.elf.dir/Core/Src/bsp_key.c.obj
LOAD CMakeFiles/BLDCF407.elf.dir/Core/Src/bsp_led.c.obj
LOAD CMakeFiles/BLDCF407.elf.dir/Core/Src/bsp_motor_tim.c.obj
LOAD CMakeFiles/BLDCF407.elf.dir/Core/Src/bsp_spwm.c.obj
LOAD CMakeFiles/BLDCF407.elf.dir/Core/Src/bsp_svpwm.c.obj
LOAD CMakeFiles/BLDCF407.elf.dir/Core/Src/bsp_usart.c.obj
LOAD CMakeFiles/BLDCF407.elf.dir/Core/Src/freertos.c.obj
LOAD CMakeFiles/BLDCF407.elf.dir/Core/Src/gpio.c.obj
LOAD CMakeFiles/BLDCF407.elf.dir/Core/Src/main.c.obj
LOAD CMakeFiles/BLDCF407.elf.dir/Core/Src/spi.c.obj
LOAD CMakeFiles/BLDCF407.elf.dir/Core/Src/stm32f4xx_hal_msp.c.obj
LOAD CMakeFiles/BLDCF407.elf.dir/Core/Src/stm32f4xx_it.c.obj
LOAD CMakeFiles/BLDCF407.elf.dir/Core/Src/syscalls.c.obj
LOAD CMakeFiles/BLDCF407.elf.dir/Core/Src/sysmem.c.obj
LOAD CMakeFiles/BLDCF407.elf.dir/Core/Src/system_stm32f4xx.c.obj
LOAD CMakeFiles/BLDCF407.elf.dir/Core/Startup/startup_stm32f407igtx.s.obj
LOAD CMakeFiles/BLDCF407.elf.dir/Drivers/STM32F4xx_HAL_Driver/Src/stm32f4xx_hal.c.obj
LOAD CMakeFiles/BLDCF407.elf.dir/Drivers/STM32F4xx_HAL_Driver/Src/stm32f4xx_hal_adc.c.obj
LOAD CMakeFiles/BLDCF407.elf.dir/Drivers/STM32F4xx_HAL_Driver/Src/stm32f4xx_hal_adc_ex.c.obj
LOAD CMakeFiles/BLDCF407.elf.dir/Drivers/STM32F4xx_HAL_Driver/Src/stm32f4xx_hal_cortex.c.obj
LOAD CMakeFiles/BLDCF407.elf.dir/Drivers/STM32F4xx_HAL_Driver/Src/stm32f4xx_hal_dma.c.obj
LOAD CMakeFiles/BLDCF407.elf.dir/Drivers/STM32F4xx_HAL_Driver/Src/stm32f4xx_hal_dma_ex.c.obj
LOAD CMakeFiles/BLDCF407.elf.dir/Drivers/STM32F4xx_HAL_Driver/Src/stm32f4xx_hal_exti.c.obj
LOAD CMakeFiles/BLDCF407.elf.dir/Drivers/STM32F4xx_HAL_Driver/Src/stm32f4xx_hal_flash.c.obj
LOAD CMakeFiles/BLDCF407.elf.dir/Drivers/STM32F4xx_HAL_Driver/Src/stm32f4xx_hal_flash_ex.c.obj
LOAD CMakeFiles/BLDCF407.elf.dir/Drivers/STM32F4xx_HAL_Driver/Src/stm32f4xx_hal_flash_ramfunc.c.obj
LOAD CMakeFiles/BLDCF407.elf.dir/Drivers/STM32F4xx_HAL_Driver/Src/stm32f4xx_hal_gpio.c.obj
LOAD CMakeFiles/BLDCF407.elf.dir/Drivers/STM32F4xx_HAL_Driver/Src/stm32f4xx_hal_pwr.c.obj
LOAD CMakeFiles/BLDCF407.elf.dir/Drivers/STM32F4xx_HAL_Driver/Src/stm32f4xx_hal_pwr_ex.c.obj
LOAD CMakeFiles/BLDCF407.elf.dir/Drivers/STM32F4xx_HAL_Driver/Src/stm32f4xx_hal_rcc.c.obj
LOAD CMakeFiles/BLDCF407.elf.dir/Drivers/STM32F4xx_HAL_Driver/Src/stm32f4xx_hal_rcc_ex.c.obj
LOAD CMakeFiles/BLDCF407.elf.dir/Drivers/STM32F4xx_HAL_Driver/Src/stm32f4xx_hal_spi.c.obj
LOAD CMakeFiles/BLDCF407.elf.dir/Drivers/STM32F4xx_HAL_Driver/Src/stm32f4xx_hal_tim.c.obj
LOAD CMakeFiles/BLDCF407.elf.dir/Drivers/STM32F4xx_HAL_Driver/Src/stm32f4xx_hal_tim_ex.c.obj
LOAD CMakeFiles/BLDCF407.elf.dir/Drivers/STM32F4xx_HAL_Driver/Src/stm32f4xx_hal_uart.c.obj
LOAD CMakeFiles/BLDCF407.elf.dir/Drivers/STM32F4xx_HAL_Driver/Src/stm32f4xx_hal_usart.c.obj
LOAD CMakeFiles/BLDCF407.elf.dir/Drivers/STM32F4xx_HAL_Driver/Src/stm32f4xx_ll_adc.c.obj
LOAD CMakeFiles/BLDCF407.elf.dir/Drivers/STM32F4xx_HAL_Driver/Src/stm32f4xx_ll_usart.c.obj
LOAD CMakeFiles/BLDCF407.elf.dir/Middlewares/Third_Party/FreeRTOS/Source/CMSIS_RTOS/cmsis_os.c.obj
LOAD CMakeFiles/BLDCF407.elf.dir/Middlewares/Third_Party/FreeRTOS/Source/croutine.c.obj
LOAD CMakeFiles/BLDCF407.elf.dir/Middlewares/Third_Party/FreeRTOS/Source/event_groups.c.obj
LOAD CMakeFiles/BLDCF407.elf.dir/Middlewares/Third_Party/FreeRTOS/Source/list.c.obj
LOAD CMakeFiles/BLDCF407.elf.dir/Middlewares/Third_Party/FreeRTOS/Source/portable/GCC/ARM_CM4F/port.c.obj
LOAD CMakeFiles/BLDCF407.elf.dir/Middlewares/Third_Party/FreeRTOS/Source/portable/MemMang/heap_4.c.obj
LOAD CMakeFiles/BLDCF407.elf.dir/Middlewares/Third_Party/FreeRTOS/Source/queue.c.obj
LOAD CMakeFiles/BLDCF407.elf.dir/Middlewares/Third_Party/FreeRTOS/Source/stream_buffer.c.obj
LOAD CMakeFiles/BLDCF407.elf.dir/Middlewares/Third_Party/FreeRTOS/Source/tasks.c.obj
LOAD CMakeFiles/BLDCF407.elf.dir/Middlewares/Third_Party/FreeRTOS/Source/timers.c.obj
START GROUP
LOAD d:/cmaketool/gnc-tools-arm-embedded/gcc-arm-none-eabi-10.3-2021.10/bin/../lib/gcc/arm-none-eabi/10.3.1/thumb/v7e-m+fp/hard\libgcc.a
LOAD d:/cmaketool/gnc-tools-arm-embedded/gcc-arm-none-eabi-10.3-2021.10/bin/../lib/gcc/arm-none-eabi/10.3.1/../../../../arm-none-eabi/lib/thumb/v7e-m+fp/hard\libg.a
LOAD d:/cmaketool/gnc-tools-arm-embedded/gcc-arm-none-eabi-10.3-2021.10/bin/../lib/gcc/arm-none-eabi/10.3.1/../../../../arm-none-eabi/lib/thumb/v7e-m+fp/hard\libc.a
END GROUP
LOAD d:/cmaketool/gnc-tools-arm-embedded/gcc-arm-none-eabi-10.3-2021.10/bin/../lib/gcc/arm-none-eabi/10.3.1/thumb/v7e-m+fp/hard/crtend.o
LOAD d:/cmaketool/gnc-tools-arm-embedded/gcc-arm-none-eabi-10.3-2021.10/bin/../lib/gcc/arm-none-eabi/10.3.1/thumb/v7e-m+fp/hard/crtn.o
                0x20020000                _estack = (ORIGIN (RAM) + LENGTH (RAM))
                0x00000200                _Min_Heap_Size = 0x200
                0x00000400                _Min_Stack_Size = 0x400

.isr_vector     0x08000000      0x188
                0x08000000                . = ALIGN (0x4)
 *(.isr_vector)
 .isr_vector    0x08000000      0x188 CMakeFiles/BLDCF407.elf.dir/Core/Startup/startup_stm32f407igtx.s.obj
                0x08000000                g_pfnVectors
                0x08000188                . = ALIGN (0x4)

.text           0x08000190     0x30a0
                0x08000190                . = ALIGN (0x4)
 *(.text)
 .text          0x08000190       0x40 d:/cmaketool/gnc-tools-arm-embedded/gcc-arm-none-eabi-10.3-2021.10/bin/../lib/gcc/arm-none-eabi/10.3.1/thumb/v7e-m+fp/hard/crtbegin.o
 .text          0x080001d0      0x378 d:/cmaketool/gnc-tools-arm-embedded/gcc-arm-none-eabi-10.3-2021.10/bin/../lib/gcc/arm-none-eabi/10.3.1/thumb/v7e-m+fp/hard\libgcc.a(_arm_addsubdf3.o)
                0x080001d0                __aeabi_drsub
                0x080001d8                __aeabi_dsub
                0x080001d8                __subdf3
                0x080001dc                __aeabi_dadd
                0x080001dc                __adddf3
                0x08000454                __floatunsidf
                0x08000454                __aeabi_ui2d
                0x08000474                __floatsidf
                0x08000474                __aeabi_i2d
                0x08000498                __aeabi_f2d
                0x08000498                __extendsfdf2
                0x080004dc                __floatundidf
                0x080004dc                __aeabi_ul2d
                0x080004ec                __floatdidf
                0x080004ec                __aeabi_l2d
 .text          0x08000548       0x50 d:/cmaketool/gnc-tools-arm-embedded/gcc-arm-none-eabi-10.3-2021.10/bin/../lib/gcc/arm-none-eabi/10.3.1/thumb/v7e-m+fp/hard\libgcc.a(_arm_fixdfsi.o)
                0x08000548                __aeabi_d2iz
                0x08000548                __fixdfsi
 .text          0x08000598       0x30 d:/cmaketool/gnc-tools-arm-embedded/gcc-arm-none-eabi-10.3-2021.10/bin/../lib/gcc/arm-none-eabi/10.3.1/thumb/v7e-m+fp/hard\libgcc.a(_aeabi_uldivmod.o)
                0x08000598                __aeabi_uldivmod
 .text          0x080005c8      0x2d0 d:/cmaketool/gnc-tools-arm-embedded/gcc-arm-none-eabi-10.3-2021.10/bin/../lib/gcc/arm-none-eabi/10.3.1/thumb/v7e-m+fp/hard\libgcc.a(_udivmoddi4.o)
                0x080005c8                __udivmoddi4
 .text          0x08000898        0x4 d:/cmaketool/gnc-tools-arm-embedded/gcc-arm-none-eabi-10.3-2021.10/bin/../lib/gcc/arm-none-eabi/10.3.1/thumb/v7e-m+fp/hard\libgcc.a(_dvmd_tls.o)
                0x08000898                __aeabi_idiv0
                0x08000898                __aeabi_ldiv0
 *(.text*)
 .text.DRV8303_EN_GATE_GPIO_Init
                0x0800089c       0x68 CMakeFiles/BLDCF407.elf.dir/Core/Src/bsp_DRV8303.c.obj
                0x0800089c                DRV8303_EN_GATE_GPIO_Init
 .text.DRV8303_EN_GATE1_HIGH
                0x08000904       0x14 CMakeFiles/BLDCF407.elf.dir/Core/Src/bsp_DRV8303.c.obj
                0x08000904                DRV8303_EN_GATE1_HIGH
 .text.DRV8303_EN_GATE2_HIGH
                0x08000918       0x14 CMakeFiles/BLDCF407.elf.dir/Core/Src/bsp_DRV8303.c.obj
                0x08000918                DRV8303_EN_GATE2_HIGH
 .text.DRV8303_WriteWord
                0x0800092c       0x58 CMakeFiles/BLDCF407.elf.dir/Core/Src/bsp_DRV8303.c.obj
                0x0800092c                DRV8303_WriteWord
 .text.DRV8303_Init
                0x08000984       0x44 CMakeFiles/BLDCF407.elf.dir/Core/Src/bsp_DRV8303.c.obj
                0x08000984                DRV8303_Init
 .text.Key_GPIO_Config
                0x080009c8       0xc8 CMakeFiles/BLDCF407.elf.dir/Core/Src/bsp_key.c.obj
                0x080009c8                Key_GPIO_Config
 .text.LED_GPIO_Config
                0x08000a90       0xc0 CMakeFiles/BLDCF407.elf.dir/Core/Src/bsp_led.c.obj
                0x08000a90                LED_GPIO_Config
 .text.TIM1_GPIO_Config
                0x08000b50      0x10c CMakeFiles/BLDCF407.elf.dir/Core/Src/bsp_motor_tim.c.obj
 .text.TIM1_Mode_Config
                0x08000c5c      0x104 CMakeFiles/BLDCF407.elf.dir/Core/Src/bsp_motor_tim.c.obj
 .text.TIMx_Configuration
                0x08000d60        0xc CMakeFiles/BLDCF407.elf.dir/Core/Src/bsp_motor_tim.c.obj
                0x08000d60                TIMx_Configuration
 .text.PWMC_SetPhaseVoltage
                0x08000d6c      0x1d4 CMakeFiles/BLDCF407.elf.dir/Core/Src/bsp_svpwm.c.obj
                0x08000d6c                PWMC_SetPhaseVoltage
 .text.HAL_TIM_PWM_PulseFinishedCallback
                0x08000f40       0xfc CMakeFiles/BLDCF407.elf.dir/Core/Src/bsp_svpwm.c.obj
                0x08000f40                HAL_TIM_PWM_PulseFinishedCallback
 .text.PushArr  0x0800103c       0x3c CMakeFiles/BLDCF407.elf.dir/Core/Src/bsp_usart.c.obj
                0x0800103c                PushArr
 .text.Error_Handler
                0x08001078        0x4 CMakeFiles/BLDCF407.elf.dir/Core/Src/main.c.obj
                0x08001078                Error_Handler
 .text.SystemClock_Config
                0x0800107c       0xec CMakeFiles/BLDCF407.elf.dir/Core/Src/main.c.obj
                0x0800107c                SystemClock_Config
 .text.main     0x08001168       0x30 CMakeFiles/BLDCF407.elf.dir/Core/Src/main.c.obj
                0x08001168                main
 .text.SPI1_GPIO_INIT
                0x08001198       0xd0 CMakeFiles/BLDCF407.elf.dir/Core/Src/spi.c.obj
                0x08001198                SPI1_GPIO_INIT
 .text.SPI3_GPIO_INIT
                0x08001268       0xd0 CMakeFiles/BLDCF407.elf.dir/Core/Src/spi.c.obj
                0x08001268                SPI3_GPIO_INIT
 .text.DRV8303_SPI1_Config
                0x08001338       0x68 CMakeFiles/BLDCF407.elf.dir/Core/Src/spi.c.obj
                0x08001338                DRV8303_SPI1_Config
 .text.DRV8303_SPI3_Config
                0x080013a0       0x68 CMakeFiles/BLDCF407.elf.dir/Core/Src/spi.c.obj
                0x080013a0                DRV8303_SPI3_Config
 .text.DRV8303_SPI_Init
                0x08001408       0x14 CMakeFiles/BLDCF407.elf.dir/Core/Src/spi.c.obj
                0x08001408                DRV8303_SPI_Init
 .text.SPI_Write_Read_Data
                0x0800141c       0x2e CMakeFiles/BLDCF407.elf.dir/Core/Src/spi.c.obj
                0x0800141c                SPI_Write_Read_Data
 *fill*         0x0800144a        0x2 
 .text.DRV8303_SPI_ReadWrite
                0x0800144c       0xb8 CMakeFiles/BLDCF407.elf.dir/Core/Src/spi.c.obj
                0x0800144c                DRV8303_SPI_ReadWrite
 .text.HAL_MspInit
                0x08001504       0x44 CMakeFiles/BLDCF407.elf.dir/Core/Src/stm32f4xx_hal_msp.c.obj
                0x08001504                HAL_MspInit
 .text.NMI_Handler
                0x08001548        0x2 CMakeFiles/BLDCF407.elf.dir/Core/Src/stm32f4xx_it.c.obj
                0x08001548                NMI_Handler
 .text.HardFault_Handler
                0x0800154a        0x2 CMakeFiles/BLDCF407.elf.dir/Core/Src/stm32f4xx_it.c.obj
                0x0800154a                HardFault_Handler
 .text.MemManage_Handler
                0x0800154c        0x2 CMakeFiles/BLDCF407.elf.dir/Core/Src/stm32f4xx_it.c.obj
                0x0800154c                MemManage_Handler
 .text.BusFault_Handler
                0x0800154e        0x2 CMakeFiles/BLDCF407.elf.dir/Core/Src/stm32f4xx_it.c.obj
                0x0800154e                BusFault_Handler
 .text.UsageFault_Handler
                0x08001550        0x2 CMakeFiles/BLDCF407.elf.dir/Core/Src/stm32f4xx_it.c.obj
                0x08001550                UsageFault_Handler
 .text.DebugMon_Handler
                0x08001552        0x2 CMakeFiles/BLDCF407.elf.dir/Core/Src/stm32f4xx_it.c.obj
                0x08001552                DebugMon_Handler
 .text.SysTick_Handler
                0x08001554       0x1a CMakeFiles/BLDCF407.elf.dir/Core/Src/stm32f4xx_it.c.obj
                0x08001554                SysTick_Handler
 *fill*         0x0800156e        0x2 
 .text.USART1_IRQHandler
                0x08001570       0x44 CMakeFiles/BLDCF407.elf.dir/Core/Src/stm32f4xx_it.c.obj
                0x08001570                USART1_IRQHandler
 .text.TIM1_CC_IRQHandler
                0x080015b4       0x10 CMakeFiles/BLDCF407.elf.dir/Core/Src/stm32f4xx_it.c.obj
                0x080015b4                TIM1_CC_IRQHandler
 .text.SystemInit
                0x080015c4       0x14 CMakeFiles/BLDCF407.elf.dir/Core/Src/system_stm32f4xx.c.obj
                0x080015c4                SystemInit
 .text.Reset_Handler
                0x080015d8       0x50 CMakeFiles/BLDCF407.elf.dir/Core/Startup/startup_stm32f407igtx.s.obj
                0x080015d8                Reset_Handler
 .text.Default_Handler
                0x08001628        0x2 CMakeFiles/BLDCF407.elf.dir/Core/Startup/startup_stm32f407igtx.s.obj
                0x08001628                RTC_Alarm_IRQHandler
                0x08001628                HASH_RNG_IRQHandler
                0x08001628                EXTI2_IRQHandler
                0x08001628                TIM8_CC_IRQHandler
                0x08001628                DMA2_Stream5_IRQHandler
                0x08001628                DMA1_Stream5_IRQHandler
                0x08001628                PVD_IRQHandler
                0x08001628                SDIO_IRQHandler
                0x08001628                TAMP_STAMP_IRQHandler
                0x08001628                CAN2_RX1_IRQHandler
                0x08001628                EXTI3_IRQHandler
                0x08001628                TIM8_TRG_COM_TIM14_IRQHandler
                0x08001628                TIM1_UP_TIM10_IRQHandler
                0x08001628                TIM8_UP_TIM13_IRQHandler
                0x08001628                I2C3_ER_IRQHandler
                0x08001628                EXTI0_IRQHandler
                0x08001628                I2C2_EV_IRQHandler
                0x08001628                DMA1_Stream2_IRQHandler
                0x08001628                CAN1_RX0_IRQHandler
                0x08001628                FPU_IRQHandler
                0x08001628                OTG_HS_WKUP_IRQHandler
                0x08001628                CAN2_SCE_IRQHandler
                0x08001628                DMA2_Stream2_IRQHandler
                0x08001628                SPI1_IRQHandler
                0x08001628                TIM6_DAC_IRQHandler
                0x08001628                TIM1_BRK_TIM9_IRQHandler
                0x08001628                DCMI_IRQHandler
                0x08001628                CAN2_RX0_IRQHandler
                0x08001628                DMA2_Stream3_IRQHandler
                0x08001628                USART6_IRQHandler
                0x08001628                USART3_IRQHandler
                0x08001628                CAN1_RX1_IRQHandler
                0x08001628                UART5_IRQHandler
                0x08001628                DMA2_Stream0_IRQHandler
                0x08001628                TIM4_IRQHandler
                0x08001628                I2C1_EV_IRQHandler
                0x08001628                DMA1_Stream6_IRQHandler
                0x08001628                DMA1_Stream1_IRQHandler
                0x08001628                UART4_IRQHandler
                0x08001628                TIM3_IRQHandler
                0x08001628                RCC_IRQHandler
                0x08001628                TIM8_BRK_TIM12_IRQHandler
                0x08001628                Default_Handler
                0x08001628                EXTI15_10_IRQHandler
                0x08001628                ADC_IRQHandler
                0x08001628                DMA1_Stream7_IRQHandler
                0x08001628                TIM7_IRQHandler
                0x08001628                CAN2_TX_IRQHandler
                0x08001628                TIM5_IRQHandler
                0x08001628                DMA2_Stream7_IRQHandler
                0x08001628                I2C3_EV_IRQHandler
                0x08001628                EXTI9_5_IRQHandler
                0x08001628                RTC_WKUP_IRQHandler
                0x08001628                ETH_WKUP_IRQHandler
                0x08001628                SPI2_IRQHandler
                0x08001628                OTG_HS_EP1_IN_IRQHandler
                0x08001628                DMA1_Stream0_IRQHandler
                0x08001628                CAN1_TX_IRQHandler
                0x08001628                EXTI4_IRQHandler
                0x08001628                FSMC_IRQHandler
                0x08001628                ETH_IRQHandler
                0x08001628                OTG_HS_EP1_OUT_IRQHandler
                0x08001628                WWDG_IRQHandler
                0x08001628                TIM2_IRQHandler
                0x08001628                OTG_FS_WKUP_IRQHandler
                0x08001628                TIM1_TRG_COM_TIM11_IRQHandler
                0x08001628                OTG_HS_IRQHandler
                0x08001628                EXTI1_IRQHandler
                0x08001628                USART2_IRQHandler
                0x08001628                I2C2_ER_IRQHandler
                0x08001628                DMA2_Stream1_IRQHandler
                0x08001628                CAN1_SCE_IRQHandler
                0x08001628                FLASH_IRQHandler
                0x08001628                DMA2_Stream4_IRQHandler
                0x08001628                OTG_FS_IRQHandler
                0x08001628                SPI3_IRQHandler
                0x08001628                DMA1_Stream4_IRQHandler
                0x08001628                I2C1_ER_IRQHandler
                0x08001628                DMA2_Stream6_IRQHandler
                0x08001628                DMA1_Stream3_IRQHandler
 *fill*         0x0800162a        0x2 
 .text.HAL_InitTick
                0x0800162c       0x4c CMakeFiles/BLDCF407.elf.dir/Drivers/STM32F4xx_HAL_Driver/Src/stm32f4xx_hal.c.obj
                0x0800162c                HAL_InitTick
 .text.HAL_Init
                0x08001678       0x34 CMakeFiles/BLDCF407.elf.dir/Drivers/STM32F4xx_HAL_Driver/Src/stm32f4xx_hal.c.obj
                0x08001678                HAL_Init
 .text.HAL_IncTick
                0x080016ac       0x18 CMakeFiles/BLDCF407.elf.dir/Drivers/STM32F4xx_HAL_Driver/Src/stm32f4xx_hal.c.obj
                0x080016ac                HAL_IncTick
 .text.HAL_GetTick
                0x080016c4        0xc CMakeFiles/BLDCF407.elf.dir/Drivers/STM32F4xx_HAL_Driver/Src/stm32f4xx_hal.c.obj
                0x080016c4                HAL_GetTick
 .text.HAL_Delay
                0x080016d0       0x28 CMakeFiles/BLDCF407.elf.dir/Drivers/STM32F4xx_HAL_Driver/Src/stm32f4xx_hal.c.obj
                0x080016d0                HAL_Delay
 .text.HAL_GetREVID
                0x080016f8        0xc CMakeFiles/BLDCF407.elf.dir/Drivers/STM32F4xx_HAL_Driver/Src/stm32f4xx_hal.c.obj
                0x080016f8                HAL_GetREVID
 .text.HAL_NVIC_SetPriorityGrouping
                0x08001704       0x24 CMakeFiles/BLDCF407.elf.dir/Drivers/STM32F4xx_HAL_Driver/Src/stm32f4xx_hal_cortex.c.obj
                0x08001704                HAL_NVIC_SetPriorityGrouping
 .text.HAL_NVIC_SetPriority
                0x08001728       0x70 CMakeFiles/BLDCF407.elf.dir/Drivers/STM32F4xx_HAL_Driver/Src/stm32f4xx_hal_cortex.c.obj
                0x08001728                HAL_NVIC_SetPriority
 .text.HAL_NVIC_EnableIRQ
                0x08001798       0x1c CMakeFiles/BLDCF407.elf.dir/Drivers/STM32F4xx_HAL_Driver/Src/stm32f4xx_hal_cortex.c.obj
                0x08001798                HAL_NVIC_EnableIRQ
 .text.HAL_SYSTICK_Config
                0x080017b4       0x28 CMakeFiles/BLDCF407.elf.dir/Drivers/STM32F4xx_HAL_Driver/Src/stm32f4xx_hal_cortex.c.obj
                0x080017b4                HAL_SYSTICK_Config
 .text.HAL_SYSTICK_CLKSourceConfig
                0x080017dc       0x20 CMakeFiles/BLDCF407.elf.dir/Drivers/STM32F4xx_HAL_Driver/Src/stm32f4xx_hal_cortex.c.obj
                0x080017dc                HAL_SYSTICK_CLKSourceConfig
 .text.HAL_SYSTICK_Callback
                0x080017fc        0x2 CMakeFiles/BLDCF407.elf.dir/Drivers/STM32F4xx_HAL_Driver/Src/stm32f4xx_hal_cortex.c.obj
                0x080017fc                HAL_SYSTICK_Callback
 .text.HAL_SYSTICK_IRQHandler
                0x080017fe        0x8 CMakeFiles/BLDCF407.elf.dir/Drivers/STM32F4xx_HAL_Driver/Src/stm32f4xx_hal_cortex.c.obj
                0x080017fe                HAL_SYSTICK_IRQHandler
 .text.HAL_DMA_Abort_IT
                0x08001806       0x26 CMakeFiles/BLDCF407.elf.dir/Drivers/STM32F4xx_HAL_Driver/Src/stm32f4xx_hal_dma.c.obj
                0x08001806                HAL_DMA_Abort_IT
 .text.HAL_GPIO_Init
                0x0800182c      0x1e4 CMakeFiles/BLDCF407.elf.dir/Drivers/STM32F4xx_HAL_Driver/Src/stm32f4xx_hal_gpio.c.obj
                0x0800182c                HAL_GPIO_Init
 .text.HAL_GPIO_WritePin
                0x08001a10        0xc CMakeFiles/BLDCF407.elf.dir/Drivers/STM32F4xx_HAL_Driver/Src/stm32f4xx_hal_gpio.c.obj
                0x08001a10                HAL_GPIO_WritePin
 .text.HAL_RCC_OscConfig
                0x08001a1c      0x3f8 CMakeFiles/BLDCF407.elf.dir/Drivers/STM32F4xx_HAL_Driver/Src/stm32f4xx_hal_rcc.c.obj
                0x08001a1c                HAL_RCC_OscConfig
 .text.HAL_RCC_GetSysClockFreq
                0x08001e14       0xd4 CMakeFiles/BLDCF407.elf.dir/Drivers/STM32F4xx_HAL_Driver/Src/stm32f4xx_hal_rcc.c.obj
                0x08001e14                HAL_RCC_GetSysClockFreq
 .text.HAL_RCC_ClockConfig
                0x08001ee8      0x160 CMakeFiles/BLDCF407.elf.dir/Drivers/STM32F4xx_HAL_Driver/Src/stm32f4xx_hal_rcc.c.obj
                0x08001ee8                HAL_RCC_ClockConfig
 .text.HAL_RCC_GetHCLKFreq
                0x08002048        0xc CMakeFiles/BLDCF407.elf.dir/Drivers/STM32F4xx_HAL_Driver/Src/stm32f4xx_hal_rcc.c.obj
                0x08002048                HAL_RCC_GetHCLKFreq
 .text.HAL_SPI_MspInit
                0x08002054        0x2 CMakeFiles/BLDCF407.elf.dir/Drivers/STM32F4xx_HAL_Driver/Src/stm32f4xx_hal_spi.c.obj
                0x08002054                HAL_SPI_MspInit
 .text.HAL_SPI_Init
                0x08002056       0xbe CMakeFiles/BLDCF407.elf.dir/Drivers/STM32F4xx_HAL_Driver/Src/stm32f4xx_hal_spi.c.obj
                0x08002056                HAL_SPI_Init
 .text.SPI_I2S_SendData
                0x08002114        0x4 CMakeFiles/BLDCF407.elf.dir/Drivers/STM32F4xx_HAL_Driver/Src/stm32f4xx_hal_spi.c.obj
                0x08002114                SPI_I2S_SendData
 .text.SPI_I2S_ReceiveData
                0x08002118        0x6 CMakeFiles/BLDCF407.elf.dir/Drivers/STM32F4xx_HAL_Driver/Src/stm32f4xx_hal_spi.c.obj
                0x08002118                SPI_I2S_ReceiveData
 .text.SPI_GetFlagStatus
                0x0800211e        0xe CMakeFiles/BLDCF407.elf.dir/Drivers/STM32F4xx_HAL_Driver/Src/stm32f4xx_hal_spi.c.obj
                0x0800211e                SPI_GetFlagStatus
 .text.TIM_OC1_SetConfig
                0x0800212c       0x68 CMakeFiles/BLDCF407.elf.dir/Drivers/STM32F4xx_HAL_Driver/Src/stm32f4xx_hal_tim.c.obj
 .text.TIM_OC3_SetConfig
                0x08002194       0x70 CMakeFiles/BLDCF407.elf.dir/Drivers/STM32F4xx_HAL_Driver/Src/stm32f4xx_hal_tim.c.obj
 .text.TIM_OC4_SetConfig
                0x08002204       0x50 CMakeFiles/BLDCF407.elf.dir/Drivers/STM32F4xx_HAL_Driver/Src/stm32f4xx_hal_tim.c.obj
 .text.TIM_TI1_ConfigInputStage
                0x08002254       0x26 CMakeFiles/BLDCF407.elf.dir/Drivers/STM32F4xx_HAL_Driver/Src/stm32f4xx_hal_tim.c.obj
 .text.TIM_TI2_ConfigInputStage
                0x0800227a       0x28 CMakeFiles/BLDCF407.elf.dir/Drivers/STM32F4xx_HAL_Driver/Src/stm32f4xx_hal_tim.c.obj
 .text.TIM_ITRx_SetConfig
                0x080022a2       0x10 CMakeFiles/BLDCF407.elf.dir/Drivers/STM32F4xx_HAL_Driver/Src/stm32f4xx_hal_tim.c.obj
 .text.HAL_TIM_PWM_MspInit
                0x080022b2        0x2 CMakeFiles/BLDCF407.elf.dir/Drivers/STM32F4xx_HAL_Driver/Src/stm32f4xx_hal_tim.c.obj
                0x080022b2                HAL_TIM_PWM_MspInit
 .text.HAL_TIM_PeriodElapsedCallback
                0x080022b4        0x2 CMakeFiles/BLDCF407.elf.dir/Drivers/STM32F4xx_HAL_Driver/Src/stm32f4xx_hal_tim.c.obj
                0x080022b4                HAL_TIM_PeriodElapsedCallback
 .text.HAL_TIM_OC_DelayElapsedCallback
                0x080022b6        0x2 CMakeFiles/BLDCF407.elf.dir/Drivers/STM32F4xx_HAL_Driver/Src/stm32f4xx_hal_tim.c.obj
                0x080022b6                HAL_TIM_OC_DelayElapsedCallback
 .text.HAL_TIM_IC_CaptureCallback
                0x080022b8        0x2 CMakeFiles/BLDCF407.elf.dir/Drivers/STM32F4xx_HAL_Driver/Src/stm32f4xx_hal_tim.c.obj
                0x080022b8                HAL_TIM_IC_CaptureCallback
 .text.HAL_TIM_TriggerCallback
                0x080022ba        0x2 CMakeFiles/BLDCF407.elf.dir/Drivers/STM32F4xx_HAL_Driver/Src/stm32f4xx_hal_tim.c.obj
                0x080022ba                HAL_TIM_TriggerCallback
 .text.HAL_TIM_IRQHandler
                0x080022bc      0x17a CMakeFiles/BLDCF407.elf.dir/Drivers/STM32F4xx_HAL_Driver/Src/stm32f4xx_hal_tim.c.obj
                0x080022bc                HAL_TIM_IRQHandler
 *fill*         0x08002436        0x2 
 .text.TIM_Base_SetConfig
                0x08002438       0xc8 CMakeFiles/BLDCF407.elf.dir/Drivers/STM32F4xx_HAL_Driver/Src/stm32f4xx_hal_tim.c.obj
                0x08002438                TIM_Base_SetConfig
 .text.HAL_TIM_PWM_Init
                0x08002500       0x58 CMakeFiles/BLDCF407.elf.dir/Drivers/STM32F4xx_HAL_Driver/Src/stm32f4xx_hal_tim.c.obj
                0x08002500                HAL_TIM_PWM_Init
 .text.TIM_OC2_SetConfig
                0x08002558       0x70 CMakeFiles/BLDCF407.elf.dir/Drivers/STM32F4xx_HAL_Driver/Src/stm32f4xx_hal_tim.c.obj
                0x08002558                TIM_OC2_SetConfig
 .text.HAL_TIM_PWM_ConfigChannel
                0x080025c8       0xdc CMakeFiles/BLDCF407.elf.dir/Drivers/STM32F4xx_HAL_Driver/Src/stm32f4xx_hal_tim.c.obj
                0x080025c8                HAL_TIM_PWM_ConfigChannel
 .text.TIM_ETR_SetConfig
                0x080026a4       0x1a CMakeFiles/BLDCF407.elf.dir/Drivers/STM32F4xx_HAL_Driver/Src/stm32f4xx_hal_tim.c.obj
                0x080026a4                TIM_ETR_SetConfig
 .text.HAL_TIM_ConfigClockSource
                0x080026be       0xfe CMakeFiles/BLDCF407.elf.dir/Drivers/STM32F4xx_HAL_Driver/Src/stm32f4xx_hal_tim.c.obj
                0x080026be                HAL_TIM_ConfigClockSource
 .text.TIM_CCxChannelCmd
                0x080027bc       0x1e CMakeFiles/BLDCF407.elf.dir/Drivers/STM32F4xx_HAL_Driver/Src/stm32f4xx_hal_tim.c.obj
                0x080027bc                TIM_CCxChannelCmd
 *fill*         0x080027da        0x2 
 .text.HAL_TIM_PWM_Start
                0x080027dc      0x104 CMakeFiles/BLDCF407.elf.dir/Drivers/STM32F4xx_HAL_Driver/Src/stm32f4xx_hal_tim.c.obj
                0x080027dc                HAL_TIM_PWM_Start
 .text.TIM_CCxNChannelCmd
                0x080028e0       0x1e CMakeFiles/BLDCF407.elf.dir/Drivers/STM32F4xx_HAL_Driver/Src/stm32f4xx_hal_tim_ex.c.obj
 *fill*         0x080028fe        0x2 
 .text.HAL_TIMEx_PWMN_Start
                0x08002900       0xf8 CMakeFiles/BLDCF407.elf.dir/Drivers/STM32F4xx_HAL_Driver/Src/stm32f4xx_hal_tim_ex.c.obj
                0x08002900                HAL_TIMEx_PWMN_Start
 .text.HAL_TIMEx_MasterConfigSynchronization
                0x080029f8       0x8c CMakeFiles/BLDCF407.elf.dir/Drivers/STM32F4xx_HAL_Driver/Src/stm32f4xx_hal_tim_ex.c.obj
                0x080029f8                HAL_TIMEx_MasterConfigSynchronization
 .text.HAL_TIMEx_ConfigBreakDeadTime
                0x08002a84       0x52 CMakeFiles/BLDCF407.elf.dir/Drivers/STM32F4xx_HAL_Driver/Src/stm32f4xx_hal_tim_ex.c.obj
                0x08002a84                HAL_TIMEx_ConfigBreakDeadTime
 .text.HAL_TIMEx_CommutCallback
                0x08002ad6        0x2 CMakeFiles/BLDCF407.elf.dir/Drivers/STM32F4xx_HAL_Driver/Src/stm32f4xx_hal_tim_ex.c.obj
                0x08002ad6                HAL_TIMEx_CommutCallback
 .text.HAL_TIMEx_BreakCallback
                0x08002ad8        0x2 CMakeFiles/BLDCF407.elf.dir/Drivers/STM32F4xx_HAL_Driver/Src/stm32f4xx_hal_tim_ex.c.obj
                0x08002ad8                HAL_TIMEx_BreakCallback
 .text.UART_EndRxTransfer
                0x08002ada       0x1c CMakeFiles/BLDCF407.elf.dir/Drivers/STM32F4xx_HAL_Driver/Src/stm32f4xx_hal_uart.c.obj
 .text.UART_Transmit_IT
                0x08002af6       0x66 CMakeFiles/BLDCF407.elf.dir/Drivers/STM32F4xx_HAL_Driver/Src/stm32f4xx_hal_uart.c.obj
 .text.HAL_UART_TxCpltCallback
                0x08002b5c        0x2 CMakeFiles/BLDCF407.elf.dir/Drivers/STM32F4xx_HAL_Driver/Src/stm32f4xx_hal_uart.c.obj
                0x08002b5c                HAL_UART_TxCpltCallback
 .text.UART_EndTransmit_IT
                0x08002b5e       0x1a CMakeFiles/BLDCF407.elf.dir/Drivers/STM32F4xx_HAL_Driver/Src/stm32f4xx_hal_uart.c.obj
 .text.HAL_UART_RxCpltCallback
                0x08002b78        0x2 CMakeFiles/BLDCF407.elf.dir/Drivers/STM32F4xx_HAL_Driver/Src/stm32f4xx_hal_uart.c.obj
                0x08002b78                HAL_UART_RxCpltCallback
 .text.UART_Receive_IT
                0x08002b7a       0x9e CMakeFiles/BLDCF407.elf.dir/Drivers/STM32F4xx_HAL_Driver/Src/stm32f4xx_hal_uart.c.obj
 .text.HAL_UART_ErrorCallback
                0x08002c18        0x2 CMakeFiles/BLDCF407.elf.dir/Drivers/STM32F4xx_HAL_Driver/Src/stm32f4xx_hal_uart.c.obj
                0x08002c18                HAL_UART_ErrorCallback
 *fill*         0x08002c1a        0x2 
 .text.HAL_UART_IRQHandler
                0x08002c1c      0x120 CMakeFiles/BLDCF407.elf.dir/Drivers/STM32F4xx_HAL_Driver/Src/stm32f4xx_hal_uart.c.obj
                0x08002c1c                HAL_UART_IRQHandler
 .text.UART_DMAAbortOnError
                0x08002d3c       0x10 CMakeFiles/BLDCF407.elf.dir/Drivers/STM32F4xx_HAL_Driver/Src/stm32f4xx_hal_uart.c.obj
 .text.vListInsertEnd
                0x08002d4c       0x16 CMakeFiles/BLDCF407.elf.dir/Middlewares/Third_Party/FreeRTOS/Source/list.c.obj
                0x08002d4c                vListInsertEnd
 .text.uxListRemove
                0x08002d62       0x26 CMakeFiles/BLDCF407.elf.dir/Middlewares/Third_Party/FreeRTOS/Source/list.c.obj
                0x08002d62                uxListRemove
 *fill*         0x08002d88        0x8 
 .text.SVC_Handler
                0x08002d90       0x24 CMakeFiles/BLDCF407.elf.dir/Middlewares/Third_Party/FreeRTOS/Source/portable/GCC/ARM_CM4F/port.c.obj
                0x08002d90                SVC_Handler
 *fill*         0x08002db4        0xc 
 .text.PendSV_Handler
                0x08002dc0       0x64 CMakeFiles/BLDCF407.elf.dir/Middlewares/Third_Party/FreeRTOS/Source/portable/GCC/ARM_CM4F/port.c.obj
                0x08002dc0                PendSV_Handler
 .text.xPortSysTickHandler
                0x08002e24       0x2c CMakeFiles/BLDCF407.elf.dir/Middlewares/Third_Party/FreeRTOS/Source/portable/GCC/ARM_CM4F/port.c.obj
                0x08002e24                xPortSysTickHandler
 .text.prvResetNextTaskUnblockTime
                0x08002e50       0x2c CMakeFiles/BLDCF407.elf.dir/Middlewares/Third_Party/FreeRTOS/Source/tasks.c.obj
 .text.xTaskIncrementTick
                0x08002e7c      0x118 CMakeFiles/BLDCF407.elf.dir/Middlewares/Third_Party/FreeRTOS/Source/tasks.c.obj
                0x08002e7c                xTaskIncrementTick
 .text.vTaskSwitchContext
                0x08002f94       0x98 CMakeFiles/BLDCF407.elf.dir/Middlewares/Third_Party/FreeRTOS/Source/tasks.c.obj
                0x08002f94                vTaskSwitchContext
 .text.xTaskGetSchedulerState
                0x0800302c       0x20 CMakeFiles/BLDCF407.elf.dir/Middlewares/Third_Party/FreeRTOS/Source/tasks.c.obj
                0x0800302c                xTaskGetSchedulerState
 .text.__libc_init_array
                0x0800304c       0x48 d:/cmaketool/gnc-tools-arm-embedded/gcc-arm-none-eabi-10.3-2021.10/bin/../lib/gcc/arm-none-eabi/10.3.1/../../../../arm-none-eabi/lib/thumb/v7e-m+fp/hard\libg.a(lib_a-init.o)
                0x0800304c                __libc_init_array
 .text.memset   0x08003094       0xa4 d:/cmaketool/gnc-tools-arm-embedded/gcc-arm-none-eabi-10.3-2021.10/bin/../lib/gcc/arm-none-eabi/10.3.1/../../../../arm-none-eabi/lib/thumb/v7e-m+fp/hard\libg.a(lib_a-memset.o)
                0x08003094                memset
 .text.startup.register_fini
                0x08003138       0x14 d:/cmaketool/gnc-tools-arm-embedded/gcc-arm-none-eabi-10.3-2021.10/bin/../lib/gcc/arm-none-eabi/10.3.1/../../../../arm-none-eabi/lib/thumb/v7e-m+fp/hard\libg.a(lib_a-__call_atexit.o)
 .text.atexit   0x0800314c        0xc d:/cmaketool/gnc-tools-arm-embedded/gcc-arm-none-eabi-10.3-2021.10/bin/../lib/gcc/arm-none-eabi/10.3.1/../../../../arm-none-eabi/lib/thumb/v7e-m+fp/hard\libg.a(lib_a-atexit.o)
                0x0800314c                atexit
 .text.__libc_fini_array
                0x08003158       0x2c d:/cmaketool/gnc-tools-arm-embedded/gcc-arm-none-eabi-10.3-2021.10/bin/../lib/gcc/arm-none-eabi/10.3.1/../../../../arm-none-eabi/lib/thumb/v7e-m+fp/hard\libg.a(lib_a-fini.o)
                0x08003158                __libc_fini_array
 .text.__retarget_lock_acquire_recursive
                0x08003184        0x4 d:/cmaketool/gnc-tools-arm-embedded/gcc-arm-none-eabi-10.3-2021.10/bin/../lib/gcc/arm-none-eabi/10.3.1/../../../../arm-none-eabi/lib/thumb/v7e-m+fp/hard\libg.a(lib_a-lock.o)
                0x08003184                __retarget_lock_acquire_recursive
 .text.__retarget_lock_release_recursive
                0x08003188        0x4 d:/cmaketool/gnc-tools-arm-embedded/gcc-arm-none-eabi-10.3-2021.10/bin/../lib/gcc/arm-none-eabi/10.3.1/../../../../arm-none-eabi/lib/thumb/v7e-m+fp/hard\libg.a(lib_a-lock.o)
                0x08003188                __retarget_lock_release_recursive
 .text.__register_exitproc
                0x0800318c       0x8c d:/cmaketool/gnc-tools-arm-embedded/gcc-arm-none-eabi-10.3-2021.10/bin/../lib/gcc/arm-none-eabi/10.3.1/../../../../arm-none-eabi/lib/thumb/v7e-m+fp/hard\libg.a(lib_a-__atexit.o)
                0x0800318c                __register_exitproc
 *(.glue_7)
 .glue_7        0x08003218        0x0 linker stubs
 *(.glue_7t)
 .glue_7t       0x08003218        0x0 linker stubs
 *(.eh_frame)
 .eh_frame      0x08003218        0x0 d:/cmaketool/gnc-tools-arm-embedded/gcc-arm-none-eabi-10.3-2021.10/bin/../lib/gcc/arm-none-eabi/10.3.1/thumb/v7e-m+fp/hard/crtbegin.o
 *(.init)
 .init          0x08003218        0x4 d:/cmaketool/gnc-tools-arm-embedded/gcc-arm-none-eabi-10.3-2021.10/bin/../lib/gcc/arm-none-eabi/10.3.1/thumb/v7e-m+fp/hard/crti.o
                0x08003218                _init
 .init          0x0800321c        0x8 d:/cmaketool/gnc-tools-arm-embedded/gcc-arm-none-eabi-10.3-2021.10/bin/../lib/gcc/arm-none-eabi/10.3.1/thumb/v7e-m+fp/hard/crtn.o
 *(.fini)
 .fini          0x08003224        0x4 d:/cmaketool/gnc-tools-arm-embedded/gcc-arm-none-eabi-10.3-2021.10/bin/../lib/gcc/arm-none-eabi/10.3.1/thumb/v7e-m+fp/hard/crti.o
                0x08003224                _fini
 .fini          0x08003228        0x8 d:/cmaketool/gnc-tools-arm-embedded/gcc-arm-none-eabi-10.3-2021.10/bin/../lib/gcc/arm-none-eabi/10.3.1/thumb/v7e-m+fp/hard/crtn.o
                0x08003230                . = ALIGN (0x4)
                0x08003230                _etext = .

.vfp11_veneer   0x08003230        0x0
 .vfp11_veneer  0x08003230        0x0 linker stubs

.v4_bx          0x08003230        0x0
 .v4_bx         0x08003230        0x0 linker stubs

.iplt           0x08003230        0x0
 .iplt          0x08003230        0x0 d:/cmaketool/gnc-tools-arm-embedded/gcc-arm-none-eabi-10.3-2021.10/bin/../lib/gcc/arm-none-eabi/10.3.1/thumb/v7e-m+fp/hard/crtbegin.o

.rodata         0x08003230      0x214
                0x08003230                . = ALIGN (0x4)
 *(.rodata)
 *(.rodata*)
 .rodata.hSin_Cos_Table
                0x08003230      0x200 CMakeFiles/BLDCF407.elf.dir/Core/Src/bsp_svpwm.c.obj
                0x08003230                hSin_Cos_Table
 .rodata.AHBPrescTable
                0x08003430       0x10 CMakeFiles/BLDCF407.elf.dir/Core/Src/system_stm32f4xx.c.obj
                0x08003430                AHBPrescTable
 .rodata._global_impure_ptr
                0x08003440        0x4 d:/cmaketool/gnc-tools-arm-embedded/gcc-arm-none-eabi-10.3-2021.10/bin/../lib/gcc/arm-none-eabi/10.3.1/../../../../arm-none-eabi/lib/thumb/v7e-m+fp/hard\libg.a(lib_a-impure.o)
                0x08003440                _global_impure_ptr
                0x08003444                . = ALIGN (0x4)

.ARM.extab      0x08003444        0x0
                0x08003444                . = ALIGN (0x4)
 *(.ARM.extab* .gnu.linkonce.armextab.*)
                0x08003444                . = ALIGN (0x4)

.ARM            0x08003444        0x8
                0x08003444                . = ALIGN (0x4)
                0x08003444                __exidx_start = .
 *(.ARM.exidx*)
 .ARM.exidx     0x08003444        0x8 d:/cmaketool/gnc-tools-arm-embedded/gcc-arm-none-eabi-10.3-2021.10/bin/../lib/gcc/arm-none-eabi/10.3.1/thumb/v7e-m+fp/hard\libgcc.a(_udivmoddi4.o)
                0x0800344c                __exidx_end = .
                0x0800344c                . = ALIGN (0x4)

.rel.dyn        0x0800344c        0x0
 .rel.iplt      0x0800344c        0x0 d:/cmaketool/gnc-tools-arm-embedded/gcc-arm-none-eabi-10.3-2021.10/bin/../lib/gcc/arm-none-eabi/10.3.1/thumb/v7e-m+fp/hard/crtbegin.o

.preinit_array  0x0800344c        0x0
                0x0800344c                . = ALIGN (0x4)
                0x0800344c                PROVIDE (__preinit_array_start = .)
 *(.preinit_array*)
                0x0800344c                PROVIDE (__preinit_array_end = .)
                0x0800344c                . = ALIGN (0x4)

.init_array     0x0800344c        0x8
                0x0800344c                . = ALIGN (0x4)
                0x0800344c                PROVIDE (__init_array_start = .)
 *(SORT_BY_NAME(.init_array.*))
 .init_array.00000
                0x0800344c        0x4 d:/cmaketool/gnc-tools-arm-embedded/gcc-arm-none-eabi-10.3-2021.10/bin/../lib/gcc/arm-none-eabi/10.3.1/../../../../arm-none-eabi/lib/thumb/v7e-m+fp/hard\libg.a(lib_a-__call_atexit.o)
 *(.init_array*)
 .init_array    0x08003450        0x4 d:/cmaketool/gnc-tools-arm-embedded/gcc-arm-none-eabi-10.3-2021.10/bin/../lib/gcc/arm-none-eabi/10.3.1/thumb/v7e-m+fp/hard/crtbegin.o
                0x08003454                PROVIDE (__init_array_end = .)
                0x08003454                . = ALIGN (0x4)

.fini_array     0x08003454        0x4
                0x08003454                . = ALIGN (0x4)
                0x08003454                PROVIDE (__fini_array_start = .)
 *(SORT_BY_NAME(.fini_array.*))
 *(.fini_array*)
 .fini_array    0x08003454        0x4 d:/cmaketool/gnc-tools-arm-embedded/gcc-arm-none-eabi-10.3-2021.10/bin/../lib/gcc/arm-none-eabi/10.3.1/thumb/v7e-m+fp/hard/crtbegin.o
                0x08003458                PROVIDE (__fini_array_end = .)
                0x08003458                . = ALIGN (0x4)
                0x08003458                _sidata = LOADADDR (.data)

.data           0x20000000      0x43c load address 0x08003458
                0x20000000                . = ALIGN (0x4)
                0x20000000                _sdata = .
 *(.data)
 *(.data*)
 .data.SystemCoreClock
                0x20000000        0x4 CMakeFiles/BLDCF407.elf.dir/Core/Src/system_stm32f4xx.c.obj
                0x20000000                SystemCoreClock
 .data.uwTickFreq
                0x20000004        0x1 CMakeFiles/BLDCF407.elf.dir/Drivers/STM32F4xx_HAL_Driver/Src/stm32f4xx_hal.c.obj
                0x20000004                uwTickFreq
 *fill*         0x20000005        0x3 
 .data.uwTickPrio
                0x20000008        0x4 CMakeFiles/BLDCF407.elf.dir/Drivers/STM32F4xx_HAL_Driver/Src/stm32f4xx_hal.c.obj
                0x20000008                uwTickPrio
 *fill*         0x2000000c        0x4 
 .data.impure_data
                0x20000010      0x428 d:/cmaketool/gnc-tools-arm-embedded/gcc-arm-none-eabi-10.3-2021.10/bin/../lib/gcc/arm-none-eabi/10.3.1/../../../../arm-none-eabi/lib/thumb/v7e-m+fp/hard\libg.a(lib_a-impure.o)
 .data.__atexit_recursive_mutex
                0x20000438        0x4 d:/cmaketool/gnc-tools-arm-embedded/gcc-arm-none-eabi-10.3-2021.10/bin/../lib/gcc/arm-none-eabi/10.3.1/../../../../arm-none-eabi/lib/thumb/v7e-m+fp/hard\libg.a(lib_a-__call_atexit.o)
                0x20000438                __atexit_recursive_mutex
 *(.RamFunc)
 *(.RamFunc*)
                0x2000043c                . = ALIGN (0x4)
                0x2000043c                _edata = .
                0x08003894                _siccmram = LOADADDR (.ccmram)

.igot.plt       0x2000043c        0x0 load address 0x08003894
 .igot.plt      0x2000043c        0x0 d:/cmaketool/gnc-tools-arm-embedded/gcc-arm-none-eabi-10.3-2021.10/bin/../lib/gcc/arm-none-eabi/10.3.1/thumb/v7e-m+fp/hard/crtbegin.o

.ccmram         0x10000000        0x0 load address 0x08003894
                0x10000000                . = ALIGN (0x4)
                0x10000000                _sccmram = .
 *(.ccmram)
 *(.ccmram*)
                0x10000000                . = ALIGN (0x4)
                0x10000000                _eccmram = .
                0x10000000                . = ALIGN (0x4)

.bss            0x2000043c      0x300
                0x2000043c                _sbss = .
                0x2000043c                __bss_start__ = _sbss
 *(.bss)
 .bss           0x2000043c       0x1c d:/cmaketool/gnc-tools-arm-embedded/gcc-arm-none-eabi-10.3-2021.10/bin/../lib/gcc/arm-none-eabi/10.3.1/thumb/v7e-m+fp/hard/crtbegin.o
 *(.bss*)
 .bss.ReadReg   0x20000458        0x2 CMakeFiles/BLDCF407.elf.dir/Core/Src/bsp_DRV8303.c.obj
                0x20000458                ReadReg
 .bss.SPI_WRITE_MODE1
                0x2000045a        0x2 CMakeFiles/BLDCF407.elf.dir/Core/Src/bsp_DRV8303.c.obj
                0x2000045a                SPI_WRITE_MODE1
 .bss.SPI_WRITE_MODE2
                0x2000045c        0x2 CMakeFiles/BLDCF407.elf.dir/Core/Src/bsp_DRV8303.c.obj
                0x2000045c                SPI_WRITE_MODE2
 *fill*         0x2000045e        0x2 
 .bss.MOTOR1_BreakDeadTimeConfig
                0x20000460       0x20 CMakeFiles/BLDCF407.elf.dir/Core/Src/bsp_motor_tim.c.obj
                0x20000460                MOTOR1_BreakDeadTimeConfig
 .bss.MOTOR1_ClockSourceConfig
                0x20000480       0x10 CMakeFiles/BLDCF407.elf.dir/Core/Src/bsp_motor_tim.c.obj
                0x20000480                MOTOR1_ClockSourceConfig
 .bss.MOTOR1_MasterConfig
                0x20000490        0x8 CMakeFiles/BLDCF407.elf.dir/Core/Src/bsp_motor_tim.c.obj
                0x20000490                MOTOR1_MasterConfig
 .bss.MOTOR1_TIM_OCInitStructure
                0x20000498       0x1c CMakeFiles/BLDCF407.elf.dir/Core/Src/bsp_motor_tim.c.obj
                0x20000498                MOTOR1_TIM_OCInitStructure
 .bss.motor1_htimx_bldcm
                0x200004b4       0x48 CMakeFiles/BLDCF407.elf.dir/Core/Src/bsp_motor_tim.c.obj
                0x200004b4                motor1_htimx_bldcm
 .bss.DTheta    0x200004fc        0x2 CMakeFiles/BLDCF407.elf.dir/Core/Src/bsp_svpwm.c.obj
                0x200004fc                DTheta
 *fill*         0x200004fe        0x2 
 .bss.PWM_Channel
                0x20000500        0x6 CMakeFiles/BLDCF407.elf.dir/Core/Src/bsp_svpwm.c.obj
                0x20000500                PWM_Channel
 *fill*         0x20000506        0x2 
 .bss.UartHandle
                0x20000508       0x40 CMakeFiles/BLDCF407.elf.dir/Core/Src/bsp_usart.c.obj
                0x20000508                UartHandle
 .bss.data_buff
                0x20000548       0x80 CMakeFiles/BLDCF407.elf.dir/Core/Src/bsp_usart.c.obj
                0x20000548                data_buff
 .bss.rd_p      0x200005c8        0x1 CMakeFiles/BLDCF407.elf.dir/Core/Src/bsp_usart.c.obj
                0x200005c8                rd_p
 .bss.wr_p      0x200005c9        0x1 CMakeFiles/BLDCF407.elf.dir/Core/Src/bsp_usart.c.obj
                0x200005c9                wr_p
 *fill*         0x200005ca        0x2 
 .bss.hspi1     0x200005cc       0x58 CMakeFiles/BLDCF407.elf.dir/Core/Src/spi.c.obj
                0x200005cc                hspi1
 .bss.hspi3     0x20000624       0x58 CMakeFiles/BLDCF407.elf.dir/Core/Src/spi.c.obj
                0x20000624                hspi3
 .bss.uwTick    0x2000067c        0x4 CMakeFiles/BLDCF407.elf.dir/Drivers/STM32F4xx_HAL_Driver/Src/stm32f4xx_hal.c.obj
                0x2000067c                uwTick
 .bss.pxCurrentTCB
                0x20000680        0x4 CMakeFiles/BLDCF407.elf.dir/Middlewares/Third_Party/FreeRTOS/Source/tasks.c.obj
                0x20000680                pxCurrentTCB
 .bss.pxDelayedTaskList
                0x20000684        0x4 CMakeFiles/BLDCF407.elf.dir/Middlewares/Third_Party/FreeRTOS/Source/tasks.c.obj
 .bss.pxOverflowDelayedTaskList
                0x20000688        0x4 CMakeFiles/BLDCF407.elf.dir/Middlewares/Third_Party/FreeRTOS/Source/tasks.c.obj
 .bss.pxReadyTasksLists
                0x2000068c       0x8c CMakeFiles/BLDCF407.elf.dir/Middlewares/Third_Party/FreeRTOS/Source/tasks.c.obj
 .bss.uxSchedulerSuspended
                0x20000718        0x4 CMakeFiles/BLDCF407.elf.dir/Middlewares/Third_Party/FreeRTOS/Source/tasks.c.obj
 .bss.uxTopReadyPriority
                0x2000071c        0x4 CMakeFiles/BLDCF407.elf.dir/Middlewares/Third_Party/FreeRTOS/Source/tasks.c.obj
 .bss.xNextTaskUnblockTime
                0x20000720        0x4 CMakeFiles/BLDCF407.elf.dir/Middlewares/Third_Party/FreeRTOS/Source/tasks.c.obj
 .bss.xNumOfOverflows
                0x20000724        0x4 CMakeFiles/BLDCF407.elf.dir/Middlewares/Third_Party/FreeRTOS/Source/tasks.c.obj
 .bss.xPendedTicks
                0x20000728        0x4 CMakeFiles/BLDCF407.elf.dir/Middlewares/Third_Party/FreeRTOS/Source/tasks.c.obj
 .bss.xSchedulerRunning
                0x2000072c        0x4 CMakeFiles/BLDCF407.elf.dir/Middlewares/Third_Party/FreeRTOS/Source/tasks.c.obj
 .bss.xTickCount
                0x20000730        0x4 CMakeFiles/BLDCF407.elf.dir/Middlewares/Third_Party/FreeRTOS/Source/tasks.c.obj
 .bss.xYieldPending
                0x20000734        0x4 CMakeFiles/BLDCF407.elf.dir/Middlewares/Third_Party/FreeRTOS/Source/tasks.c.obj
 .bss.__lock___atexit_recursive_mutex
                0x20000738        0x1 d:/cmaketool/gnc-tools-arm-embedded/gcc-arm-none-eabi-10.3-2021.10/bin/../lib/gcc/arm-none-eabi/10.3.1/../../../../arm-none-eabi/lib/thumb/v7e-m+fp/hard\libg.a(lib_a-lock.o)
                0x20000738                __lock___atexit_recursive_mutex
 *(COMMON)
                0x2000073c                . = ALIGN (0x4)
 *fill*         0x20000739        0x3 
                0x2000073c                _ebss = .
                0x2000073c                __bss_end__ = _ebss

._user_heap_stack
                0x2000073c      0x604
                0x20000740                . = ALIGN (0x8)
 *fill*         0x2000073c        0x4 
                [!provide]                PROVIDE (end = .)
                0x20000740                PROVIDE (_end = .)
                0x20000940                . = (. + _Min_Heap_Size)
 *fill*         0x20000740      0x200 
                0x20000d40                . = (. + _Min_Stack_Size)
 *fill*         0x20000940      0x400 
                0x20000d40                . = ALIGN (0x8)

/DISCARD/
 libc.a(*)
 libm.a(*)
 libgcc.a(*)

.ARM.attributes
                0x00000000       0x30
 *(.ARM.attributes)
 .ARM.attributes
                0x00000000       0x1e d:/cmaketool/gnc-tools-arm-embedded/gcc-arm-none-eabi-10.3-2021.10/bin/../lib/gcc/arm-none-eabi/10.3.1/thumb/v7e-m+fp/hard/crti.o
 .ARM.attributes
                0x0000001e       0x34 d:/cmaketool/gnc-tools-arm-embedded/gcc-arm-none-eabi-10.3-2021.10/bin/../lib/gcc/arm-none-eabi/10.3.1/thumb/v7e-m+fp/hard/crtbegin.o
 .ARM.attributes
                0x00000052       0x34 CMakeFiles/BLDCF407.elf.dir/Core/Src/bsp_DRV8303.c.obj
 .ARM.attributes
                0x00000086       0x34 CMakeFiles/BLDCF407.elf.dir/Core/Src/bsp_key.c.obj
 .ARM.attributes
                0x000000ba       0x34 CMakeFiles/BLDCF407.elf.dir/Core/Src/bsp_led.c.obj
 .ARM.attributes
                0x000000ee       0x34 CMakeFiles/BLDCF407.elf.dir/Core/Src/bsp_motor_tim.c.obj
 .ARM.attributes
                0x00000122       0x34 CMakeFiles/BLDCF407.elf.dir/Core/Src/bsp_svpwm.c.obj
 .ARM.attributes
                0x00000156       0x34 CMakeFiles/BLDCF407.elf.dir/Core/Src/bsp_usart.c.obj
 .ARM.attributes
                0x0000018a       0x34 CMakeFiles/BLDCF407.elf.dir/Core/Src/main.c.obj
 .ARM.attributes
                0x000001be       0x34 CMakeFiles/BLDCF407.elf.dir/Core/Src/spi.c.obj
 .ARM.attributes
                0x000001f2       0x34 CMakeFiles/BLDCF407.elf.dir/Core/Src/stm32f4xx_hal_msp.c.obj
 .ARM.attributes
                0x00000226       0x34 CMakeFiles/BLDCF407.elf.dir/Core/Src/stm32f4xx_it.c.obj
 .ARM.attributes
                0x0000025a       0x34 CMakeFiles/BLDCF407.elf.dir/Core/Src/system_stm32f4xx.c.obj
 .ARM.attributes
                0x0000028e       0x21 CMakeFiles/BLDCF407.elf.dir/Core/Startup/startup_stm32f407igtx.s.obj
 .ARM.attributes
                0x000002af       0x34 CMakeFiles/BLDCF407.elf.dir/Drivers/STM32F4xx_HAL_Driver/Src/stm32f4xx_hal.c.obj
 .ARM.attributes
                0x000002e3       0x34 CMakeFiles/BLDCF407.elf.dir/Drivers/STM32F4xx_HAL_Driver/Src/stm32f4xx_hal_cortex.c.obj
 .ARM.attributes
                0x00000317       0x34 CMakeFiles/BLDCF407.elf.dir/Drivers/STM32F4xx_HAL_Driver/Src/stm32f4xx_hal_dma.c.obj
 .ARM.attributes
                0x0000034b       0x34 CMakeFiles/BLDCF407.elf.dir/Drivers/STM32F4xx_HAL_Driver/Src/stm32f4xx_hal_gpio.c.obj
 .ARM.attributes
                0x0000037f       0x34 CMakeFiles/BLDCF407.elf.dir/Drivers/STM32F4xx_HAL_Driver/Src/stm32f4xx_hal_rcc.c.obj
 .ARM.attributes
                0x000003b3       0x34 CMakeFiles/BLDCF407.elf.dir/Drivers/STM32F4xx_HAL_Driver/Src/stm32f4xx_hal_spi.c.obj
 .ARM.attributes
                0x000003e7       0x34 CMakeFiles/BLDCF407.elf.dir/Drivers/STM32F4xx_HAL_Driver/Src/stm32f4xx_hal_tim.c.obj
 .ARM.attributes
                0x0000041b       0x34 CMakeFiles/BLDCF407.elf.dir/Drivers/STM32F4xx_HAL_Driver/Src/stm32f4xx_hal_tim_ex.c.obj
 .ARM.attributes
                0x0000044f       0x34 CMakeFiles/BLDCF407.elf.dir/Drivers/STM32F4xx_HAL_Driver/Src/stm32f4xx_hal_uart.c.obj
 .ARM.attributes
                0x00000483       0x34 CMakeFiles/BLDCF407.elf.dir/Middlewares/Third_Party/FreeRTOS/Source/list.c.obj
 .ARM.attributes
                0x000004b7       0x34 CMakeFiles/BLDCF407.elf.dir/Middlewares/Third_Party/FreeRTOS/Source/portable/GCC/ARM_CM4F/port.c.obj
 .ARM.attributes
                0x000004eb       0x34 CMakeFiles/BLDCF407.elf.dir/Middlewares/Third_Party/FreeRTOS/Source/tasks.c.obj
 .ARM.attributes
                0x0000051f       0x1e d:/cmaketool/gnc-tools-arm-embedded/gcc-arm-none-eabi-10.3-2021.10/bin/../lib/gcc/arm-none-eabi/10.3.1/thumb/v7e-m+fp/hard\libgcc.a(_arm_addsubdf3.o)
 .ARM.attributes
                0x0000053d       0x1e d:/cmaketool/gnc-tools-arm-embedded/gcc-arm-none-eabi-10.3-2021.10/bin/../lib/gcc/arm-none-eabi/10.3.1/thumb/v7e-m+fp/hard\libgcc.a(_arm_fixdfsi.o)
 .ARM.attributes
                0x0000055b       0x1e d:/cmaketool/gnc-tools-arm-embedded/gcc-arm-none-eabi-10.3-2021.10/bin/../lib/gcc/arm-none-eabi/10.3.1/thumb/v7e-m+fp/hard\libgcc.a(_aeabi_uldivmod.o)
 .ARM.attributes
                0x00000579       0x34 d:/cmaketool/gnc-tools-arm-embedded/gcc-arm-none-eabi-10.3-2021.10/bin/../lib/gcc/arm-none-eabi/10.3.1/thumb/v7e-m+fp/hard\libgcc.a(_udivmoddi4.o)
 .ARM.attributes
                0x000005ad       0x1e d:/cmaketool/gnc-tools-arm-embedded/gcc-arm-none-eabi-10.3-2021.10/bin/../lib/gcc/arm-none-eabi/10.3.1/thumb/v7e-m+fp/hard\libgcc.a(_dvmd_tls.o)
 .ARM.attributes
                0x000005cb       0x34 d:/cmaketool/gnc-tools-arm-embedded/gcc-arm-none-eabi-10.3-2021.10/bin/../lib/gcc/arm-none-eabi/10.3.1/../../../../arm-none-eabi/lib/thumb/v7e-m+fp/hard\libg.a(lib_a-impure.o)
 .ARM.attributes
                0x000005ff       0x34 d:/cmaketool/gnc-tools-arm-embedded/gcc-arm-none-eabi-10.3-2021.10/bin/../lib/gcc/arm-none-eabi/10.3.1/../../../../arm-none-eabi/lib/thumb/v7e-m+fp/hard\libg.a(lib_a-init.o)
 .ARM.attributes
                0x00000633       0x34 d:/cmaketool/gnc-tools-arm-embedded/gcc-arm-none-eabi-10.3-2021.10/bin/../lib/gcc/arm-none-eabi/10.3.1/../../../../arm-none-eabi/lib/thumb/v7e-m+fp/hard\libg.a(lib_a-memset.o)
 .ARM.attributes
                0x00000667       0x34 d:/cmaketool/gnc-tools-arm-embedded/gcc-arm-none-eabi-10.3-2021.10/bin/../lib/gcc/arm-none-eabi/10.3.1/../../../../arm-none-eabi/lib/thumb/v7e-m+fp/hard\libg.a(lib_a-__call_atexit.o)
 .ARM.attributes
                0x0000069b       0x34 d:/cmaketool/gnc-tools-arm-embedded/gcc-arm-none-eabi-10.3-2021.10/bin/../lib/gcc/arm-none-eabi/10.3.1/../../../../arm-none-eabi/lib/thumb/v7e-m+fp/hard\libg.a(lib_a-atexit.o)
 .ARM.attributes
                0x000006cf       0x34 d:/cmaketool/gnc-tools-arm-embedded/gcc-arm-none-eabi-10.3-2021.10/bin/../lib/gcc/arm-none-eabi/10.3.1/../../../../arm-none-eabi/lib/thumb/v7e-m+fp/hard\libg.a(lib_a-fini.o)
 .ARM.attributes
                0x00000703       0x34 d:/cmaketool/gnc-tools-arm-embedded/gcc-arm-none-eabi-10.3-2021.10/bin/../lib/gcc/arm-none-eabi/10.3.1/../../../../arm-none-eabi/lib/thumb/v7e-m+fp/hard\libg.a(lib_a-lock.o)
 .ARM.attributes
                0x00000737       0x34 d:/cmaketool/gnc-tools-arm-embedded/gcc-arm-none-eabi-10.3-2021.10/bin/../lib/gcc/arm-none-eabi/10.3.1/../../../../arm-none-eabi/lib/thumb/v7e-m+fp/hard\libg.a(lib_a-__atexit.o)
 .ARM.attributes
                0x0000076b       0x1e d:/cmaketool/gnc-tools-arm-embedded/gcc-arm-none-eabi-10.3-2021.10/bin/../lib/gcc/arm-none-eabi/10.3.1/thumb/v7e-m+fp/hard/crtn.o
OUTPUT(BLDCF407.elf elf32-littlearm)
LOAD linker stubs
LOAD d:/cmaketool/gnc-tools-arm-embedded/gcc-arm-none-eabi-10.3-2021.10/bin/../lib/gcc/arm-none-eabi/10.3.1/../../../../arm-none-eabi/lib/thumb/v7e-m+fp/hard\libc.a
LOAD d:/cmaketool/gnc-tools-arm-embedded/gcc-arm-none-eabi-10.3-2021.10/bin/../lib/gcc/arm-none-eabi/10.3.1/../../../../arm-none-eabi/lib/thumb/v7e-m+fp/hard\libm.a
LOAD d:/cmaketool/gnc-tools-arm-embedded/gcc-arm-none-eabi-10.3-2021.10/bin/../lib/gcc/arm-none-eabi/10.3.1/thumb/v7e-m+fp/hard\libgcc.a

.debug_info     0x00000000    0x1652b
 .debug_info    0x00000000      0x694 CMakeFiles/BLDCF407.elf.dir/Core/Src/bsp_DRV8303.c.obj
 .debug_info    0x00000694      0x556 CMakeFiles/BLDCF407.elf.dir/Core/Src/bsp_key.c.obj
 .debug_info    0x00000bea      0x480 CMakeFiles/BLDCF407.elf.dir/Core/Src/bsp_led.c.obj
 .debug_info    0x0000106a     0x116b CMakeFiles/BLDCF407.elf.dir/Core/Src/bsp_motor_tim.c.obj
 .debug_info    0x000021d5      0x919 CMakeFiles/BLDCF407.elf.dir/Core/Src/bsp_svpwm.c.obj
 .debug_info    0x00002aee     0x10f8 CMakeFiles/BLDCF407.elf.dir/Core/Src/bsp_usart.c.obj
 .debug_info    0x00003be6      0xa3a CMakeFiles/BLDCF407.elf.dir/Core/Src/main.c.obj
 .debug_info    0x00004620      0xf34 CMakeFiles/BLDCF407.elf.dir/Core/Src/spi.c.obj
 .debug_info    0x00005554      0x4f8 CMakeFiles/BLDCF407.elf.dir/Core/Src/stm32f4xx_hal_msp.c.obj
 .debug_info    0x00005a4c      0xa6c CMakeFiles/BLDCF407.elf.dir/Core/Src/stm32f4xx_it.c.obj
 .debug_info    0x000064b8      0x538 CMakeFiles/BLDCF407.elf.dir/Core/Src/system_stm32f4xx.c.obj
 .debug_info    0x000069f0       0x22 CMakeFiles/BLDCF407.elf.dir/Core/Startup/startup_stm32f407igtx.s.obj
 .debug_info    0x00006a12      0x9f0 CMakeFiles/BLDCF407.elf.dir/Drivers/STM32F4xx_HAL_Driver/Src/stm32f4xx_hal.c.obj
 .debug_info    0x00007402     0x1098 CMakeFiles/BLDCF407.elf.dir/Drivers/STM32F4xx_HAL_Driver/Src/stm32f4xx_hal_cortex.c.obj
 .debug_info    0x0000849a      0xb3f CMakeFiles/BLDCF407.elf.dir/Drivers/STM32F4xx_HAL_Driver/Src/stm32f4xx_hal_dma.c.obj
 .debug_info    0x00008fd9      0x7b0 CMakeFiles/BLDCF407.elf.dir/Drivers/STM32F4xx_HAL_Driver/Src/stm32f4xx_hal_gpio.c.obj
 .debug_info    0x00009789      0xb03 CMakeFiles/BLDCF407.elf.dir/Drivers/STM32F4xx_HAL_Driver/Src/stm32f4xx_hal_rcc.c.obj
 .debug_info    0x0000a28c     0x1f58 CMakeFiles/BLDCF407.elf.dir/Drivers/STM32F4xx_HAL_Driver/Src/stm32f4xx_hal_spi.c.obj
 .debug_info    0x0000c1e4     0x3d5a CMakeFiles/BLDCF407.elf.dir/Drivers/STM32F4xx_HAL_Driver/Src/stm32f4xx_hal_tim.c.obj
 .debug_info    0x0000ff3e     0x1ade CMakeFiles/BLDCF407.elf.dir/Drivers/STM32F4xx_HAL_Driver/Src/stm32f4xx_hal_tim_ex.c.obj
 .debug_info    0x00011a1c     0x1937 CMakeFiles/BLDCF407.elf.dir/Drivers/STM32F4xx_HAL_Driver/Src/stm32f4xx_hal_uart.c.obj
 .debug_info    0x00013353      0x2e0 CMakeFiles/BLDCF407.elf.dir/Middlewares/Third_Party/FreeRTOS/Source/list.c.obj
 .debug_info    0x00013633      0x587 CMakeFiles/BLDCF407.elf.dir/Middlewares/Third_Party/FreeRTOS/Source/portable/GCC/ARM_CM4F/port.c.obj
 .debug_info    0x00013bba     0x2971 CMakeFiles/BLDCF407.elf.dir/Middlewares/Third_Party/FreeRTOS/Source/tasks.c.obj

.debug_abbrev   0x00000000     0x2fb8
 .debug_abbrev  0x00000000      0x178 CMakeFiles/BLDCF407.elf.dir/Core/Src/bsp_DRV8303.c.obj
 .debug_abbrev  0x00000178      0x16d CMakeFiles/BLDCF407.elf.dir/Core/Src/bsp_key.c.obj
 .debug_abbrev  0x000002e5      0x132 CMakeFiles/BLDCF407.elf.dir/Core/Src/bsp_led.c.obj
 .debug_abbrev  0x00000417      0x219 CMakeFiles/BLDCF407.elf.dir/Core/Src/bsp_motor_tim.c.obj
 .debug_abbrev  0x00000630      0x1dc CMakeFiles/BLDCF407.elf.dir/Core/Src/bsp_svpwm.c.obj
 .debug_abbrev  0x0000080c      0x333 CMakeFiles/BLDCF407.elf.dir/Core/Src/bsp_usart.c.obj
 .debug_abbrev  0x00000b3f      0x200 CMakeFiles/BLDCF407.elf.dir/Core/Src/main.c.obj
 .debug_abbrev  0x00000d3f      0x20e CMakeFiles/BLDCF407.elf.dir/Core/Src/spi.c.obj
 .debug_abbrev  0x00000f4d      0x119 CMakeFiles/BLDCF407.elf.dir/Core/Src/stm32f4xx_hal_msp.c.obj
 .debug_abbrev  0x00001066      0x1d7 CMakeFiles/BLDCF407.elf.dir/Core/Src/stm32f4xx_it.c.obj
 .debug_abbrev  0x0000123d      0x119 CMakeFiles/BLDCF407.elf.dir/Core/Src/system_stm32f4xx.c.obj
 .debug_abbrev  0x00001356       0x12 CMakeFiles/BLDCF407.elf.dir/Core/Startup/startup_stm32f407igtx.s.obj
 .debug_abbrev  0x00001368      0x206 CMakeFiles/BLDCF407.elf.dir/Drivers/STM32F4xx_HAL_Driver/Src/stm32f4xx_hal.c.obj
 .debug_abbrev  0x0000156e      0x36a CMakeFiles/BLDCF407.elf.dir/Drivers/STM32F4xx_HAL_Driver/Src/stm32f4xx_hal_cortex.c.obj
 .debug_abbrev  0x000018d8      0x2c2 CMakeFiles/BLDCF407.elf.dir/Drivers/STM32F4xx_HAL_Driver/Src/stm32f4xx_hal_dma.c.obj
 .debug_abbrev  0x00001b9a      0x1ef CMakeFiles/BLDCF407.elf.dir/Drivers/STM32F4xx_HAL_Driver/Src/stm32f4xx_hal_gpio.c.obj
 .debug_abbrev  0x00001d89      0x28a CMakeFiles/BLDCF407.elf.dir/Drivers/STM32F4xx_HAL_Driver/Src/stm32f4xx_hal_rcc.c.obj
 .debug_abbrev  0x00002013      0x24e CMakeFiles/BLDCF407.elf.dir/Drivers/STM32F4xx_HAL_Driver/Src/stm32f4xx_hal_spi.c.obj
 .debug_abbrev  0x00002261      0x22b CMakeFiles/BLDCF407.elf.dir/Drivers/STM32F4xx_HAL_Driver/Src/stm32f4xx_hal_tim.c.obj
 .debug_abbrev  0x0000248c      0x241 CMakeFiles/BLDCF407.elf.dir/Drivers/STM32F4xx_HAL_Driver/Src/stm32f4xx_hal_tim_ex.c.obj
 .debug_abbrev  0x000026cd      0x267 CMakeFiles/BLDCF407.elf.dir/Drivers/STM32F4xx_HAL_Driver/Src/stm32f4xx_hal_uart.c.obj
 .debug_abbrev  0x00002934      0x106 CMakeFiles/BLDCF407.elf.dir/Middlewares/Third_Party/FreeRTOS/Source/list.c.obj
 .debug_abbrev  0x00002a3a      0x26b CMakeFiles/BLDCF407.elf.dir/Middlewares/Third_Party/FreeRTOS/Source/portable/GCC/ARM_CM4F/port.c.obj
 .debug_abbrev  0x00002ca5      0x313 CMakeFiles/BLDCF407.elf.dir/Middlewares/Third_Party/FreeRTOS/Source/tasks.c.obj

.debug_loc      0x00000000     0xf6c9
 .debug_loc     0x00000000      0x103 CMakeFiles/BLDCF407.elf.dir/Core/Src/bsp_DRV8303.c.obj
 .debug_loc     0x00000103       0x47 CMakeFiles/BLDCF407.elf.dir/Core/Src/bsp_key.c.obj
 .debug_loc     0x0000014a      0x8bf CMakeFiles/BLDCF407.elf.dir/Core/Src/bsp_svpwm.c.obj
 .debug_loc     0x00000a09      0x6b4 CMakeFiles/BLDCF407.elf.dir/Core/Src/bsp_usart.c.obj
 .debug_loc     0x000010bd      0x102 CMakeFiles/BLDCF407.elf.dir/Core/Src/spi.c.obj
 .debug_loc     0x000011bf      0x158 CMakeFiles/BLDCF407.elf.dir/Core/Src/system_stm32f4xx.c.obj
 .debug_loc     0x00001317      0x141 CMakeFiles/BLDCF407.elf.dir/Drivers/STM32F4xx_HAL_Driver/Src/stm32f4xx_hal.c.obj
 .debug_loc     0x00001458      0x744 CMakeFiles/BLDCF407.elf.dir/Drivers/STM32F4xx_HAL_Driver/Src/stm32f4xx_hal_cortex.c.obj
 .debug_loc     0x00001b9c      0xbf9 CMakeFiles/BLDCF407.elf.dir/Drivers/STM32F4xx_HAL_Driver/Src/stm32f4xx_hal_dma.c.obj
 .debug_loc     0x00002795      0x520 CMakeFiles/BLDCF407.elf.dir/Drivers/STM32F4xx_HAL_Driver/Src/stm32f4xx_hal_gpio.c.obj
 .debug_loc     0x00002cb5      0x58c CMakeFiles/BLDCF407.elf.dir/Drivers/STM32F4xx_HAL_Driver/Src/stm32f4xx_hal_rcc.c.obj
 .debug_loc     0x00003241     0x1e77 CMakeFiles/BLDCF407.elf.dir/Drivers/STM32F4xx_HAL_Driver/Src/stm32f4xx_hal_spi.c.obj
 .debug_loc     0x000050b8     0x506c CMakeFiles/BLDCF407.elf.dir/Drivers/STM32F4xx_HAL_Driver/Src/stm32f4xx_hal_tim.c.obj
 .debug_loc     0x0000a124     0x1cd7 CMakeFiles/BLDCF407.elf.dir/Drivers/STM32F4xx_HAL_Driver/Src/stm32f4xx_hal_tim_ex.c.obj
 .debug_loc     0x0000bdfb     0x187a CMakeFiles/BLDCF407.elf.dir/Drivers/STM32F4xx_HAL_Driver/Src/stm32f4xx_hal_uart.c.obj
 .debug_loc     0x0000d675       0xad CMakeFiles/BLDCF407.elf.dir/Middlewares/Third_Party/FreeRTOS/Source/list.c.obj
 .debug_loc     0x0000d722      0x124 CMakeFiles/BLDCF407.elf.dir/Middlewares/Third_Party/FreeRTOS/Source/portable/GCC/ARM_CM4F/port.c.obj
 .debug_loc     0x0000d846     0x1e83 CMakeFiles/BLDCF407.elf.dir/Middlewares/Third_Party/FreeRTOS/Source/tasks.c.obj

.debug_aranges  0x00000000     0x1118
 .debug_aranges
                0x00000000       0x40 CMakeFiles/BLDCF407.elf.dir/Core/Src/bsp_DRV8303.c.obj
 .debug_aranges
                0x00000040       0x28 CMakeFiles/BLDCF407.elf.dir/Core/Src/bsp_key.c.obj
 .debug_aranges
                0x00000068       0x20 CMakeFiles/BLDCF407.elf.dir/Core/Src/bsp_led.c.obj
 .debug_aranges
                0x00000088       0x38 CMakeFiles/BLDCF407.elf.dir/Core/Src/bsp_motor_tim.c.obj
 .debug_aranges
                0x000000c0       0x28 CMakeFiles/BLDCF407.elf.dir/Core/Src/bsp_svpwm.c.obj
 .debug_aranges
                0x000000e8       0x70 CMakeFiles/BLDCF407.elf.dir/Core/Src/bsp_usart.c.obj
 .debug_aranges
                0x00000158       0x30 CMakeFiles/BLDCF407.elf.dir/Core/Src/main.c.obj
 .debug_aranges
                0x00000188       0x50 CMakeFiles/BLDCF407.elf.dir/Core/Src/spi.c.obj
 .debug_aranges
                0x000001d8       0x20 CMakeFiles/BLDCF407.elf.dir/Core/Src/stm32f4xx_hal_msp.c.obj
 .debug_aranges
                0x000001f8       0x60 CMakeFiles/BLDCF407.elf.dir/Core/Src/stm32f4xx_it.c.obj
 .debug_aranges
                0x00000258       0x28 CMakeFiles/BLDCF407.elf.dir/Core/Src/system_stm32f4xx.c.obj
 .debug_aranges
                0x00000280       0x28 CMakeFiles/BLDCF407.elf.dir/Core/Startup/startup_stm32f407igtx.s.obj
 .debug_aranges
                0x000002a8       0xf0 CMakeFiles/BLDCF407.elf.dir/Drivers/STM32F4xx_HAL_Driver/Src/stm32f4xx_hal.c.obj
 .debug_aranges
                0x00000398       0xa8 CMakeFiles/BLDCF407.elf.dir/Drivers/STM32F4xx_HAL_Driver/Src/stm32f4xx_hal_cortex.c.obj
 .debug_aranges
                0x00000440       0x90 CMakeFiles/BLDCF407.elf.dir/Drivers/STM32F4xx_HAL_Driver/Src/stm32f4xx_hal_dma.c.obj
 .debug_aranges
                0x000004d0       0x58 CMakeFiles/BLDCF407.elf.dir/Drivers/STM32F4xx_HAL_Driver/Src/stm32f4xx_hal_gpio.c.obj
 .debug_aranges
                0x00000528       0x88 CMakeFiles/BLDCF407.elf.dir/Drivers/STM32F4xx_HAL_Driver/Src/stm32f4xx_hal_rcc.c.obj
 .debug_aranges
                0x000005b0      0x1e8 CMakeFiles/BLDCF407.elf.dir/Drivers/STM32F4xx_HAL_Driver/Src/stm32f4xx_hal_spi.c.obj
 .debug_aranges
                0x00000798      0x3d0 CMakeFiles/BLDCF407.elf.dir/Drivers/STM32F4xx_HAL_Driver/Src/stm32f4xx_hal_tim.c.obj
 .debug_aranges
                0x00000b68      0x168 CMakeFiles/BLDCF407.elf.dir/Drivers/STM32F4xx_HAL_Driver/Src/stm32f4xx_hal_tim_ex.c.obj
 .debug_aranges
                0x00000cd0      0x1d0 CMakeFiles/BLDCF407.elf.dir/Drivers/STM32F4xx_HAL_Driver/Src/stm32f4xx_hal_uart.c.obj
 .debug_aranges
                0x00000ea0       0x40 CMakeFiles/BLDCF407.elf.dir/Middlewares/Third_Party/FreeRTOS/Source/list.c.obj
 .debug_aranges
                0x00000ee0       0x80 CMakeFiles/BLDCF407.elf.dir/Middlewares/Third_Party/FreeRTOS/Source/portable/GCC/ARM_CM4F/port.c.obj
 .debug_aranges
                0x00000f60      0x1b8 CMakeFiles/BLDCF407.elf.dir/Middlewares/Third_Party/FreeRTOS/Source/tasks.c.obj

.debug_ranges   0x00000000     0x11b8
 .debug_ranges  0x00000000       0x30 CMakeFiles/BLDCF407.elf.dir/Core/Src/bsp_DRV8303.c.obj
 .debug_ranges  0x00000030       0x18 CMakeFiles/BLDCF407.elf.dir/Core/Src/bsp_key.c.obj
 .debug_ranges  0x00000048       0x10 CMakeFiles/BLDCF407.elf.dir/Core/Src/bsp_led.c.obj
 .debug_ranges  0x00000058       0x28 CMakeFiles/BLDCF407.elf.dir/Core/Src/bsp_motor_tim.c.obj
 .debug_ranges  0x00000080       0x18 CMakeFiles/BLDCF407.elf.dir/Core/Src/bsp_svpwm.c.obj
 .debug_ranges  0x00000098      0x110 CMakeFiles/BLDCF407.elf.dir/Core/Src/bsp_usart.c.obj
 .debug_ranges  0x000001a8       0x20 CMakeFiles/BLDCF407.elf.dir/Core/Src/main.c.obj
 .debug_ranges  0x000001c8       0x40 CMakeFiles/BLDCF407.elf.dir/Core/Src/spi.c.obj
 .debug_ranges  0x00000208       0x10 CMakeFiles/BLDCF407.elf.dir/Core/Src/stm32f4xx_hal_msp.c.obj
 .debug_ranges  0x00000218       0x50 CMakeFiles/BLDCF407.elf.dir/Core/Src/stm32f4xx_it.c.obj
 .debug_ranges  0x00000268       0x18 CMakeFiles/BLDCF407.elf.dir/Core/Src/system_stm32f4xx.c.obj
 .debug_ranges  0x00000280       0x20 CMakeFiles/BLDCF407.elf.dir/Core/Startup/startup_stm32f407igtx.s.obj
 .debug_ranges  0x000002a0       0xe0 CMakeFiles/BLDCF407.elf.dir/Drivers/STM32F4xx_HAL_Driver/Src/stm32f4xx_hal.c.obj
 .debug_ranges  0x00000380       0xf8 CMakeFiles/BLDCF407.elf.dir/Drivers/STM32F4xx_HAL_Driver/Src/stm32f4xx_hal_cortex.c.obj
 .debug_ranges  0x00000478       0x80 CMakeFiles/BLDCF407.elf.dir/Drivers/STM32F4xx_HAL_Driver/Src/stm32f4xx_hal_dma.c.obj
 .debug_ranges  0x000004f8       0x48 CMakeFiles/BLDCF407.elf.dir/Drivers/STM32F4xx_HAL_Driver/Src/stm32f4xx_hal_gpio.c.obj
 .debug_ranges  0x00000540       0x90 CMakeFiles/BLDCF407.elf.dir/Drivers/STM32F4xx_HAL_Driver/Src/stm32f4xx_hal_rcc.c.obj
 .debug_ranges  0x000005d0      0x1d8 CMakeFiles/BLDCF407.elf.dir/Drivers/STM32F4xx_HAL_Driver/Src/stm32f4xx_hal_spi.c.obj
 .debug_ranges  0x000007a8      0x3c0 CMakeFiles/BLDCF407.elf.dir/Drivers/STM32F4xx_HAL_Driver/Src/stm32f4xx_hal_tim.c.obj
 .debug_ranges  0x00000b68      0x158 CMakeFiles/BLDCF407.elf.dir/Drivers/STM32F4xx_HAL_Driver/Src/stm32f4xx_hal_tim_ex.c.obj
 .debug_ranges  0x00000cc0      0x1c0 CMakeFiles/BLDCF407.elf.dir/Drivers/STM32F4xx_HAL_Driver/Src/stm32f4xx_hal_uart.c.obj
 .debug_ranges  0x00000e80       0x30 CMakeFiles/BLDCF407.elf.dir/Middlewares/Third_Party/FreeRTOS/Source/list.c.obj
 .debug_ranges  0x00000eb0       0x88 CMakeFiles/BLDCF407.elf.dir/Middlewares/Third_Party/FreeRTOS/Source/portable/GCC/ARM_CM4F/port.c.obj
 .debug_ranges  0x00000f38      0x280 CMakeFiles/BLDCF407.elf.dir/Middlewares/Third_Party/FreeRTOS/Source/tasks.c.obj

.debug_line     0x00000000    0x13f63
 .debug_line    0x00000000      0x37e CMakeFiles/BLDCF407.elf.dir/Core/Src/bsp_DRV8303.c.obj
 .debug_line    0x0000037e      0x2cf CMakeFiles/BLDCF407.elf.dir/Core/Src/bsp_key.c.obj
 .debug_line    0x0000064d      0x28d CMakeFiles/BLDCF407.elf.dir/Core/Src/bsp_led.c.obj
 .debug_line    0x000008da      0x4bf CMakeFiles/BLDCF407.elf.dir/Core/Src/bsp_motor_tim.c.obj
 .debug_line    0x00000d99      0x526 CMakeFiles/BLDCF407.elf.dir/Core/Src/bsp_svpwm.c.obj
 .debug_line    0x000012bf      0x99f CMakeFiles/BLDCF407.elf.dir/Core/Src/bsp_usart.c.obj
 .debug_line    0x00001c5e      0x48b CMakeFiles/BLDCF407.elf.dir/Core/Src/main.c.obj
 .debug_line    0x000020e9      0x59f CMakeFiles/BLDCF407.elf.dir/Core/Src/spi.c.obj
 .debug_line    0x00002688      0x24a CMakeFiles/BLDCF407.elf.dir/Core/Src/stm32f4xx_hal_msp.c.obj
 .debug_line    0x000028d2      0x547 CMakeFiles/BLDCF407.elf.dir/Core/Src/stm32f4xx_it.c.obj
 .debug_line    0x00002e19      0x303 CMakeFiles/BLDCF407.elf.dir/Core/Src/system_stm32f4xx.c.obj
 .debug_line    0x0000311c       0xb6 CMakeFiles/BLDCF407.elf.dir/Core/Startup/startup_stm32f407igtx.s.obj
 .debug_line    0x000031d2      0x649 CMakeFiles/BLDCF407.elf.dir/Drivers/STM32F4xx_HAL_Driver/Src/stm32f4xx_hal.c.obj
 .debug_line    0x0000381b      0x85c CMakeFiles/BLDCF407.elf.dir/Drivers/STM32F4xx_HAL_Driver/Src/stm32f4xx_hal_cortex.c.obj
 .debug_line    0x00004077      0xed8 CMakeFiles/BLDCF407.elf.dir/Drivers/STM32F4xx_HAL_Driver/Src/stm32f4xx_hal_dma.c.obj
 .debug_line    0x00004f4f      0x794 CMakeFiles/BLDCF407.elf.dir/Drivers/STM32F4xx_HAL_Driver/Src/stm32f4xx_hal_gpio.c.obj
 .debug_line    0x000056e3      0xbc3 CMakeFiles/BLDCF407.elf.dir/Drivers/STM32F4xx_HAL_Driver/Src/stm32f4xx_hal_rcc.c.obj
 .debug_line    0x000062a6     0x25f0 CMakeFiles/BLDCF407.elf.dir/Drivers/STM32F4xx_HAL_Driver/Src/stm32f4xx_hal_spi.c.obj
 .debug_line    0x00008896     0x4b55 CMakeFiles/BLDCF407.elf.dir/Drivers/STM32F4xx_HAL_Driver/Src/stm32f4xx_hal_tim.c.obj
 .debug_line    0x0000d3eb     0x1d79 CMakeFiles/BLDCF407.elf.dir/Drivers/STM32F4xx_HAL_Driver/Src/stm32f4xx_hal_tim_ex.c.obj
 .debug_line    0x0000f164     0x1c9f CMakeFiles/BLDCF407.elf.dir/Drivers/STM32F4xx_HAL_Driver/Src/stm32f4xx_hal_uart.c.obj
 .debug_line    0x00010e03      0x40c CMakeFiles/BLDCF407.elf.dir/Middlewares/Third_Party/FreeRTOS/Source/list.c.obj
 .debug_line    0x0001120f      0x7bd CMakeFiles/BLDCF407.elf.dir/Middlewares/Third_Party/FreeRTOS/Source/portable/GCC/ARM_CM4F/port.c.obj
 .debug_line    0x000119cc     0x2597 CMakeFiles/BLDCF407.elf.dir/Middlewares/Third_Party/FreeRTOS/Source/tasks.c.obj

.debug_str      0x00000000     0x5aad
 .debug_str     0x00000000      0x45d CMakeFiles/BLDCF407.elf.dir/Core/Src/bsp_DRV8303.c.obj
                                0x4b5 (size before relaxing)
 .debug_str     0x0000045d       0x9a CMakeFiles/BLDCF407.elf.dir/Core/Src/bsp_key.c.obj
                                0x3e5 (size before relaxing)
 .debug_str     0x000004f7       0x54 CMakeFiles/BLDCF407.elf.dir/Core/Src/bsp_led.c.obj
                                0x3a7 (size before relaxing)
 .debug_str     0x0000054b      0xceb CMakeFiles/BLDCF407.elf.dir/Core/Src/bsp_motor_tim.c.obj
                               0x10c9 (size before relaxing)
 .debug_str     0x00001236      0x176 CMakeFiles/BLDCF407.elf.dir/Core/Src/bsp_svpwm.c.obj
                                0x89a (size before relaxing)
 .debug_str     0x000013ac      0x386 CMakeFiles/BLDCF407.elf.dir/Core/Src/bsp_usart.c.obj
                                0xe9a (size before relaxing)
 .debug_str     0x00001732      0x27d CMakeFiles/BLDCF407.elf.dir/Core/Src/main.c.obj
                                0xb14 (size before relaxing)
 .debug_str     0x000019af      0x25b CMakeFiles/BLDCF407.elf.dir/Core/Src/spi.c.obj
                                0x8ee (size before relaxing)
 .debug_str     0x00001c0a       0x5a CMakeFiles/BLDCF407.elf.dir/Core/Src/stm32f4xx_hal_msp.c.obj
                                0x821 (size before relaxing)
 .debug_str     0x00001c64      0x158 CMakeFiles/BLDCF407.elf.dir/Core/Src/stm32f4xx_it.c.obj
                                0xa5b (size before relaxing)
 .debug_str     0x00001dbc      0x109 CMakeFiles/BLDCF407.elf.dir/Core/Src/system_stm32f4xx.c.obj
                                0x3d8 (size before relaxing)
 .debug_str     0x00001ec5       0x64 CMakeFiles/BLDCF407.elf.dir/Core/Startup/startup_stm32f407igtx.s.obj
                                 0xa7 (size before relaxing)
 .debug_str     0x00001f29      0x338 CMakeFiles/BLDCF407.elf.dir/Drivers/STM32F4xx_HAL_Driver/Src/stm32f4xx_hal.c.obj
                                0xbbd (size before relaxing)
 .debug_str     0x00002261      0x435 CMakeFiles/BLDCF407.elf.dir/Drivers/STM32F4xx_HAL_Driver/Src/stm32f4xx_hal_cortex.c.obj
                                0xc8f (size before relaxing)
 .debug_str     0x00002696      0x334 CMakeFiles/BLDCF407.elf.dir/Drivers/STM32F4xx_HAL_Driver/Src/stm32f4xx_hal_dma.c.obj
                                0x7d9 (size before relaxing)
 .debug_str     0x000029ca      0x162 CMakeFiles/BLDCF407.elf.dir/Drivers/STM32F4xx_HAL_Driver/Src/stm32f4xx_hal_gpio.c.obj
                                0x543 (size before relaxing)
 .debug_str     0x00002b2c      0x1a8 CMakeFiles/BLDCF407.elf.dir/Drivers/STM32F4xx_HAL_Driver/Src/stm32f4xx_hal_rcc.c.obj
                                0x769 (size before relaxing)
 .debug_str     0x00002cd4      0x58c CMakeFiles/BLDCF407.elf.dir/Drivers/STM32F4xx_HAL_Driver/Src/stm32f4xx_hal_spi.c.obj
                                0xcb1 (size before relaxing)
 .debug_str     0x00003260      0xde2 CMakeFiles/BLDCF407.elf.dir/Drivers/STM32F4xx_HAL_Driver/Src/stm32f4xx_hal_tim.c.obj
                               0x171c (size before relaxing)
 .debug_str     0x00004042      0x4ae CMakeFiles/BLDCF407.elf.dir/Drivers/STM32F4xx_HAL_Driver/Src/stm32f4xx_hal_tim_ex.c.obj
                                0xf1d (size before relaxing)
 .debug_str     0x000044f0      0x526 CMakeFiles/BLDCF407.elf.dir/Drivers/STM32F4xx_HAL_Driver/Src/stm32f4xx_hal_uart.c.obj
                                0xc6b (size before relaxing)
 .debug_str     0x00004a16      0x194 CMakeFiles/BLDCF407.elf.dir/Middlewares/Third_Party/FreeRTOS/Source/list.c.obj
                                0x365 (size before relaxing)
 .debug_str     0x00004baa      0x2c7 CMakeFiles/BLDCF407.elf.dir/Middlewares/Third_Party/FreeRTOS/Source/portable/GCC/ARM_CM4F/port.c.obj
                                0x4e5 (size before relaxing)
 .debug_str     0x00004e71      0xc3c CMakeFiles/BLDCF407.elf.dir/Middlewares/Third_Party/FreeRTOS/Source/tasks.c.obj
                               0x107e (size before relaxing)

.comment        0x00000000       0x49
 .comment       0x00000000       0x49 CMakeFiles/BLDCF407.elf.dir/Core/Src/bsp_DRV8303.c.obj
                                 0x4a (size before relaxing)
 .comment       0x00000049       0x4a CMakeFiles/BLDCF407.elf.dir/Core/Src/bsp_key.c.obj
 .comment       0x00000049       0x4a CMakeFiles/BLDCF407.elf.dir/Core/Src/bsp_led.c.obj
 .comment       0x00000049       0x4a CMakeFiles/BLDCF407.elf.dir/Core/Src/bsp_motor_tim.c.obj
 .comment       0x00000049       0x4a CMakeFiles/BLDCF407.elf.dir/Core/Src/bsp_svpwm.c.obj
 .comment       0x00000049       0x4a CMakeFiles/BLDCF407.elf.dir/Core/Src/bsp_usart.c.obj
 .comment       0x00000049       0x4a CMakeFiles/BLDCF407.elf.dir/Core/Src/main.c.obj
 .comment       0x00000049       0x4a CMakeFiles/BLDCF407.elf.dir/Core/Src/spi.c.obj
 .comment       0x00000049       0x4a CMakeFiles/BLDCF407.elf.dir/Core/Src/stm32f4xx_hal_msp.c.obj
 .comment       0x00000049       0x4a CMakeFiles/BLDCF407.elf.dir/Core/Src/stm32f4xx_it.c.obj
 .comment       0x00000049       0x4a CMakeFiles/BLDCF407.elf.dir/Core/Src/system_stm32f4xx.c.obj
 .comment       0x00000049       0x4a CMakeFiles/BLDCF407.elf.dir/Drivers/STM32F4xx_HAL_Driver/Src/stm32f4xx_hal.c.obj
 .comment       0x00000049       0x4a CMakeFiles/BLDCF407.elf.dir/Drivers/STM32F4xx_HAL_Driver/Src/stm32f4xx_hal_cortex.c.obj
 .comment       0x00000049       0x4a CMakeFiles/BLDCF407.elf.dir/Drivers/STM32F4xx_HAL_Driver/Src/stm32f4xx_hal_dma.c.obj
 .comment       0x00000049       0x4a CMakeFiles/BLDCF407.elf.dir/Drivers/STM32F4xx_HAL_Driver/Src/stm32f4xx_hal_gpio.c.obj
 .comment       0x00000049       0x4a CMakeFiles/BLDCF407.elf.dir/Drivers/STM32F4xx_HAL_Driver/Src/stm32f4xx_hal_rcc.c.obj
 .comment       0x00000049       0x4a CMakeFiles/BLDCF407.elf.dir/Drivers/STM32F4xx_HAL_Driver/Src/stm32f4xx_hal_spi.c.obj
 .comment       0x00000049       0x4a CMakeFiles/BLDCF407.elf.dir/Drivers/STM32F4xx_HAL_Driver/Src/stm32f4xx_hal_tim.c.obj
 .comment       0x00000049       0x4a CMakeFiles/BLDCF407.elf.dir/Drivers/STM32F4xx_HAL_Driver/Src/stm32f4xx_hal_tim_ex.c.obj
 .comment       0x00000049       0x4a CMakeFiles/BLDCF407.elf.dir/Drivers/STM32F4xx_HAL_Driver/Src/stm32f4xx_hal_uart.c.obj
 .comment       0x00000049       0x4a CMakeFiles/BLDCF407.elf.dir/Middlewares/Third_Party/FreeRTOS/Source/list.c.obj
 .comment       0x00000049       0x4a CMakeFiles/BLDCF407.elf.dir/Middlewares/Third_Party/FreeRTOS/Source/portable/GCC/ARM_CM4F/port.c.obj
 .comment       0x00000049       0x4a CMakeFiles/BLDCF407.elf.dir/Middlewares/Third_Party/FreeRTOS/Source/tasks.c.obj

.debug_frame    0x00000000     0x3068
 .debug_frame   0x00000000       0x8c CMakeFiles/BLDCF407.elf.dir/Core/Src/bsp_DRV8303.c.obj
 .debug_frame   0x0000008c       0x4c CMakeFiles/BLDCF407.elf.dir/Core/Src/bsp_key.c.obj
 .debug_frame   0x000000d8       0x38 CMakeFiles/BLDCF407.elf.dir/Core/Src/bsp_led.c.obj
 .debug_frame   0x00000110       0x80 CMakeFiles/BLDCF407.elf.dir/Core/Src/bsp_motor_tim.c.obj
 .debug_frame   0x00000190       0x50 CMakeFiles/BLDCF407.elf.dir/Core/Src/bsp_svpwm.c.obj
 .debug_frame   0x000001e0      0x11c CMakeFiles/BLDCF407.elf.dir/Core/Src/bsp_usart.c.obj
 .debug_frame   0x000002fc       0x5c CMakeFiles/BLDCF407.elf.dir/Core/Src/main.c.obj
 .debug_frame   0x00000358       0xe8 CMakeFiles/BLDCF407.elf.dir/Core/Src/spi.c.obj
 .debug_frame   0x00000440       0x2c CMakeFiles/BLDCF407.elf.dir/Core/Src/stm32f4xx_hal_msp.c.obj
 .debug_frame   0x0000046c       0xb8 CMakeFiles/BLDCF407.elf.dir/Core/Src/stm32f4xx_it.c.obj
 .debug_frame   0x00000524       0x30 CMakeFiles/BLDCF407.elf.dir/Core/Src/system_stm32f4xx.c.obj
 .debug_frame   0x00000554      0x1ec CMakeFiles/BLDCF407.elf.dir/Drivers/STM32F4xx_HAL_Driver/Src/stm32f4xx_hal.c.obj
 .debug_frame   0x00000740      0x148 CMakeFiles/BLDCF407.elf.dir/Drivers/STM32F4xx_HAL_Driver/Src/stm32f4xx_hal_cortex.c.obj
 .debug_frame   0x00000888      0x188 CMakeFiles/BLDCF407.elf.dir/Drivers/STM32F4xx_HAL_Driver/Src/stm32f4xx_hal_dma.c.obj
 .debug_frame   0x00000a10       0xd8 CMakeFiles/BLDCF407.elf.dir/Drivers/STM32F4xx_HAL_Driver/Src/stm32f4xx_hal_gpio.c.obj
 .debug_frame   0x00000ae8      0x16c CMakeFiles/BLDCF407.elf.dir/Drivers/STM32F4xx_HAL_Driver/Src/stm32f4xx_hal_rcc.c.obj
 .debug_frame   0x00000c54      0x5d4 CMakeFiles/BLDCF407.elf.dir/Drivers/STM32F4xx_HAL_Driver/Src/stm32f4xx_hal_spi.c.obj
 .debug_frame   0x00001228      0xb0c CMakeFiles/BLDCF407.elf.dir/Drivers/STM32F4xx_HAL_Driver/Src/stm32f4xx_hal_tim.c.obj
 .debug_frame   0x00001d34      0x40c CMakeFiles/BLDCF407.elf.dir/Drivers/STM32F4xx_HAL_Driver/Src/stm32f4xx_hal_tim_ex.c.obj
 .debug_frame   0x00002140      0x4f4 CMakeFiles/BLDCF407.elf.dir/Drivers/STM32F4xx_HAL_Driver/Src/stm32f4xx_hal_uart.c.obj
 .debug_frame   0x00002634       0x70 CMakeFiles/BLDCF407.elf.dir/Middlewares/Third_Party/FreeRTOS/Source/list.c.obj
 .debug_frame   0x000026a4      0x110 CMakeFiles/BLDCF407.elf.dir/Middlewares/Third_Party/FreeRTOS/Source/portable/GCC/ARM_CM4F/port.c.obj
 .debug_frame   0x000027b4      0x58c CMakeFiles/BLDCF407.elf.dir/Middlewares/Third_Party/FreeRTOS/Source/tasks.c.obj
 .debug_frame   0x00002d40       0xac d:/cmaketool/gnc-tools-arm-embedded/gcc-arm-none-eabi-10.3-2021.10/bin/../lib/gcc/arm-none-eabi/10.3.1/thumb/v7e-m+fp/hard\libgcc.a(_arm_addsubdf3.o)
 .debug_frame   0x00002dec       0x24 d:/cmaketool/gnc-tools-arm-embedded/gcc-arm-none-eabi-10.3-2021.10/bin/../lib/gcc/arm-none-eabi/10.3.1/thumb/v7e-m+fp/hard\libgcc.a(_arm_fixdfsi.o)
 .debug_frame   0x00002e10       0x2c d:/cmaketool/gnc-tools-arm-embedded/gcc-arm-none-eabi-10.3-2021.10/bin/../lib/gcc/arm-none-eabi/10.3.1/thumb/v7e-m+fp/hard\libgcc.a(_aeabi_uldivmod.o)
 .debug_frame   0x00002e3c       0x34 d:/cmaketool/gnc-tools-arm-embedded/gcc-arm-none-eabi-10.3-2021.10/bin/../lib/gcc/arm-none-eabi/10.3.1/thumb/v7e-m+fp/hard\libgcc.a(_udivmoddi4.o)
 .debug_frame   0x00002e70       0x2c d:/cmaketool/gnc-tools-arm-embedded/gcc-arm-none-eabi-10.3-2021.10/bin/../lib/gcc/arm-none-eabi/10.3.1/../../../../arm-none-eabi/lib/thumb/v7e-m+fp/hard\libg.a(lib_a-init.o)
 .debug_frame   0x00002e9c       0x2c d:/cmaketool/gnc-tools-arm-embedded/gcc-arm-none-eabi-10.3-2021.10/bin/../lib/gcc/arm-none-eabi/10.3.1/../../../../arm-none-eabi/lib/thumb/v7e-m+fp/hard\libg.a(lib_a-memset.o)
 .debug_frame   0x00002ec8       0x68 d:/cmaketool/gnc-tools-arm-embedded/gcc-arm-none-eabi-10.3-2021.10/bin/../lib/gcc/arm-none-eabi/10.3.1/../../../../arm-none-eabi/lib/thumb/v7e-m+fp/hard\libg.a(lib_a-__call_atexit.o)
 .debug_frame   0x00002f30       0x20 d:/cmaketool/gnc-tools-arm-embedded/gcc-arm-none-eabi-10.3-2021.10/bin/../lib/gcc/arm-none-eabi/10.3.1/../../../../arm-none-eabi/lib/thumb/v7e-m+fp/hard\libg.a(lib_a-atexit.o)
 .debug_frame   0x00002f50       0x34 d:/cmaketool/gnc-tools-arm-embedded/gcc-arm-none-eabi-10.3-2021.10/bin/../lib/gcc/arm-none-eabi/10.3.1/../../../../arm-none-eabi/lib/thumb/v7e-m+fp/hard\libg.a(lib_a-fini.o)
 .debug_frame   0x00002f84       0xb0 d:/cmaketool/gnc-tools-arm-embedded/gcc-arm-none-eabi-10.3-2021.10/bin/../lib/gcc/arm-none-eabi/10.3.1/../../../../arm-none-eabi/lib/thumb/v7e-m+fp/hard\libg.a(lib_a-lock.o)
 .debug_frame   0x00003034       0x34 d:/cmaketool/gnc-tools-arm-embedded/gcc-arm-none-eabi-10.3-2021.10/bin/../lib/gcc/arm-none-eabi/10.3.1/../../../../arm-none-eabi/lib/thumb/v7e-m+fp/hard\libg.a(lib_a-__atexit.o)
