Archive member included to satisfy reference by file (symbol)

d:/cmaketool/gnc-tools-arm-embedded/gcc-arm-none-eabi-10.3-2021.10/bin/../lib/gcc/arm-none-eabi/10.3.1/thumb/v7e-m+fp/hard\libgcc.a(_aeabi_uldivmod.o)
                              CMakeFiles/BLDCF407.elf.dir/Drivers/STM32F4xx_HAL_Driver/Src/stm32f4xx_hal_rcc.c.obj (__aeabi_uldivmod)
d:/cmaketool/gnc-tools-arm-embedded/gcc-arm-none-eabi-10.3-2021.10/bin/../lib/gcc/arm-none-eabi/10.3.1/thumb/v7e-m+fp/hard\libgcc.a(_udivmoddi4.o)
                              d:/cmaketool/gnc-tools-arm-embedded/gcc-arm-none-eabi-10.3-2021.10/bin/../lib/gcc/arm-none-eabi/10.3.1/thumb/v7e-m+fp/hard\libgcc.a(_aeabi_uldivmod.o) (__udivmoddi4)
d:/cmaketool/gnc-tools-arm-embedded/gcc-arm-none-eabi-10.3-2021.10/bin/../lib/gcc/arm-none-eabi/10.3.1/thumb/v7e-m+fp/hard\libgcc.a(_dvmd_tls.o)
                              d:/cmaketool/gnc-tools-arm-embedded/gcc-arm-none-eabi-10.3-2021.10/bin/../lib/gcc/arm-none-eabi/10.3.1/thumb/v7e-m+fp/hard\libgcc.a(_aeabi_uldivmod.o) (__aeabi_ldiv0)
d:/cmaketool/gnc-tools-arm-embedded/gcc-arm-none-eabi-10.3-2021.10/bin/../lib/gcc/arm-none-eabi/10.3.1/../../../../arm-none-eabi/lib/thumb/v7e-m+fp/hard\libg.a(lib_a-errno.o)
                              CMakeFiles/BLDCF407.elf.dir/Core/Src/syscalls.c.obj (__errno)
d:/cmaketool/gnc-tools-arm-embedded/gcc-arm-none-eabi-10.3-2021.10/bin/../lib/gcc/arm-none-eabi/10.3.1/../../../../arm-none-eabi/lib/thumb/v7e-m+fp/hard\libg.a(lib_a-exit.o)
                              d:/cmaketool/gnc-tools-arm-embedded/gcc-arm-none-eabi-10.3-2021.10/bin/../lib/gcc/arm-none-eabi/10.3.1/../../../../arm-none-eabi/lib/thumb/v7e-m+fp/hard/crt0.o (exit)
d:/cmaketool/gnc-tools-arm-embedded/gcc-arm-none-eabi-10.3-2021.10/bin/../lib/gcc/arm-none-eabi/10.3.1/../../../../arm-none-eabi/lib/thumb/v7e-m+fp/hard\libg.a(lib_a-impure.o)
                              d:/cmaketool/gnc-tools-arm-embedded/gcc-arm-none-eabi-10.3-2021.10/bin/../lib/gcc/arm-none-eabi/10.3.1/../../../../arm-none-eabi/lib/thumb/v7e-m+fp/hard\libg.a(lib_a-exit.o) (_global_impure_ptr)
d:/cmaketool/gnc-tools-arm-embedded/gcc-arm-none-eabi-10.3-2021.10/bin/../lib/gcc/arm-none-eabi/10.3.1/../../../../arm-none-eabi/lib/thumb/v7e-m+fp/hard\libg.a(lib_a-init.o)
                              d:/cmaketool/gnc-tools-arm-embedded/gcc-arm-none-eabi-10.3-2021.10/bin/../lib/gcc/arm-none-eabi/10.3.1/../../../../arm-none-eabi/lib/thumb/v7e-m+fp/hard/crt0.o (__libc_init_array)
d:/cmaketool/gnc-tools-arm-embedded/gcc-arm-none-eabi-10.3-2021.10/bin/../lib/gcc/arm-none-eabi/10.3.1/../../../../arm-none-eabi/lib/thumb/v7e-m+fp/hard\libg.a(lib_a-memcpy.o)
                              CMakeFiles/BLDCF407.elf.dir/Middlewares/Third_Party/FreeRTOS/Source/queue.c.obj (memcpy)
d:/cmaketool/gnc-tools-arm-embedded/gcc-arm-none-eabi-10.3-2021.10/bin/../lib/gcc/arm-none-eabi/10.3.1/../../../../arm-none-eabi/lib/thumb/v7e-m+fp/hard\libg.a(lib_a-memset.o)
                              d:/cmaketool/gnc-tools-arm-embedded/gcc-arm-none-eabi-10.3-2021.10/bin/../lib/gcc/arm-none-eabi/10.3.1/../../../../arm-none-eabi/lib/thumb/v7e-m+fp/hard/crt0.o (memset)
d:/cmaketool/gnc-tools-arm-embedded/gcc-arm-none-eabi-10.3-2021.10/bin/../lib/gcc/arm-none-eabi/10.3.1/../../../../arm-none-eabi/lib/thumb/v7e-m+fp/hard\libg.a(lib_a-__call_atexit.o)
                              d:/cmaketool/gnc-tools-arm-embedded/gcc-arm-none-eabi-10.3-2021.10/bin/../lib/gcc/arm-none-eabi/10.3.1/../../../../arm-none-eabi/lib/thumb/v7e-m+fp/hard\libg.a(lib_a-exit.o) (__call_exitprocs)
d:/cmaketool/gnc-tools-arm-embedded/gcc-arm-none-eabi-10.3-2021.10/bin/../lib/gcc/arm-none-eabi/10.3.1/../../../../arm-none-eabi/lib/thumb/v7e-m+fp/hard\libg.a(lib_a-atexit.o)
                              d:/cmaketool/gnc-tools-arm-embedded/gcc-arm-none-eabi-10.3-2021.10/bin/../lib/gcc/arm-none-eabi/10.3.1/../../../../arm-none-eabi/lib/thumb/v7e-m+fp/hard\libg.a(lib_a-__call_atexit.o) (atexit)
d:/cmaketool/gnc-tools-arm-embedded/gcc-arm-none-eabi-10.3-2021.10/bin/../lib/gcc/arm-none-eabi/10.3.1/../../../../arm-none-eabi/lib/thumb/v7e-m+fp/hard\libg.a(lib_a-fini.o)
                              d:/cmaketool/gnc-tools-arm-embedded/gcc-arm-none-eabi-10.3-2021.10/bin/../lib/gcc/arm-none-eabi/10.3.1/../../../../arm-none-eabi/lib/thumb/v7e-m+fp/hard\libg.a(lib_a-__call_atexit.o) (__libc_fini_array)
d:/cmaketool/gnc-tools-arm-embedded/gcc-arm-none-eabi-10.3-2021.10/bin/../lib/gcc/arm-none-eabi/10.3.1/../../../../arm-none-eabi/lib/thumb/v7e-m+fp/hard\libg.a(lib_a-lock.o)
                              d:/cmaketool/gnc-tools-arm-embedded/gcc-arm-none-eabi-10.3-2021.10/bin/../lib/gcc/arm-none-eabi/10.3.1/../../../../arm-none-eabi/lib/thumb/v7e-m+fp/hard\libg.a(lib_a-__call_atexit.o) (__retarget_lock_acquire_recursive)
d:/cmaketool/gnc-tools-arm-embedded/gcc-arm-none-eabi-10.3-2021.10/bin/../lib/gcc/arm-none-eabi/10.3.1/../../../../arm-none-eabi/lib/thumb/v7e-m+fp/hard\libg.a(lib_a-__atexit.o)
[...]
Memory Configuration

Name             Origin             Length             Attributes
CCMRAM           0x10000000         0x00010000         xrw
RAM              0x20000000         0x00020000         xrw
FLASH            0x08000000         0x00100000         xr
*default*        0x00000000         0xffffffff

Linker script and memory map

LOAD d:/cmaketool/gnc-tools-arm-embedded/gcc-arm-none-eabi-10.3-2021.10/bin/../lib/gcc/arm-none-eabi/10.3.1/thumb/v7e-m+fp/hard/crti.o
LOAD d:/cmaketool/gnc-tools-arm-embedded/gcc-arm-none-eabi-10.3-2021.10/bin/../lib/gcc/arm-none-eabi/10.3.1/thumb/v7e-m+fp/hard/crtbegin.o
LOAD d:/cmaketool/gnc-tools-arm-embedded/gcc-arm-none-eabi-10.3-2021.10/bin/../lib/gcc/arm-none-eabi/10.3.1/../../../../arm-none-eabi/lib/thumb/v7e-m+fp/hard/crt0.o
LOAD CMakeFiles/BLDCF407.elf.dir/Core/Src/adc.c.obj
LOAD CMakeFiles/BLDCF407.elf.dir/Core/Src/bsp_DRV8303.c.obj
LOAD CMakeFiles/BLDCF407.elf.dir/Core/Src/bsp_key.c.obj
LOAD CMakeFiles/BLDCF407.elf.dir/Core/Src/bsp_led.c.obj
LOAD CMakeFiles/BLDCF407.elf.dir/Core/Src/bsp_motor_tim.c.obj
LOAD CMakeFiles/BLDCF407.elf.dir/Core/Src/bsp_spwm.c.obj
LOAD CMakeFiles/BLDCF407.elf.dir/Core/Src/bsp_usart.c.obj
LOAD CMakeFiles/BLDCF407.elf.dir/Core/Src/freertos.c.obj
LOAD CMakeFiles/BLDCF407.elf.dir/Core/Src/gpio.c.obj
LOAD CMakeFiles/BLDCF407.elf.dir/Core/Src/main.c.obj
LOAD CMakeFiles/BLDCF407.elf.dir/Core/Src/spi.c.obj
LOAD CMakeFiles/BLDCF407.elf.dir/Core/Src/stm32f4xx_hal_msp.c.obj
LOAD CMakeFiles/BLDCF407.elf.dir/Core/Src/stm32f4xx_it.c.obj
LOAD CMakeFiles/BLDCF407.elf.dir/Core/Src/syscalls.c.obj
LOAD CMakeFiles/BLDCF407.elf.dir/Core/Src/sysmem.c.obj
LOAD CMakeFiles/BLDCF407.elf.dir/Core/Src/system_stm32f4xx.c.obj
LOAD CMakeFiles/BLDCF407.elf.dir/Core/Startup/startup_stm32f407igtx.s.obj
LOAD CMakeFiles/BLDCF407.elf.dir/Drivers/STM32F4xx_HAL_Driver/Src/stm32f4xx_hal.c.obj
LOAD CMakeFiles/BLDCF407.elf.dir/Drivers/STM32F4xx_HAL_Driver/Src/stm32f4xx_hal_adc.c.obj
LOAD CMakeFiles/BLDCF407.elf.dir/Drivers/STM32F4xx_HAL_Driver/Src/stm32f4xx_hal_adc_ex.c.obj
LOAD CMakeFiles/BLDCF407.elf.dir/Drivers/STM32F4xx_HAL_Driver/Src/stm32f4xx_hal_cortex.c.obj
LOAD CMakeFiles/BLDCF407.elf.dir/Drivers/STM32F4xx_HAL_Driver/Src/stm32f4xx_hal_dma.c.obj
LOAD CMakeFiles/BLDCF407.elf.dir/Drivers/STM32F4xx_HAL_Driver/Src/stm32f4xx_hal_dma_ex.c.obj
LOAD CMakeFiles/BLDCF407.elf.dir/Drivers/STM32F4xx_HAL_Driver/Src/stm32f4xx_hal_exti.c.obj
LOAD CMakeFiles/BLDCF407.elf.dir/Drivers/STM32F4xx_HAL_Driver/Src/stm32f4xx_hal_flash.c.obj
LOAD CMakeFiles/BLDCF407.elf.dir/Drivers/STM32F4xx_HAL_Driver/Src/stm32f4xx_hal_flash_ex.c.obj
LOAD CMakeFiles/BLDCF407.elf.dir/Drivers/STM32F4xx_HAL_Driver/Src/stm32f4xx_hal_flash_ramfunc.c.obj
LOAD CMakeFiles/BLDCF407.elf.dir/Drivers/STM32F4xx_HAL_Driver/Src/stm32f4xx_hal_gpio.c.obj
LOAD CMakeFiles/BLDCF407.elf.dir/Drivers/STM32F4xx_HAL_Driver/Src/stm32f4xx_hal_pwr.c.obj
LOAD CMakeFiles/BLDCF407.elf.dir/Drivers/STM32F4xx_HAL_Driver/Src/stm32f4xx_hal_pwr_ex.c.obj
LOAD CMakeFiles/BLDCF407.elf.dir/Drivers/STM32F4xx_HAL_Driver/Src/stm32f4xx_hal_rcc.c.obj
LOAD CMakeFiles/BLDCF407.elf.dir/Drivers/STM32F4xx_HAL_Driver/Src/stm32f4xx_hal_rcc_ex.c.obj
LOAD CMakeFiles/BLDCF407.elf.dir/Drivers/STM32F4xx_HAL_Driver/Src/stm32f4xx_hal_spi.c.obj
LOAD CMakeFiles/BLDCF407.elf.dir/Drivers/STM32F4xx_HAL_Driver/Src/stm32f4xx_hal_tim.c.obj
LOAD CMakeFiles/BLDCF407.elf.dir/Drivers/STM32F4xx_HAL_Driver/Src/stm32f4xx_hal_tim_ex.c.obj
LOAD CMakeFiles/BLDCF407.elf.dir/Drivers/STM32F4xx_HAL_Driver/Src/stm32f4xx_hal_uart.c.obj
LOAD CMakeFiles/BLDCF407.elf.dir/Drivers/STM32F4xx_HAL_Driver/Src/stm32f4xx_hal_usart.c.obj
LOAD CMakeFiles/BLDCF407.elf.dir/Drivers/STM32F4xx_HAL_Driver/Src/stm32f4xx_ll_adc.c.obj
LOAD CMakeFiles/BLDCF407.elf.dir/Drivers/STM32F4xx_HAL_Driver/Src/stm32f4xx_ll_usart.c.obj
LOAD CMakeFiles/BLDCF407.elf.dir/Middlewares/Third_Party/FreeRTOS/Source/CMSIS_RTOS/cmsis_os.c.obj
LOAD CMakeFiles/BLDCF407.elf.dir/Middlewares/Third_Party/FreeRTOS/Source/croutine.c.obj
LOAD CMakeFiles/BLDCF407.elf.dir/Middlewares/Third_Party/FreeRTOS/Source/event_groups.c.obj
LOAD CMakeFiles/BLDCF407.elf.dir/Middlewares/Third_Party/FreeRTOS/Source/list.c.obj
LOAD CMakeFiles/BLDCF407.elf.dir/Middlewares/Third_Party/FreeRTOS/Source/portable/GCC/ARM_CM4F/port.c.obj
LOAD CMakeFiles/BLDCF407.elf.dir/Middlewares/Third_Party/FreeRTOS/Source/portable/MemMang/heap_4.c.obj
LOAD CMakeFiles/BLDCF407.elf.dir/Middlewares/Third_Party/FreeRTOS/Source/queue.c.obj
LOAD CMakeFiles/BLDCF407.elf.dir/Middlewares/Third_Party/FreeRTOS/Source/stream_buffer.c.obj
LOAD CMakeFiles/BLDCF407.elf.dir/Middlewares/Third_Party/FreeRTOS/Source/tasks.c.obj
LOAD CMakeFiles/BLDCF407.elf.dir/Middlewares/Third_Party/FreeRTOS/Source/timers.c.obj
START GROUP
LOAD d:/cmaketool/gnc-tools-arm-embedded/gcc-arm-none-eabi-10.3-2021.10/bin/../lib/gcc/arm-none-eabi/10.3.1/thumb/v7e-m+fp/hard\libgcc.a
LOAD d:/cmaketool/gnc-tools-arm-embedded/gcc-arm-none-eabi-10.3-2021.10/bin/../lib/gcc/arm-none-eabi/10.3.1/../../../../arm-none-eabi/lib/thumb/v7e-m+fp/hard\libg.a
LOAD d:/cmaketool/gnc-tools-arm-embedded/gcc-arm-none-eabi-10.3-2021.10/bin/../lib/gcc/arm-none-eabi/10.3.1/../../../../arm-none-eabi/lib/thumb/v7e-m+fp/hard\libc.a
END GROUP
LOAD d:/cmaketool/gnc-tools-arm-embedded/gcc-arm-none-eabi-10.3-2021.10/bin/../lib/gcc/arm-none-eabi/10.3.1/thumb/v7e-m+fp/hard/crtend.o
LOAD d:/cmaketool/gnc-tools-arm-embedded/gcc-arm-none-eabi-10.3-2021.10/bin/../lib/gcc/arm-none-eabi/10.3.1/thumb/v7e-m+fp/hard/crtn.o
                0x20020000                _estack = (ORIGIN (RAM) + LENGTH (RAM))
                0x00000200                _Min_Heap_Size = 0x200
                0x00000400                _Min_Stack_Size = 0x400

.isr_vector     0x08000000      0x188
                0x08000000                . = ALIGN (0x4)
 *(.isr_vector)
 .isr_vector    0x08000000      0x188 CMakeFiles/BLDCF407.elf.dir/Core/Startup/startup_stm32f407igtx.s.obj
                0x08000000                g_pfnVectors
                0x08000188                . = ALIGN (0x4)

.text           0x08000190     0x3980
                0x08000190                . = ALIGN (0x4)
 *(.text)
 .text          0x08000190       0x40 d:/cmaketool/gnc-tools-arm-embedded/gcc-arm-none-eabi-10.3-2021.10/bin/../lib/gcc/arm-none-eabi/10.3.1/thumb/v7e-m+fp/hard/crtbegin.o
 .text          0x080001d0       0x30 d:/cmaketool/gnc-tools-arm-embedded/gcc-arm-none-eabi-10.3-2021.10/bin/../lib/gcc/arm-none-eabi/10.3.1/thumb/v7e-m+fp/hard\libgcc.a(_aeabi_uldivmod.o)
                0x080001d0                __aeabi_uldivmod
 .text          0x08000200      0x2d0 d:/cmaketool/gnc-tools-arm-embedded/gcc-arm-none-eabi-10.3-2021.10/bin/../lib/gcc/arm-none-eabi/10.3.1/thumb/v7e-m+fp/hard\libgcc.a(_udivmoddi4.o)
                0x08000200                __udivmoddi4
 .text          0x080004d0        0x4 d:/cmaketool/gnc-tools-arm-embedded/gcc-arm-none-eabi-10.3-2021.10/bin/../lib/gcc/arm-none-eabi/10.3.1/thumb/v7e-m+fp/hard\libgcc.a(_dvmd_tls.o)
                0x080004d0                __aeabi_idiv0
                0x080004d0                __aeabi_ldiv0
 *(.text*)
 .text.DRV8303_EN_GATE_GPIO_Init
                0x080004d4       0x68 CMakeFiles/BLDCF407.elf.dir/Core/Src/bsp_DRV8303.c.obj
                0x080004d4                DRV8303_EN_GATE_GPIO_Init
 .text.DRV8303_EN_GATE1_HIGH
                0x0800053c       0x14 CMakeFiles/BLDCF407.elf.dir/Core/Src/bsp_DRV8303.c.obj
                0x0800053c                DRV8303_EN_GATE1_HIGH
 .text.DRV8303_EN_GATE2_HIGH
                0x08000550       0x14 CMakeFiles/BLDCF407.elf.dir/Core/Src/bsp_DRV8303.c.obj
                0x08000550                DRV8303_EN_GATE2_HIGH
 .text.DRV8303_WriteWord
                0x08000564       0x58 CMakeFiles/BLDCF407.elf.dir/Core/Src/bsp_DRV8303.c.obj
                0x08000564                DRV8303_WriteWord
 .text.DRV8303_Init
                0x080005bc       0x44 CMakeFiles/BLDCF407.elf.dir/Core/Src/bsp_DRV8303.c.obj
                0x080005bc                DRV8303_Init
 .text.Key_GPIO_Config
                0x08000600       0xc8 CMakeFiles/BLDCF407.elf.dir/Core/Src/bsp_key.c.obj
                0x08000600                Key_GPIO_Config
 .text.LED_GPIO_Config
                0x080006c8       0xc0 CMakeFiles/BLDCF407.elf.dir/Core/Src/bsp_led.c.obj
                0x080006c8                LED_GPIO_Config
 .text.TIM1_GPIO_Config
                0x08000788      0x10c CMakeFiles/BLDCF407.elf.dir/Core/Src/bsp_motor_tim.c.obj
 .text.TIM1_Mode_Config
                0x08000894       0xf4 CMakeFiles/BLDCF407.elf.dir/Core/Src/bsp_motor_tim.c.obj
 .text.TIMx_Configuration
                0x08000988        0xc CMakeFiles/BLDCF407.elf.dir/Core/Src/bsp_motor_tim.c.obj
                0x08000988                TIMx_Configuration
 .text.config_Sinusoidal
                0x08000994       0xf4 CMakeFiles/BLDCF407.elf.dir/Core/Src/bsp_spwm.c.obj
                0x08000994                config_Sinusoidal
 .text.HAL_TIM_PeriodElapsedCallback
                0x08000a88       0xd8 CMakeFiles/BLDCF407.elf.dir/Core/Src/bsp_spwm.c.obj
                0x08000a88                HAL_TIM_PeriodElapsedCallback
 .text.HAL_SYSTICK_Callback
                0x08000b60       0x24 CMakeFiles/BLDCF407.elf.dir/Core/Src/bsp_spwm.c.obj
                0x08000b60                HAL_SYSTICK_Callback
 .text.PushArr  0x08000b84       0x3c CMakeFiles/BLDCF407.elf.dir/Core/Src/bsp_usart.c.obj
                0x08000b84                PushArr
 .text.Error_Handler
                0x08000bc0        0x4 CMakeFiles/BLDCF407.elf.dir/Core/Src/main.c.obj
                0x08000bc0                Error_Handler
 .text.SystemClock_Config
                0x08000bc4       0xec CMakeFiles/BLDCF407.elf.dir/Core/Src/main.c.obj
                0x08000bc4                SystemClock_Config
 .text.main     0x08000cb0       0xe8 CMakeFiles/BLDCF407.elf.dir/Core/Src/main.c.obj
                0x08000cb0                main
 .text.SPI1_GPIO_INIT
                0x08000d98       0xd0 CMakeFiles/BLDCF407.elf.dir/Core/Src/spi.c.obj
                0x08000d98                SPI1_GPIO_INIT
 .text.SPI3_GPIO_INIT
                0x08000e68       0xd0 CMakeFiles/BLDCF407.elf.dir/Core/Src/spi.c.obj
                0x08000e68                SPI3_GPIO_INIT
 .text.DRV8303_SPI1_Config
                0x08000f38       0x68 CMakeFiles/BLDCF407.elf.dir/Core/Src/spi.c.obj
                0x08000f38                DRV8303_SPI1_Config
 .text.DRV8303_SPI3_Config
                0x08000fa0       0x68 CMakeFiles/BLDCF407.elf.dir/Core/Src/spi.c.obj
                0x08000fa0                DRV8303_SPI3_Config
 .text.DRV8303_SPI_Init
                0x08001008       0x14 CMakeFiles/BLDCF407.elf.dir/Core/Src/spi.c.obj
                0x08001008                DRV8303_SPI_Init
 .text.SPI_Write_Read_Data
                0x0800101c       0x2e CMakeFiles/BLDCF407.elf.dir/Core/Src/spi.c.obj
                0x0800101c                SPI_Write_Read_Data
 *fill*         0x0800104a        0x2 
 .text.DRV8303_SPI_ReadWrite
                0x0800104c       0xb8 CMakeFiles/BLDCF407.elf.dir/Core/Src/spi.c.obj
                0x0800104c                DRV8303_SPI_ReadWrite
 .text.HAL_MspInit
                0x08001104       0x44 CMakeFiles/BLDCF407.elf.dir/Core/Src/stm32f4xx_hal_msp.c.obj
                0x08001104                HAL_MspInit
 .text.NMI_Handler
                0x08001148        0x2 CMakeFiles/BLDCF407.elf.dir/Core/Src/stm32f4xx_it.c.obj
                0x08001148                NMI_Handler
 .text.HardFault_Handler
                0x0800114a        0x2 CMakeFiles/BLDCF407.elf.dir/Core/Src/stm32f4xx_it.c.obj
                0x0800114a                HardFault_Handler
 .text.MemManage_Handler
                0x0800114c        0x2 CMakeFiles/BLDCF407.elf.dir/Core/Src/stm32f4xx_it.c.obj
                0x0800114c                MemManage_Handler
 .text.BusFault_Handler
                0x0800114e        0x2 CMakeFiles/BLDCF407.elf.dir/Core/Src/stm32f4xx_it.c.obj
                0x0800114e                BusFault_Handler
 .text.UsageFault_Handler
                0x08001150        0x2 CMakeFiles/BLDCF407.elf.dir/Core/Src/stm32f4xx_it.c.obj
                0x08001150                UsageFault_Handler
 .text.DebugMon_Handler
                0x08001152        0x2 CMakeFiles/BLDCF407.elf.dir/Core/Src/stm32f4xx_it.c.obj
                0x08001152                DebugMon_Handler
 .text.SysTick_Handler
                0x08001154       0x1a CMakeFiles/BLDCF407.elf.dir/Core/Src/stm32f4xx_it.c.obj
                0x08001154                SysTick_Handler
 *fill*         0x0800116e        0x2 
 .text.USART1_IRQHandler
                0x08001170       0x44 CMakeFiles/BLDCF407.elf.dir/Core/Src/stm32f4xx_it.c.obj
                0x08001170                USART1_IRQHandler
 .text.TIM1_UP_TIM10_IRQHandler
                0x080011b4       0x10 CMakeFiles/BLDCF407.elf.dir/Core/Src/stm32f4xx_it.c.obj
                0x080011b4                TIM1_UP_TIM10_IRQHandler
 .text.SystemInit
                0x080011c4       0x14 CMakeFiles/BLDCF407.elf.dir/Core/Src/system_stm32f4xx.c.obj
                0x080011c4                SystemInit
 .text.Reset_Handler
                0x080011d8       0x50 CMakeFiles/BLDCF407.elf.dir/Core/Startup/startup_stm32f407igtx.s.obj
                0x080011d8                Reset_Handler
 .text.Default_Handler
                0x08001228        0x2 CMakeFiles/BLDCF407.elf.dir/Core/Startup/startup_stm32f407igtx.s.obj
                0x08001228                RTC_Alarm_IRQHandler
                0x08001228                HASH_RNG_IRQHandler
                0x08001228                EXTI2_IRQHandler
                0x08001228                TIM8_CC_IRQHandler
                0x08001228                TIM1_CC_IRQHandler
                0x08001228                DMA2_Stream5_IRQHandler
                0x08001228                DMA1_Stream5_IRQHandler
                0x08001228                PVD_IRQHandler
                0x08001228                SDIO_IRQHandler
                0x08001228                TAMP_STAMP_IRQHandler
                0x08001228                CAN2_RX1_IRQHandler
                0x08001228                EXTI3_IRQHandler
                0x08001228                TIM8_TRG_COM_TIM14_IRQHandler
                0x08001228                TIM8_UP_TIM13_IRQHandler
                0x08001228                I2C3_ER_IRQHandler
                0x08001228                EXTI0_IRQHandler
                0x08001228                I2C2_EV_IRQHandler
                0x08001228                DMA1_Stream2_IRQHandler
                0x08001228                CAN1_RX0_IRQHandler
                0x08001228                FPU_IRQHandler
                0x08001228                OTG_HS_WKUP_IRQHandler
                0x08001228                CAN2_SCE_IRQHandler
                0x08001228                DMA2_Stream2_IRQHandler
                0x08001228                SPI1_IRQHandler
                0x08001228                TIM6_DAC_IRQHandler
                0x08001228                TIM1_BRK_TIM9_IRQHandler
                0x08001228                DCMI_IRQHandler
                0x08001228                CAN2_RX0_IRQHandler
                0x08001228                DMA2_Stream3_IRQHandler
                0x08001228                USART6_IRQHandler
                0x08001228                USART3_IRQHandler
                0x08001228                CAN1_RX1_IRQHandler
                0x08001228                UART5_IRQHandler
                0x08001228                DMA2_Stream0_IRQHandler
                0x08001228                TIM4_IRQHandler
                0x08001228                I2C1_EV_IRQHandler
                0x08001228                DMA1_Stream6_IRQHandler
                0x08001228                DMA1_Stream1_IRQHandler
                0x08001228                UART4_IRQHandler
                0x08001228                TIM3_IRQHandler
                0x08001228                RCC_IRQHandler
                0x08001228                TIM8_BRK_TIM12_IRQHandler
                0x08001228                Default_Handler
                0x08001228                EXTI15_10_IRQHandler
                0x08001228                ADC_IRQHandler
                0x08001228                DMA1_Stream7_IRQHandler
                0x08001228                TIM7_IRQHandler
                0x08001228                CAN2_TX_IRQHandler
                0x08001228                TIM5_IRQHandler
                0x08001228                DMA2_Stream7_IRQHandler
                0x08001228                I2C3_EV_IRQHandler
                0x08001228                EXTI9_5_IRQHandler
                0x08001228                RTC_WKUP_IRQHandler
                0x08001228                ETH_WKUP_IRQHandler
                0x08001228                SPI2_IRQHandler
                0x08001228                OTG_HS_EP1_IN_IRQHandler
                0x08001228                DMA1_Stream0_IRQHandler
                0x08001228                CAN1_TX_IRQHandler
                0x08001228                EXTI4_IRQHandler
                0x08001228                FSMC_IRQHandler
                0x08001228                ETH_IRQHandler
                0x08001228                OTG_HS_EP1_OUT_IRQHandler
                0x08001228                WWDG_IRQHandler
                0x08001228                TIM2_IRQHandler
                0x08001228                OTG_FS_WKUP_IRQHandler
                0x08001228                TIM1_TRG_COM_TIM11_IRQHandler
                0x08001228                OTG_HS_IRQHandler
                0x08001228                EXTI1_IRQHandler
                0x08001228                USART2_IRQHandler
                0x08001228                I2C2_ER_IRQHandler
                0x08001228                DMA2_Stream1_IRQHandler
                0x08001228                CAN1_SCE_IRQHandler
                0x08001228                FLASH_IRQHandler
                0x08001228                DMA2_Stream4_IRQHandler
                0x08001228                OTG_FS_IRQHandler
                0x08001228                SPI3_IRQHandler
                0x08001228                DMA1_Stream4_IRQHandler
                0x08001228                I2C1_ER_IRQHandler
                0x08001228                DMA2_Stream6_IRQHandler
                0x08001228                DMA1_Stream3_IRQHandler
 *fill*         0x0800122a        0x2 
 .text.HAL_InitTick
                0x0800122c       0x4c CMakeFiles/BLDCF407.elf.dir/Drivers/STM32F4xx_HAL_Driver/Src/stm32f4xx_hal.c.obj
                0x0800122c                HAL_InitTick
 .text.HAL_Init
                0x08001278       0x34 CMakeFiles/BLDCF407.elf.dir/Drivers/STM32F4xx_HAL_Driver/Src/stm32f4xx_hal.c.obj
                0x08001278                HAL_Init
 .text.HAL_IncTick
                0x080012ac       0x18 CMakeFiles/BLDCF407.elf.dir/Drivers/STM32F4xx_HAL_Driver/Src/stm32f4xx_hal.c.obj
                0x080012ac                HAL_IncTick
 .text.HAL_GetTick
                0x080012c4        0xc CMakeFiles/BLDCF407.elf.dir/Drivers/STM32F4xx_HAL_Driver/Src/stm32f4xx_hal.c.obj
                0x080012c4                HAL_GetTick
 .text.HAL_Delay
                0x080012d0       0x28 CMakeFiles/BLDCF407.elf.dir/Drivers/STM32F4xx_HAL_Driver/Src/stm32f4xx_hal.c.obj
                0x080012d0                HAL_Delay
 .text.HAL_GetREVID
                0x080012f8        0xc CMakeFiles/BLDCF407.elf.dir/Drivers/STM32F4xx_HAL_Driver/Src/stm32f4xx_hal.c.obj
                0x080012f8                HAL_GetREVID
 .text.HAL_NVIC_SetPriorityGrouping
                0x08001304       0x24 CMakeFiles/BLDCF407.elf.dir/Drivers/STM32F4xx_HAL_Driver/Src/stm32f4xx_hal_cortex.c.obj
                0x08001304                HAL_NVIC_SetPriorityGrouping
 .text.HAL_NVIC_SetPriority
                0x08001328       0x70 CMakeFiles/BLDCF407.elf.dir/Drivers/STM32F4xx_HAL_Driver/Src/stm32f4xx_hal_cortex.c.obj
                0x08001328                HAL_NVIC_SetPriority
 .text.HAL_NVIC_EnableIRQ
                0x08001398       0x1c CMakeFiles/BLDCF407.elf.dir/Drivers/STM32F4xx_HAL_Driver/Src/stm32f4xx_hal_cortex.c.obj
                0x08001398                HAL_NVIC_EnableIRQ
 .text.HAL_SYSTICK_Config
                0x080013b4       0x28 CMakeFiles/BLDCF407.elf.dir/Drivers/STM32F4xx_HAL_Driver/Src/stm32f4xx_hal_cortex.c.obj
                0x080013b4                HAL_SYSTICK_Config
 .text.HAL_SYSTICK_CLKSourceConfig
                0x080013dc       0x20 CMakeFiles/BLDCF407.elf.dir/Drivers/STM32F4xx_HAL_Driver/Src/stm32f4xx_hal_cortex.c.obj
                0x080013dc                HAL_SYSTICK_CLKSourceConfig
 .text.HAL_SYSTICK_IRQHandler
                0x080013fc        0x8 CMakeFiles/BLDCF407.elf.dir/Drivers/STM32F4xx_HAL_Driver/Src/stm32f4xx_hal_cortex.c.obj
                0x080013fc                HAL_SYSTICK_IRQHandler
 .text.HAL_DMA_Abort_IT
                0x08001404       0x26 CMakeFiles/BLDCF407.elf.dir/Drivers/STM32F4xx_HAL_Driver/Src/stm32f4xx_hal_dma.c.obj
                0x08001404                HAL_DMA_Abort_IT
 *fill*         0x0800142a        0x2 
 .text.HAL_GPIO_Init
                0x0800142c      0x1e4 CMakeFiles/BLDCF407.elf.dir/Drivers/STM32F4xx_HAL_Driver/Src/stm32f4xx_hal_gpio.c.obj
                0x0800142c                HAL_GPIO_Init
 .text.HAL_GPIO_WritePin
                0x08001610        0xc CMakeFiles/BLDCF407.elf.dir/Drivers/STM32F4xx_HAL_Driver/Src/stm32f4xx_hal_gpio.c.obj
                0x08001610                HAL_GPIO_WritePin
 .text.HAL_RCC_OscConfig
                0x0800161c      0x3f8 CMakeFiles/BLDCF407.elf.dir/Drivers/STM32F4xx_HAL_Driver/Src/stm32f4xx_hal_rcc.c.obj
                0x0800161c                HAL_RCC_OscConfig
 .text.HAL_RCC_GetSysClockFreq
                0x08001a14       0xd4 CMakeFiles/BLDCF407.elf.dir/Drivers/STM32F4xx_HAL_Driver/Src/stm32f4xx_hal_rcc.c.obj
                0x08001a14                HAL_RCC_GetSysClockFreq
 .text.HAL_RCC_ClockConfig
                0x08001ae8      0x160 CMakeFiles/BLDCF407.elf.dir/Drivers/STM32F4xx_HAL_Driver/Src/stm32f4xx_hal_rcc.c.obj
                0x08001ae8                HAL_RCC_ClockConfig
 .text.HAL_RCC_GetHCLKFreq
                0x08001c48        0xc CMakeFiles/BLDCF407.elf.dir/Drivers/STM32F4xx_HAL_Driver/Src/stm32f4xx_hal_rcc.c.obj
                0x08001c48                HAL_RCC_GetHCLKFreq
 .text.HAL_SPI_MspInit
                0x08001c54        0x2 CMakeFiles/BLDCF407.elf.dir/Drivers/STM32F4xx_HAL_Driver/Src/stm32f4xx_hal_spi.c.obj
                0x08001c54                HAL_SPI_MspInit
 .text.HAL_SPI_Init
                0x08001c56       0xbe CMakeFiles/BLDCF407.elf.dir/Drivers/STM32F4xx_HAL_Driver/Src/stm32f4xx_hal_spi.c.obj
                0x08001c56                HAL_SPI_Init
 .text.SPI_I2S_SendData
                0x08001d14        0x4 CMakeFiles/BLDCF407.elf.dir/Drivers/STM32F4xx_HAL_Driver/Src/stm32f4xx_hal_spi.c.obj
                0x08001d14                SPI_I2S_SendData
 .text.SPI_I2S_ReceiveData
                0x08001d18        0x6 CMakeFiles/BLDCF407.elf.dir/Drivers/STM32F4xx_HAL_Driver/Src/stm32f4xx_hal_spi.c.obj
                0x08001d18                SPI_I2S_ReceiveData
 .text.SPI_GetFlagStatus
                0x08001d1e        0xe CMakeFiles/BLDCF407.elf.dir/Drivers/STM32F4xx_HAL_Driver/Src/stm32f4xx_hal_spi.c.obj
                0x08001d1e                SPI_GetFlagStatus
 .text.TIM_OC1_SetConfig
                0x08001d2c       0x68 CMakeFiles/BLDCF407.elf.dir/Drivers/STM32F4xx_HAL_Driver/Src/stm32f4xx_hal_tim.c.obj
 .text.TIM_OC3_SetConfig
                0x08001d94       0x70 CMakeFiles/BLDCF407.elf.dir/Drivers/STM32F4xx_HAL_Driver/Src/stm32f4xx_hal_tim.c.obj
 .text.TIM_OC4_SetConfig
                0x08001e04       0x50 CMakeFiles/BLDCF407.elf.dir/Drivers/STM32F4xx_HAL_Driver/Src/stm32f4xx_hal_tim.c.obj
 .text.TIM_TI1_ConfigInputStage
                0x08001e54       0x26 CMakeFiles/BLDCF407.elf.dir/Drivers/STM32F4xx_HAL_Driver/Src/stm32f4xx_hal_tim.c.obj
 .text.TIM_TI2_ConfigInputStage
                0x08001e7a       0x28 CMakeFiles/BLDCF407.elf.dir/Drivers/STM32F4xx_HAL_Driver/Src/stm32f4xx_hal_tim.c.obj
 .text.TIM_ITRx_SetConfig
                0x08001ea2       0x10 CMakeFiles/BLDCF407.elf.dir/Drivers/STM32F4xx_HAL_Driver/Src/stm32f4xx_hal_tim.c.obj
 *fill*         0x08001eb2        0x2 
 .text.HAL_TIM_Base_Start_IT
                0x08001eb4       0x88 CMakeFiles/BLDCF407.elf.dir/Drivers/STM32F4xx_HAL_Driver/Src/stm32f4xx_hal_tim.c.obj
                0x08001eb4                HAL_TIM_Base_Start_IT
 .text.HAL_TIM_PWM_MspInit
                0x08001f3c        0x2 CMakeFiles/BLDCF407.elf.dir/Drivers/STM32F4xx_HAL_Driver/Src/stm32f4xx_hal_tim.c.obj
                0x08001f3c                HAL_TIM_PWM_MspInit
 .text.HAL_TIM_OC_DelayElapsedCallback
                0x08001f3e        0x2 CMakeFiles/BLDCF407.elf.dir/Drivers/STM32F4xx_HAL_Driver/Src/stm32f4xx_hal_tim.c.obj
                0x08001f3e                HAL_TIM_OC_DelayElapsedCallback
 .text.HAL_TIM_IC_CaptureCallback
                0x08001f40        0x2 CMakeFiles/BLDCF407.elf.dir/Drivers/STM32F4xx_HAL_Driver/Src/stm32f4xx_hal_tim.c.obj
                0x08001f40                HAL_TIM_IC_CaptureCallback
 .text.HAL_TIM_PWM_PulseFinishedCallback
                0x08001f42        0x2 CMakeFiles/BLDCF407.elf.dir/Drivers/STM32F4xx_HAL_Driver/Src/stm32f4xx_hal_tim.c.obj
                0x08001f42                HAL_TIM_PWM_PulseFinishedCallback
 .text.HAL_TIM_TriggerCallback
                0x08001f44        0x2 CMakeFiles/BLDCF407.elf.dir/Drivers/STM32F4xx_HAL_Driver/Src/stm32f4xx_hal_tim.c.obj
                0x08001f44                HAL_TIM_TriggerCallback
 .text.HAL_TIM_IRQHandler
                0x08001f46      0x17a CMakeFiles/BLDCF407.elf.dir/Drivers/STM32F4xx_HAL_Driver/Src/stm32f4xx_hal_tim.c.obj
                0x08001f46                HAL_TIM_IRQHandler
 .text.TIM_Base_SetConfig
                0x080020c0       0xc8 CMakeFiles/BLDCF407.elf.dir/Drivers/STM32F4xx_HAL_Driver/Src/stm32f4xx_hal_tim.c.obj
                0x080020c0                TIM_Base_SetConfig
 .text.HAL_TIM_PWM_Init
                0x08002188       0x58 CMakeFiles/BLDCF407.elf.dir/Drivers/STM32F4xx_HAL_Driver/Src/stm32f4xx_hal_tim.c.obj
                0x08002188                HAL_TIM_PWM_Init
 .text.TIM_OC2_SetConfig
                0x080021e0       0x70 CMakeFiles/BLDCF407.elf.dir/Drivers/STM32F4xx_HAL_Driver/Src/stm32f4xx_hal_tim.c.obj
                0x080021e0                TIM_OC2_SetConfig
 .text.HAL_TIM_PWM_ConfigChannel
                0x08002250       0xdc CMakeFiles/BLDCF407.elf.dir/Drivers/STM32F4xx_HAL_Driver/Src/stm32f4xx_hal_tim.c.obj
                0x08002250                HAL_TIM_PWM_ConfigChannel
 .text.TIM_ETR_SetConfig
                0x0800232c       0x1a CMakeFiles/BLDCF407.elf.dir/Drivers/STM32F4xx_HAL_Driver/Src/stm32f4xx_hal_tim.c.obj
                0x0800232c                TIM_ETR_SetConfig
 .text.HAL_TIM_ConfigClockSource
                0x08002346       0xfe CMakeFiles/BLDCF407.elf.dir/Drivers/STM32F4xx_HAL_Driver/Src/stm32f4xx_hal_tim.c.obj
                0x08002346                HAL_TIM_ConfigClockSource
 .text.TIM_CCxChannelCmd
                0x08002444       0x1e CMakeFiles/BLDCF407.elf.dir/Drivers/STM32F4xx_HAL_Driver/Src/stm32f4xx_hal_tim.c.obj
                0x08002444                TIM_CCxChannelCmd
 *fill*         0x08002462        0x2 
 .text.HAL_TIM_PWM_Start
                0x08002464      0x104 CMakeFiles/BLDCF407.elf.dir/Drivers/STM32F4xx_HAL_Driver/Src/stm32f4xx_hal_tim.c.obj
                0x08002464                HAL_TIM_PWM_Start
 .text.TIM_CCxNChannelCmd
                0x08002568       0x1e CMakeFiles/BLDCF407.elf.dir/Drivers/STM32F4xx_HAL_Driver/Src/stm32f4xx_hal_tim_ex.c.obj
 *fill*         0x08002586        0x2 
 .text.HAL_TIMEx_PWMN_Start
                0x08002588       0xf8 CMakeFiles/BLDCF407.elf.dir/Drivers/STM32F4xx_HAL_Driver/Src/stm32f4xx_hal_tim_ex.c.obj
                0x08002588                HAL_TIMEx_PWMN_Start
 .text.HAL_TIMEx_MasterConfigSynchronization
                0x08002680       0x8c CMakeFiles/BLDCF407.elf.dir/Drivers/STM32F4xx_HAL_Driver/Src/stm32f4xx_hal_tim_ex.c.obj
                0x08002680                HAL_TIMEx_MasterConfigSynchronization
 .text.HAL_TIMEx_ConfigBreakDeadTime
                0x0800270c       0x52 CMakeFiles/BLDCF407.elf.dir/Drivers/STM32F4xx_HAL_Driver/Src/stm32f4xx_hal_tim_ex.c.obj
                0x0800270c                HAL_TIMEx_ConfigBreakDeadTime
 .text.HAL_TIMEx_CommutCallback
                0x0800275e        0x2 CMakeFiles/BLDCF407.elf.dir/Drivers/STM32F4xx_HAL_Driver/Src/stm32f4xx_hal_tim_ex.c.obj
                0x0800275e                HAL_TIMEx_CommutCallback
 .text.HAL_TIMEx_BreakCallback
                0x08002760        0x2 CMakeFiles/BLDCF407.elf.dir/Drivers/STM32F4xx_HAL_Driver/Src/stm32f4xx_hal_tim_ex.c.obj
                0x08002760                HAL_TIMEx_BreakCallback
 .text.UART_EndRxTransfer
                0x08002762       0x1c CMakeFiles/BLDCF407.elf.dir/Drivers/STM32F4xx_HAL_Driver/Src/stm32f4xx_hal_uart.c.obj
 .text.UART_Transmit_IT
                0x0800277e       0x66 CMakeFiles/BLDCF407.elf.dir/Drivers/STM32F4xx_HAL_Driver/Src/stm32f4xx_hal_uart.c.obj
 .text.HAL_UART_TxCpltCallback
                0x080027e4        0x2 CMakeFiles/BLDCF407.elf.dir/Drivers/STM32F4xx_HAL_Driver/Src/stm32f4xx_hal_uart.c.obj
                0x080027e4                HAL_UART_TxCpltCallback
 .text.UART_EndTransmit_IT
                0x080027e6       0x1a CMakeFiles/BLDCF407.elf.dir/Drivers/STM32F4xx_HAL_Driver/Src/stm32f4xx_hal_uart.c.obj
 .text.HAL_UART_RxCpltCallback
                0x08002800        0x2 CMakeFiles/BLDCF407.elf.dir/Drivers/STM32F4xx_HAL_Driver/Src/stm32f4xx_hal_uart.c.obj
                0x08002800                HAL_UART_RxCpltCallback
 .text.UART_Receive_IT
                0x08002802       0x9e CMakeFiles/BLDCF407.elf.dir/Drivers/STM32F4xx_HAL_Driver/Src/stm32f4xx_hal_uart.c.obj
 .text.HAL_UART_ErrorCallback
                0x080028a0        0x2 CMakeFiles/BLDCF407.elf.dir/Drivers/STM32F4xx_HAL_Driver/Src/stm32f4xx_hal_uart.c.obj
                0x080028a0                HAL_UART_ErrorCallback
 *fill*         0x080028a2        0x2 
 .text.HAL_UART_IRQHandler
                0x080028a4      0x120 CMakeFiles/BLDCF407.elf.dir/Drivers/STM32F4xx_HAL_Driver/Src/stm32f4xx_hal_uart.c.obj
                0x080028a4                HAL_UART_IRQHandler
 .text.UART_DMAAbortOnError
                0x080029c4       0x10 CMakeFiles/BLDCF407.elf.dir/Drivers/STM32F4xx_HAL_Driver/Src/stm32f4xx_hal_uart.c.obj
 .text.vListInsertEnd
                0x080029d4       0x16 CMakeFiles/BLDCF407.elf.dir/Middlewares/Third_Party/FreeRTOS/Source/list.c.obj
                0x080029d4                vListInsertEnd
 .text.uxListRemove
                0x080029ea       0x26 CMakeFiles/BLDCF407.elf.dir/Middlewares/Third_Party/FreeRTOS/Source/list.c.obj
                0x080029ea                uxListRemove
 .text.SVC_Handler
                0x08002a10       0x24 CMakeFiles/BLDCF407.elf.dir/Middlewares/Third_Party/FreeRTOS/Source/portable/GCC/ARM_CM4F/port.c.obj
                0x08002a10                SVC_Handler
 *fill*         0x08002a34        0xc 
 .text.PendSV_Handler
                0x08002a40       0x64 CMakeFiles/BLDCF407.elf.dir/Middlewares/Third_Party/FreeRTOS/Source/portable/GCC/ARM_CM4F/port.c.obj
                0x08002a40                PendSV_Handler
 .text.xPortSysTickHandler
                0x08002aa4       0x2c CMakeFiles/BLDCF407.elf.dir/Middlewares/Third_Party/FreeRTOS/Source/portable/GCC/ARM_CM4F/port.c.obj
                0x08002aa4                xPortSysTickHandler
 .text.prvResetNextTaskUnblockTime
                0x08002ad0       0x2c CMakeFiles/BLDCF407.elf.dir/Middlewares/Third_Party/FreeRTOS/Source/tasks.c.obj
 .text.xTaskIncrementTick
                0x08002afc      0x118 CMakeFiles/BLDCF407.elf.dir/Middlewares/Third_Party/FreeRTOS/Source/tasks.c.obj
                0x08002afc                xTaskIncrementTick
 .text.vTaskSwitchContext
                0x08002c14       0x98 CMakeFiles/BLDCF407.elf.dir/Middlewares/Third_Party/FreeRTOS/Source/tasks.c.obj
                0x08002c14                vTaskSwitchContext
 .text.xTaskGetSchedulerState
                0x08002cac       0x20 CMakeFiles/BLDCF407.elf.dir/Middlewares/Third_Party/FreeRTOS/Source/tasks.c.obj
                0x08002cac                xTaskGetSchedulerState
 .text.__libc_init_array
                0x08002ccc       0x48 d:/cmaketool/gnc-tools-arm-embedded/gcc-arm-none-eabi-10.3-2021.10/bin/../lib/gcc/arm-none-eabi/10.3.1/../../../../arm-none-eabi/lib/thumb/v7e-m+fp/hard\libg.a(lib_a-init.o)
                0x08002ccc                __libc_init_array
 .text.memset   0x08002d14       0xa4 d:/cmaketool/gnc-tools-arm-embedded/gcc-arm-none-eabi-10.3-2021.10/bin/../lib/gcc/arm-none-eabi/10.3.1/../../../../arm-none-eabi/lib/thumb/v7e-m+fp/hard\libg.a(lib_a-memset.o)
                0x08002d14                memset
 .text.startup.register_fini
                0x08002db8       0x14 d:/cmaketool/gnc-tools-arm-embedded/gcc-arm-none-eabi-10.3-2021.10/bin/../lib/gcc/arm-none-eabi/10.3.1/../../../../arm-none-eabi/lib/thumb/v7e-m+fp/hard\libg.a(lib_a-__call_atexit.o)
 .text.atexit   0x08002dcc        0xc d:/cmaketool/gnc-tools-arm-embedded/gcc-arm-none-eabi-10.3-2021.10/bin/../lib/gcc/arm-none-eabi/10.3.1/../../../../arm-none-eabi/lib/thumb/v7e-m+fp/hard\libg.a(lib_a-atexit.o)
                0x08002dcc                atexit
 .text.__libc_fini_array
                0x08002dd8       0x2c d:/cmaketool/gnc-tools-arm-embedded/gcc-arm-none-eabi-10.3-2021.10/bin/../lib/gcc/arm-none-eabi/10.3.1/../../../../arm-none-eabi/lib/thumb/v7e-m+fp/hard\libg.a(lib_a-fini.o)
                0x08002dd8                __libc_fini_array
 .text.__retarget_lock_acquire_recursive
                0x08002e04        0x4 d:/cmaketool/gnc-tools-arm-embedded/gcc-arm-none-eabi-10.3-2021.10/bin/../lib/gcc/arm-none-eabi/10.3.1/../../../../arm-none-eabi/lib/thumb/v7e-m+fp/hard\libg.a(lib_a-lock.o)
                0x08002e04                __retarget_lock_acquire_recursive
 .text.__retarget_lock_release_recursive
                0x08002e08        0x4 d:/cmaketool/gnc-tools-arm-embedded/gcc-arm-none-eabi-10.3-2021.10/bin/../lib/gcc/arm-none-eabi/10.3.1/../../../../arm-none-eabi/lib/thumb/v7e-m+fp/hard\libg.a(lib_a-lock.o)
                0x08002e08                __retarget_lock_release_recursive
 .text.__register_exitproc
                0x08002e0c       0x8c d:/cmaketool/gnc-tools-arm-embedded/gcc-arm-none-eabi-10.3-2021.10/bin/../lib/gcc/arm-none-eabi/10.3.1/../../../../arm-none-eabi/lib/thumb/v7e-m+fp/hard\libg.a(lib_a-__atexit.o)
                0x08002e0c                __register_exitproc
 .text.sinf     0x08002e98       0x74 d:/cmaketool/gnc-tools-arm-embedded/gcc-arm-none-eabi-10.3-2021.10/bin/../lib/gcc/arm-none-eabi/10.3.1/../../../../arm-none-eabi/lib/thumb/v7e-m+fp/hard\libm.a(lib_a-sf_sin.o)
                0x08002e98                sinf
 .text.__ieee754_rem_pio2f
                0x08002f0c      0x264 d:/cmaketool/gnc-tools-arm-embedded/gcc-arm-none-eabi-10.3-2021.10/bin/../lib/gcc/arm-none-eabi/10.3.1/../../../../arm-none-eabi/lib/thumb/v7e-m+fp/hard\libm.a(lib_a-ef_rem_pio2.o)
                0x08002f0c                __ieee754_rem_pio2f
 .text.__kernel_cosf
                0x08003170      0x104 d:/cmaketool/gnc-tools-arm-embedded/gcc-arm-none-eabi-10.3-2021.10/bin/../lib/gcc/arm-none-eabi/10.3.1/../../../../arm-none-eabi/lib/thumb/v7e-m+fp/hard\libm.a(lib_a-kf_cos.o)
                0x08003170                __kernel_cosf
 .text.__kernel_rem_pio2f
                0x08003274      0x674 d:/cmaketool/gnc-tools-arm-embedded/gcc-arm-none-eabi-10.3-2021.10/bin/../lib/gcc/arm-none-eabi/10.3.1/../../../../arm-none-eabi/lib/thumb/v7e-m+fp/hard\libm.a(lib_a-kf_rem_pio2.o)
                0x08003274                __kernel_rem_pio2f
 .text.__kernel_sinf
                0x080038e8       0x90 d:/cmaketool/gnc-tools-arm-embedded/gcc-arm-none-eabi-10.3-2021.10/bin/../lib/gcc/arm-none-eabi/10.3.1/../../../../arm-none-eabi/lib/thumb/v7e-m+fp/hard\libm.a(lib_a-kf_sin.o)
                0x080038e8                __kernel_sinf
 .text.fabsf    0x08003978       0x10 d:/cmaketool/gnc-tools-arm-embedded/gcc-arm-none-eabi-10.3-2021.10/bin/../lib/gcc/arm-none-eabi/10.3.1/../../../../arm-none-eabi/lib/thumb/v7e-m+fp/hard\libm.a(lib_a-sf_fabs.o)
                0x08003978                fabsf
 .text.floorf   0x08003988       0x8c d:/cmaketool/gnc-tools-arm-embedded/gcc-arm-none-eabi-10.3-2021.10/bin/../lib/gcc/arm-none-eabi/10.3.1/../../../../arm-none-eabi/lib/thumb/v7e-m+fp/hard\libm.a(lib_a-sf_floor.o)
                0x08003988                floorf
 .text.scalbnf  0x08003a14       0xe4 d:/cmaketool/gnc-tools-arm-embedded/gcc-arm-none-eabi-10.3-2021.10/bin/../lib/gcc/arm-none-eabi/10.3.1/../../../../arm-none-eabi/lib/thumb/v7e-m+fp/hard\libm.a(lib_a-sf_scalbn.o)
                0x08003a14                scalbnf
 *(.glue_7)
 .glue_7        0x08003af8        0x0 linker stubs
 *(.glue_7t)
 .glue_7t       0x08003af8        0x0 linker stubs
 *(.eh_frame)
 .eh_frame      0x08003af8        0x0 d:/cmaketool/gnc-tools-arm-embedded/gcc-arm-none-eabi-10.3-2021.10/bin/../lib/gcc/arm-none-eabi/10.3.1/thumb/v7e-m+fp/hard/crtbegin.o
 *(.init)
 .init          0x08003af8        0x4 d:/cmaketool/gnc-tools-arm-embedded/gcc-arm-none-eabi-10.3-2021.10/bin/../lib/gcc/arm-none-eabi/10.3.1/thumb/v7e-m+fp/hard/crti.o
                0x08003af8                _init
 .init          0x08003afc        0x8 d:/cmaketool/gnc-tools-arm-embedded/gcc-arm-none-eabi-10.3-2021.10/bin/../lib/gcc/arm-none-eabi/10.3.1/thumb/v7e-m+fp/hard/crtn.o
 *(.fini)
 .fini          0x08003b04        0x4 d:/cmaketool/gnc-tools-arm-embedded/gcc-arm-none-eabi-10.3-2021.10/bin/../lib/gcc/arm-none-eabi/10.3.1/thumb/v7e-m+fp/hard/crti.o
                0x08003b04                _fini
 .fini          0x08003b08        0x8 d:/cmaketool/gnc-tools-arm-embedded/gcc-arm-none-eabi-10.3-2021.10/bin/../lib/gcc/arm-none-eabi/10.3.1/thumb/v7e-m+fp/hard/crtn.o
                0x08003b10                . = ALIGN (0x4)
                0x08003b10                _etext = .

.vfp11_veneer   0x08003b10        0x0
 .vfp11_veneer  0x08003b10        0x0 linker stubs

.v4_bx          0x08003b10        0x0
 .v4_bx         0x08003b10        0x0 linker stubs

.iplt           0x08003b10        0x0
 .iplt          0x08003b10        0x0 d:/cmaketool/gnc-tools-arm-embedded/gcc-arm-none-eabi-10.3-2021.10/bin/../lib/gcc/arm-none-eabi/10.3.1/thumb/v7e-m+fp/hard/crtbegin.o

.rodata         0x08003b10      0x3e4
                0x08003b10                . = ALIGN (0x4)
 *(.rodata)
 *(.rodata*)
 .rodata.AHBPrescTable
                0x08003b10       0x10 CMakeFiles/BLDCF407.elf.dir/Core/Src/system_stm32f4xx.c.obj
                0x08003b10                AHBPrescTable
 .rodata._global_impure_ptr
                0x08003b20        0x4 d:/cmaketool/gnc-tools-arm-embedded/gcc-arm-none-eabi-10.3-2021.10/bin/../lib/gcc/arm-none-eabi/10.3.1/../../../../arm-none-eabi/lib/thumb/v7e-m+fp/hard\libg.a(lib_a-impure.o)
                0x08003b20                _global_impure_ptr
 .rodata.npio2_hw
                0x08003b24       0x80 d:/cmaketool/gnc-tools-arm-embedded/gcc-arm-none-eabi-10.3-2021.10/bin/../lib/gcc/arm-none-eabi/10.3.1/../../../../arm-none-eabi/lib/thumb/v7e-m+fp/hard\libm.a(lib_a-ef_rem_pio2.o)
 .rodata.two_over_pi
                0x08003ba4      0x318 d:/cmaketool/gnc-tools-arm-embedded/gcc-arm-none-eabi-10.3-2021.10/bin/../lib/gcc/arm-none-eabi/10.3.1/../../../../arm-none-eabi/lib/thumb/v7e-m+fp/hard\libm.a(lib_a-ef_rem_pio2.o)
 .rodata.PIo2   0x08003ebc       0x2c d:/cmaketool/gnc-tools-arm-embedded/gcc-arm-none-eabi-10.3-2021.10/bin/../lib/gcc/arm-none-eabi/10.3.1/../../../../arm-none-eabi/lib/thumb/v7e-m+fp/hard\libm.a(lib_a-kf_rem_pio2.o)
 .rodata.init_jk
                0x08003ee8        0xc d:/cmaketool/gnc-tools-arm-embedded/gcc-arm-none-eabi-10.3-2021.10/bin/../lib/gcc/arm-none-eabi/10.3.1/../../../../arm-none-eabi/lib/thumb/v7e-m+fp/hard\libm.a(lib_a-kf_rem_pio2.o)
                0x08003ef4                . = ALIGN (0x4)

.ARM.extab      0x08003ef4        0x0
                0x08003ef4                . = ALIGN (0x4)
 *(.ARM.extab* .gnu.linkonce.armextab.*)
                0x08003ef4                . = ALIGN (0x4)

.ARM            0x08003ef4        0x8
                0x08003ef4                . = ALIGN (0x4)
                0x08003ef4                __exidx_start = .
 *(.ARM.exidx*)
 .ARM.exidx     0x08003ef4        0x8 d:/cmaketool/gnc-tools-arm-embedded/gcc-arm-none-eabi-10.3-2021.10/bin/../lib/gcc/arm-none-eabi/10.3.1/thumb/v7e-m+fp/hard\libgcc.a(_udivmoddi4.o)
                0x08003efc                __exidx_end = .
                0x08003efc                . = ALIGN (0x4)

.rel.dyn        0x08003efc        0x0
 .rel.iplt      0x08003efc        0x0 d:/cmaketool/gnc-tools-arm-embedded/gcc-arm-none-eabi-10.3-2021.10/bin/../lib/gcc/arm-none-eabi/10.3.1/thumb/v7e-m+fp/hard/crtbegin.o

.preinit_array  0x08003efc        0x0
                0x08003efc                . = ALIGN (0x4)
                0x08003efc                PROVIDE (__preinit_array_start = .)
 *(.preinit_array*)
                0x08003efc                PROVIDE (__preinit_array_end = .)
                0x08003efc                . = ALIGN (0x4)

.init_array     0x08003efc        0x8
                0x08003efc                . = ALIGN (0x4)
                0x08003efc                PROVIDE (__init_array_start = .)
 *(SORT_BY_NAME(.init_array.*))
 .init_array.00000
                0x08003efc        0x4 d:/cmaketool/gnc-tools-arm-embedded/gcc-arm-none-eabi-10.3-2021.10/bin/../lib/gcc/arm-none-eabi/10.3.1/../../../../arm-none-eabi/lib/thumb/v7e-m+fp/hard\libg.a(lib_a-__call_atexit.o)
 *(.init_array*)
 .init_array    0x08003f00        0x4 d:/cmaketool/gnc-tools-arm-embedded/gcc-arm-none-eabi-10.3-2021.10/bin/../lib/gcc/arm-none-eabi/10.3.1/thumb/v7e-m+fp/hard/crtbegin.o
                0x08003f04                PROVIDE (__init_array_end = .)
                0x08003f04                . = ALIGN (0x4)

.fini_array     0x08003f04        0x4
                0x08003f04                . = ALIGN (0x4)
                0x08003f04                PROVIDE (__fini_array_start = .)
 *(SORT_BY_NAME(.fini_array.*))
 *(.fini_array*)
 .fini_array    0x08003f04        0x4 d:/cmaketool/gnc-tools-arm-embedded/gcc-arm-none-eabi-10.3-2021.10/bin/../lib/gcc/arm-none-eabi/10.3.1/thumb/v7e-m+fp/hard/crtbegin.o
                0x08003f08                PROVIDE (__fini_array_end = .)
                0x08003f08                . = ALIGN (0x4)
                0x08003f08                _sidata = LOADADDR (.data)

.data           0x20000000      0x44c load address 0x08003f08
                0x20000000                . = ALIGN (0x4)
                0x20000000                _sdata = .
 *(.data)
 *(.data*)
 .data.Accel    0x20000000        0x4 CMakeFiles/BLDCF407.elf.dir/Core/Src/bsp_spwm.c.obj
                0x20000000                Accel
 .data.Modulation
                0x20000004        0x4 CMakeFiles/BLDCF407.elf.dir/Core/Src/bsp_spwm.c.obj
                0x20000004                Modulation
 .data.UVPhase  0x20000008        0x4 CMakeFiles/BLDCF407.elf.dir/Core/Src/bsp_spwm.c.obj
                0x20000008                UVPhase
 .data.UWPhase  0x2000000c        0x4 CMakeFiles/BLDCF407.elf.dir/Core/Src/bsp_spwm.c.obj
                0x2000000c                UWPhase
 .data.Volt_Freq
                0x20000010        0x4 CMakeFiles/BLDCF407.elf.dir/Core/Src/bsp_spwm.c.obj
                0x20000010                Volt_Freq
 .data.SystemCoreClock
                0x20000014        0x4 CMakeFiles/BLDCF407.elf.dir/Core/Src/system_stm32f4xx.c.obj
                0x20000014                SystemCoreClock
 .data.uwTickFreq
                0x20000018        0x1 CMakeFiles/BLDCF407.elf.dir/Drivers/STM32F4xx_HAL_Driver/Src/stm32f4xx_hal.c.obj
                0x20000018                uwTickFreq
 *fill*         0x20000019        0x3 
 .data.uwTickPrio
                0x2000001c        0x4 CMakeFiles/BLDCF407.elf.dir/Drivers/STM32F4xx_HAL_Driver/Src/stm32f4xx_hal.c.obj
                0x2000001c                uwTickPrio
 .data.impure_data
                0x20000020      0x428 d:/cmaketool/gnc-tools-arm-embedded/gcc-arm-none-eabi-10.3-2021.10/bin/../lib/gcc/arm-none-eabi/10.3.1/../../../../arm-none-eabi/lib/thumb/v7e-m+fp/hard\libg.a(lib_a-impure.o)
 .data.__atexit_recursive_mutex
                0x20000448        0x4 d:/cmaketool/gnc-tools-arm-embedded/gcc-arm-none-eabi-10.3-2021.10/bin/../lib/gcc/arm-none-eabi/10.3.1/../../../../arm-none-eabi/lib/thumb/v7e-m+fp/hard\libg.a(lib_a-__call_atexit.o)
                0x20000448                __atexit_recursive_mutex
 *(.RamFunc)
 *(.RamFunc*)
                0x2000044c                . = ALIGN (0x4)
                0x2000044c                _edata = .
                0x08004354                _siccmram = LOADADDR (.ccmram)

.igot.plt       0x2000044c        0x0 load address 0x08004354
 .igot.plt      0x2000044c        0x0 d:/cmaketool/gnc-tools-arm-embedded/gcc-arm-none-eabi-10.3-2021.10/bin/../lib/gcc/arm-none-eabi/10.3.1/thumb/v7e-m+fp/hard/crtbegin.o

.ccmram         0x10000000        0x0 load address 0x08004354
                0x10000000                . = ALIGN (0x4)
                0x10000000                _sccmram = .
 *(.ccmram)
 *(.ccmram*)
                0x10000000                . = ALIGN (0x4)
                0x10000000                _eccmram = .
                0x10000000                . = ALIGN (0x4)

.bss            0x2000044c      0x304
                0x2000044c                _sbss = .
                0x2000044c                __bss_start__ = _sbss
 *(.bss)
 .bss           0x2000044c       0x1c d:/cmaketool/gnc-tools-arm-embedded/gcc-arm-none-eabi-10.3-2021.10/bin/../lib/gcc/arm-none-eabi/10.3.1/thumb/v7e-m+fp/hard/crtbegin.o
 *(.bss*)
 .bss.ReadReg   0x20000468        0x2 CMakeFiles/BLDCF407.elf.dir/Core/Src/bsp_DRV8303.c.obj
                0x20000468                ReadReg
 .bss.SPI_WRITE_MODE1
                0x2000046a        0x2 CMakeFiles/BLDCF407.elf.dir/Core/Src/bsp_DRV8303.c.obj
                0x2000046a                SPI_WRITE_MODE1
 .bss.SPI_WRITE_MODE2
                0x2000046c        0x2 CMakeFiles/BLDCF407.elf.dir/Core/Src/bsp_DRV8303.c.obj
                0x2000046c                SPI_WRITE_MODE2
 *fill*         0x2000046e        0x2 
 .bss.MOTOR1_BreakDeadTimeConfig
                0x20000470       0x20 CMakeFiles/BLDCF407.elf.dir/Core/Src/bsp_motor_tim.c.obj
                0x20000470                MOTOR1_BreakDeadTimeConfig
 .bss.MOTOR1_ClockSourceConfig
                0x20000490       0x10 CMakeFiles/BLDCF407.elf.dir/Core/Src/bsp_motor_tim.c.obj
                0x20000490                MOTOR1_ClockSourceConfig
 .bss.MOTOR1_MasterConfig
                0x200004a0        0x8 CMakeFiles/BLDCF407.elf.dir/Core/Src/bsp_motor_tim.c.obj
                0x200004a0                MOTOR1_MasterConfig
 .bss.MOTOR1_TIM_OCInitStructure
                0x200004a8       0x1c CMakeFiles/BLDCF407.elf.dir/Core/Src/bsp_motor_tim.c.obj
                0x200004a8                MOTOR1_TIM_OCInitStructure
 .bss.motor1_htimx_bldcm
                0x200004c4       0x48 CMakeFiles/BLDCF407.elf.dir/Core/Src/bsp_motor_tim.c.obj
                0x200004c4                motor1_htimx_bldcm
 .bss.Amplitude
                0x2000050c        0x4 CMakeFiles/BLDCF407.elf.dir/Core/Src/bsp_spwm.c.obj
                0x2000050c                Amplitude
 .bss.Pi_divN   0x20000510        0x4 CMakeFiles/BLDCF407.elf.dir/Core/Src/bsp_spwm.c.obj
                0x20000510                Pi_divN
 .bss.i.0       0x20000514        0x4 CMakeFiles/BLDCF407.elf.dir/Core/Src/bsp_spwm.c.obj
 .bss.i.1       0x20000518        0x4 CMakeFiles/BLDCF407.elf.dir/Core/Src/bsp_spwm.c.obj
 .bss.UartHandle
                0x2000051c       0x40 CMakeFiles/BLDCF407.elf.dir/Core/Src/bsp_usart.c.obj
                0x2000051c                UartHandle
 .bss.data_buff
                0x2000055c       0x80 CMakeFiles/BLDCF407.elf.dir/Core/Src/bsp_usart.c.obj
                0x2000055c                data_buff
 .bss.rd_p      0x200005dc        0x1 CMakeFiles/BLDCF407.elf.dir/Core/Src/bsp_usart.c.obj
                0x200005dc                rd_p
 .bss.wr_p      0x200005dd        0x1 CMakeFiles/BLDCF407.elf.dir/Core/Src/bsp_usart.c.obj
                0x200005dd                wr_p
 *fill*         0x200005de        0x2 
 .bss.hspi1     0x200005e0       0x58 CMakeFiles/BLDCF407.elf.dir/Core/Src/spi.c.obj
                0x200005e0                hspi1
 .bss.hspi3     0x20000638       0x58 CMakeFiles/BLDCF407.elf.dir/Core/Src/spi.c.obj
                0x20000638                hspi3
 .bss.uwTick    0x20000690        0x4 CMakeFiles/BLDCF407.elf.dir/Drivers/STM32F4xx_HAL_Driver/Src/stm32f4xx_hal.c.obj
                0x20000690                uwTick
 .bss.pxCurrentTCB
                0x20000694        0x4 CMakeFiles/BLDCF407.elf.dir/Middlewares/Third_Party/FreeRTOS/Source/tasks.c.obj
                0x20000694                pxCurrentTCB
 .bss.pxDelayedTaskList
                0x20000698        0x4 CMakeFiles/BLDCF407.elf.dir/Middlewares/Third_Party/FreeRTOS/Source/tasks.c.obj
 .bss.pxOverflowDelayedTaskList
                0x2000069c        0x4 CMakeFiles/BLDCF407.elf.dir/Middlewares/Third_Party/FreeRTOS/Source/tasks.c.obj
 .bss.pxReadyTasksLists
                0x200006a0       0x8c CMakeFiles/BLDCF407.elf.dir/Middlewares/Third_Party/FreeRTOS/Source/tasks.c.obj
 .bss.uxSchedulerSuspended
                0x2000072c        0x4 CMakeFiles/BLDCF407.elf.dir/Middlewares/Third_Party/FreeRTOS/Source/tasks.c.obj
 .bss.uxTopReadyPriority
                0x20000730        0x4 CMakeFiles/BLDCF407.elf.dir/Middlewares/Third_Party/FreeRTOS/Source/tasks.c.obj
 .bss.xNextTaskUnblockTime
                0x20000734        0x4 CMakeFiles/BLDCF407.elf.dir/Middlewares/Third_Party/FreeRTOS/Source/tasks.c.obj
 .bss.xNumOfOverflows
                0x20000738        0x4 CMakeFiles/BLDCF407.elf.dir/Middlewares/Third_Party/FreeRTOS/Source/tasks.c.obj
 .bss.xPendedTicks
                0x2000073c        0x4 CMakeFiles/BLDCF407.elf.dir/Middlewares/Third_Party/FreeRTOS/Source/tasks.c.obj
 .bss.xSchedulerRunning
                0x20000740        0x4 CMakeFiles/BLDCF407.elf.dir/Middlewares/Third_Party/FreeRTOS/Source/tasks.c.obj
 .bss.xTickCount
                0x20000744        0x4 CMakeFiles/BLDCF407.elf.dir/Middlewares/Third_Party/FreeRTOS/Source/tasks.c.obj
 .bss.xYieldPending
                0x20000748        0x4 CMakeFiles/BLDCF407.elf.dir/Middlewares/Third_Party/FreeRTOS/Source/tasks.c.obj
 .bss.__lock___atexit_recursive_mutex
                0x2000074c        0x1 d:/cmaketool/gnc-tools-arm-embedded/gcc-arm-none-eabi-10.3-2021.10/bin/../lib/gcc/arm-none-eabi/10.3.1/../../../../arm-none-eabi/lib/thumb/v7e-m+fp/hard\libg.a(lib_a-lock.o)
                0x2000074c                __lock___atexit_recursive_mutex
 *(COMMON)
                0x20000750                . = ALIGN (0x4)
 *fill*         0x2000074d        0x3 
                0x20000750                _ebss = .
                0x20000750                __bss_end__ = _ebss

._user_heap_stack
                0x20000750      0x600
                0x20000750                . = ALIGN (0x8)
                [!provide]                PROVIDE (end = .)
                0x20000750                PROVIDE (_end = .)
                0x20000950                . = (. + _Min_Heap_Size)
 *fill*         0x20000750      0x200 
                0x20000d50                . = (. + _Min_Stack_Size)
 *fill*         0x20000950      0x400 
                0x20000d50                . = ALIGN (0x8)

/DISCARD/
 libc.a(*)
 libm.a(*)
 libgcc.a(*)

.ARM.attributes
                0x00000000       0x30
 *(.ARM.attributes)
 .ARM.attributes
                0x00000000       0x1e d:/cmaketool/gnc-tools-arm-embedded/gcc-arm-none-eabi-10.3-2021.10/bin/../lib/gcc/arm-none-eabi/10.3.1/thumb/v7e-m+fp/hard/crti.o
 .ARM.attributes
                0x0000001e       0x34 d:/cmaketool/gnc-tools-arm-embedded/gcc-arm-none-eabi-10.3-2021.10/bin/../lib/gcc/arm-none-eabi/10.3.1/thumb/v7e-m+fp/hard/crtbegin.o
 .ARM.attributes
                0x00000052       0x34 CMakeFiles/BLDCF407.elf.dir/Core/Src/bsp_DRV8303.c.obj
 .ARM.attributes
                0x00000086       0x34 CMakeFiles/BLDCF407.elf.dir/Core/Src/bsp_key.c.obj
 .ARM.attributes
                0x000000ba       0x34 CMakeFiles/BLDCF407.elf.dir/Core/Src/bsp_led.c.obj
 .ARM.attributes
                0x000000ee       0x34 CMakeFiles/BLDCF407.elf.dir/Core/Src/bsp_motor_tim.c.obj
 .ARM.attributes
                0x00000122       0x34 CMakeFiles/BLDCF407.elf.dir/Core/Src/bsp_spwm.c.obj
 .ARM.attributes
                0x00000156       0x34 CMakeFiles/BLDCF407.elf.dir/Core/Src/bsp_usart.c.obj
 .ARM.attributes
                0x0000018a       0x34 CMakeFiles/BLDCF407.elf.dir/Core/Src/main.c.obj
 .ARM.attributes
                0x000001be       0x34 CMakeFiles/BLDCF407.elf.dir/Core/Src/spi.c.obj
 .ARM.attributes
                0x000001f2       0x34 CMakeFiles/BLDCF407.elf.dir/Core/Src/stm32f4xx_hal_msp.c.obj
 .ARM.attributes
                0x00000226       0x34 CMakeFiles/BLDCF407.elf.dir/Core/Src/stm32f4xx_it.c.obj
 .ARM.attributes
                0x0000025a       0x34 CMakeFiles/BLDCF407.elf.dir/Core/Src/system_stm32f4xx.c.obj
 .ARM.attributes
                0x0000028e       0x21 CMakeFiles/BLDCF407.elf.dir/Core/Startup/startup_stm32f407igtx.s.obj
 .ARM.attributes
                0x000002af       0x34 CMakeFiles/BLDCF407.elf.dir/Drivers/STM32F4xx_HAL_Driver/Src/stm32f4xx_hal.c.obj
 .ARM.attributes
                0x000002e3       0x34 CMakeFiles/BLDCF407.elf.dir/Drivers/STM32F4xx_HAL_Driver/Src/stm32f4xx_hal_cortex.c.obj
 .ARM.attributes
                0x00000317       0x34 CMakeFiles/BLDCF407.elf.dir/Drivers/STM32F4xx_HAL_Driver/Src/stm32f4xx_hal_dma.c.obj
 .ARM.attributes
                0x0000034b       0x34 CMakeFiles/BLDCF407.elf.dir/Drivers/STM32F4xx_HAL_Driver/Src/stm32f4xx_hal_gpio.c.obj
 .ARM.attributes
                0x0000037f       0x34 CMakeFiles/BLDCF407.elf.dir/Drivers/STM32F4xx_HAL_Driver/Src/stm32f4xx_hal_rcc.c.obj
 .ARM.attributes
                0x000003b3       0x34 CMakeFiles/BLDCF407.elf.dir/Drivers/STM32F4xx_HAL_Driver/Src/stm32f4xx_hal_spi.c.obj
 .ARM.attributes
                0x000003e7       0x34 CMakeFiles/BLDCF407.elf.dir/Drivers/STM32F4xx_HAL_Driver/Src/stm32f4xx_hal_tim.c.obj
 .ARM.attributes
                0x0000041b       0x34 CMakeFiles/BLDCF407.elf.dir/Drivers/STM32F4xx_HAL_Driver/Src/stm32f4xx_hal_tim_ex.c.obj
 .ARM.attributes
                0x0000044f       0x34 CMakeFiles/BLDCF407.elf.dir/Drivers/STM32F4xx_HAL_Driver/Src/stm32f4xx_hal_uart.c.obj
 .ARM.attributes
                0x00000483       0x34 CMakeFiles/BLDCF407.elf.dir/Middlewares/Third_Party/FreeRTOS/Source/list.c.obj
 .ARM.attributes
                0x000004b7       0x34 CMakeFiles/BLDCF407.elf.dir/Middlewares/Third_Party/FreeRTOS/Source/portable/GCC/ARM_CM4F/port.c.obj
 .ARM.attributes
                0x000004eb       0x34 CMakeFiles/BLDCF407.elf.dir/Middlewares/Third_Party/FreeRTOS/Source/tasks.c.obj
 .ARM.attributes
                0x0000051f       0x1e d:/cmaketool/gnc-tools-arm-embedded/gcc-arm-none-eabi-10.3-2021.10/bin/../lib/gcc/arm-none-eabi/10.3.1/thumb/v7e-m+fp/hard\libgcc.a(_aeabi_uldivmod.o)
 .ARM.attributes
                0x0000053d       0x34 d:/cmaketool/gnc-tools-arm-embedded/gcc-arm-none-eabi-10.3-2021.10/bin/../lib/gcc/arm-none-eabi/10.3.1/thumb/v7e-m+fp/hard\libgcc.a(_udivmoddi4.o)
 .ARM.attributes
                0x00000571       0x1e d:/cmaketool/gnc-tools-arm-embedded/gcc-arm-none-eabi-10.3-2021.10/bin/../lib/gcc/arm-none-eabi/10.3.1/thumb/v7e-m+fp/hard\libgcc.a(_dvmd_tls.o)
 .ARM.attributes
                0x0000058f       0x34 d:/cmaketool/gnc-tools-arm-embedded/gcc-arm-none-eabi-10.3-2021.10/bin/../lib/gcc/arm-none-eabi/10.3.1/../../../../arm-none-eabi/lib/thumb/v7e-m+fp/hard\libg.a(lib_a-impure.o)
 .ARM.attributes
                0x000005c3       0x34 d:/cmaketool/gnc-tools-arm-embedded/gcc-arm-none-eabi-10.3-2021.10/bin/../lib/gcc/arm-none-eabi/10.3.1/../../../../arm-none-eabi/lib/thumb/v7e-m+fp/hard\libg.a(lib_a-init.o)
 .ARM.attributes
                0x000005f7       0x34 d:/cmaketool/gnc-tools-arm-embedded/gcc-arm-none-eabi-10.3-2021.10/bin/../lib/gcc/arm-none-eabi/10.3.1/../../../../arm-none-eabi/lib/thumb/v7e-m+fp/hard\libg.a(lib_a-memset.o)
 .ARM.attributes
                0x0000062b       0x34 d:/cmaketool/gnc-tools-arm-embedded/gcc-arm-none-eabi-10.3-2021.10/bin/../lib/gcc/arm-none-eabi/10.3.1/../../../../arm-none-eabi/lib/thumb/v7e-m+fp/hard\libg.a(lib_a-__call_atexit.o)
 .ARM.attributes
                0x0000065f       0x34 d:/cmaketool/gnc-tools-arm-embedded/gcc-arm-none-eabi-10.3-2021.10/bin/../lib/gcc/arm-none-eabi/10.3.1/../../../../arm-none-eabi/lib/thumb/v7e-m+fp/hard\libg.a(lib_a-atexit.o)
 .ARM.attributes
                0x00000693       0x34 d:/cmaketool/gnc-tools-arm-embedded/gcc-arm-none-eabi-10.3-2021.10/bin/../lib/gcc/arm-none-eabi/10.3.1/../../../../arm-none-eabi/lib/thumb/v7e-m+fp/hard\libg.a(lib_a-fini.o)
 .ARM.attributes
                0x000006c7       0x34 d:/cmaketool/gnc-tools-arm-embedded/gcc-arm-none-eabi-10.3-2021.10/bin/../lib/gcc/arm-none-eabi/10.3.1/../../../../arm-none-eabi/lib/thumb/v7e-m+fp/hard\libg.a(lib_a-lock.o)
 .ARM.attributes
                0x000006fb       0x34 d:/cmaketool/gnc-tools-arm-embedded/gcc-arm-none-eabi-10.3-2021.10/bin/../lib/gcc/arm-none-eabi/10.3.1/../../../../arm-none-eabi/lib/thumb/v7e-m+fp/hard\libg.a(lib_a-__atexit.o)
 .ARM.attributes
                0x0000072f       0x1e d:/cmaketool/gnc-tools-arm-embedded/gcc-arm-none-eabi-10.3-2021.10/bin/../lib/gcc/arm-none-eabi/10.3.1/thumb/v7e-m+fp/hard/crtn.o
OUTPUT(BLDCF407.elf elf32-littlearm)
LOAD linker stubs
LOAD d:/cmaketool/gnc-tools-arm-embedded/gcc-arm-none-eabi-10.3-2021.10/bin/../lib/gcc/arm-none-eabi/10.3.1/../../../../arm-none-eabi/lib/thumb/v7e-m+fp/hard\libc.a
LOAD d:/cmaketool/gnc-tools-arm-embedded/gcc-arm-none-eabi-10.3-2021.10/bin/../lib/gcc/arm-none-eabi/10.3.1/../../../../arm-none-eabi/lib/thumb/v7e-m+fp/hard\libm.a
LOAD d:/cmaketool/gnc-tools-arm-embedded/gcc-arm-none-eabi-10.3-2021.10/bin/../lib/gcc/arm-none-eabi/10.3.1/thumb/v7e-m+fp/hard\libgcc.a

.debug_info     0x00000000    0x16a29
 .debug_info    0x00000000      0x694 CMakeFiles/BLDCF407.elf.dir/Core/Src/bsp_DRV8303.c.obj
 .debug_info    0x00000694      0x556 CMakeFiles/BLDCF407.elf.dir/Core/Src/bsp_key.c.obj
 .debug_info    0x00000bea      0x480 CMakeFiles/BLDCF407.elf.dir/Core/Src/bsp_led.c.obj
 .debug_info    0x0000106a     0x114c CMakeFiles/BLDCF407.elf.dir/Core/Src/bsp_motor_tim.c.obj
 .debug_info    0x000021b6      0x840 CMakeFiles/BLDCF407.elf.dir/Core/Src/bsp_spwm.c.obj
 .debug_info    0x000029f6     0x10f8 CMakeFiles/BLDCF407.elf.dir/Core/Src/bsp_usart.c.obj
 .debug_info    0x00003aee     0x1030 CMakeFiles/BLDCF407.elf.dir/Core/Src/main.c.obj
 .debug_info    0x00004b1e      0xf34 CMakeFiles/BLDCF407.elf.dir/Core/Src/spi.c.obj
 .debug_info    0x00005a52      0x4f8 CMakeFiles/BLDCF407.elf.dir/Core/Src/stm32f4xx_hal_msp.c.obj
 .debug_info    0x00005f4a      0xa6c CMakeFiles/BLDCF407.elf.dir/Core/Src/stm32f4xx_it.c.obj
 .debug_info    0x000069b6      0x538 CMakeFiles/BLDCF407.elf.dir/Core/Src/system_stm32f4xx.c.obj
 .debug_info    0x00006eee       0x22 CMakeFiles/BLDCF407.elf.dir/Core/Startup/startup_stm32f407igtx.s.obj
 .debug_info    0x00006f10      0x9f0 CMakeFiles/BLDCF407.elf.dir/Drivers/STM32F4xx_HAL_Driver/Src/stm32f4xx_hal.c.obj
 .debug_info    0x00007900     0x1098 CMakeFiles/BLDCF407.elf.dir/Drivers/STM32F4xx_HAL_Driver/Src/stm32f4xx_hal_cortex.c.obj
 .debug_info    0x00008998      0xb3f CMakeFiles/BLDCF407.elf.dir/Drivers/STM32F4xx_HAL_Driver/Src/stm32f4xx_hal_dma.c.obj
 .debug_info    0x000094d7      0x7b0 CMakeFiles/BLDCF407.elf.dir/Drivers/STM32F4xx_HAL_Driver/Src/stm32f4xx_hal_gpio.c.obj
 .debug_info    0x00009c87      0xb03 CMakeFiles/BLDCF407.elf.dir/Drivers/STM32F4xx_HAL_Driver/Src/stm32f4xx_hal_rcc.c.obj
 .debug_info    0x0000a78a     0x1f58 CMakeFiles/BLDCF407.elf.dir/Drivers/STM32F4xx_HAL_Driver/Src/stm32f4xx_hal_spi.c.obj
 .debug_info    0x0000c6e2     0x3d5a CMakeFiles/BLDCF407.elf.dir/Drivers/STM32F4xx_HAL_Driver/Src/stm32f4xx_hal_tim.c.obj
 .debug_info    0x0001043c     0x1ade CMakeFiles/BLDCF407.elf.dir/Drivers/STM32F4xx_HAL_Driver/Src/stm32f4xx_hal_tim_ex.c.obj
 .debug_info    0x00011f1a     0x1937 CMakeFiles/BLDCF407.elf.dir/Drivers/STM32F4xx_HAL_Driver/Src/stm32f4xx_hal_uart.c.obj
 .debug_info    0x00013851      0x2e0 CMakeFiles/BLDCF407.elf.dir/Middlewares/Third_Party/FreeRTOS/Source/list.c.obj
 .debug_info    0x00013b31      0x587 CMakeFiles/BLDCF407.elf.dir/Middlewares/Third_Party/FreeRTOS/Source/portable/GCC/ARM_CM4F/port.c.obj
 .debug_info    0x000140b8     0x2971 CMakeFiles/BLDCF407.elf.dir/Middlewares/Third_Party/FreeRTOS/Source/tasks.c.obj

.debug_abbrev   0x00000000     0x2ffc
 .debug_abbrev  0x00000000      0x178 CMakeFiles/BLDCF407.elf.dir/Core/Src/bsp_DRV8303.c.obj
 .debug_abbrev  0x00000178      0x16d CMakeFiles/BLDCF407.elf.dir/Core/Src/bsp_key.c.obj
 .debug_abbrev  0x000002e5      0x132 CMakeFiles/BLDCF407.elf.dir/Core/Src/bsp_led.c.obj
 .debug_abbrev  0x00000417      0x219 CMakeFiles/BLDCF407.elf.dir/Core/Src/bsp_motor_tim.c.obj
 .debug_abbrev  0x00000630      0x1d9 CMakeFiles/BLDCF407.elf.dir/Core/Src/bsp_spwm.c.obj
 .debug_abbrev  0x00000809      0x333 CMakeFiles/BLDCF407.elf.dir/Core/Src/bsp_usart.c.obj
 .debug_abbrev  0x00000b3c      0x247 CMakeFiles/BLDCF407.elf.dir/Core/Src/main.c.obj
 .debug_abbrev  0x00000d83      0x20e CMakeFiles/BLDCF407.elf.dir/Core/Src/spi.c.obj
 .debug_abbrev  0x00000f91      0x119 CMakeFiles/BLDCF407.elf.dir/Core/Src/stm32f4xx_hal_msp.c.obj
 .debug_abbrev  0x000010aa      0x1d7 CMakeFiles/BLDCF407.elf.dir/Core/Src/stm32f4xx_it.c.obj
 .debug_abbrev  0x00001281      0x119 CMakeFiles/BLDCF407.elf.dir/Core/Src/system_stm32f4xx.c.obj
 .debug_abbrev  0x0000139a       0x12 CMakeFiles/BLDCF407.elf.dir/Core/Startup/startup_stm32f407igtx.s.obj
 .debug_abbrev  0x000013ac      0x206 CMakeFiles/BLDCF407.elf.dir/Drivers/STM32F4xx_HAL_Driver/Src/stm32f4xx_hal.c.obj
 .debug_abbrev  0x000015b2      0x36a CMakeFiles/BLDCF407.elf.dir/Drivers/STM32F4xx_HAL_Driver/Src/stm32f4xx_hal_cortex.c.obj
 .debug_abbrev  0x0000191c      0x2c2 CMakeFiles/BLDCF407.elf.dir/Drivers/STM32F4xx_HAL_Driver/Src/stm32f4xx_hal_dma.c.obj
 .debug_abbrev  0x00001bde      0x1ef CMakeFiles/BLDCF407.elf.dir/Drivers/STM32F4xx_HAL_Driver/Src/stm32f4xx_hal_gpio.c.obj
 .debug_abbrev  0x00001dcd      0x28a CMakeFiles/BLDCF407.elf.dir/Drivers/STM32F4xx_HAL_Driver/Src/stm32f4xx_hal_rcc.c.obj
 .debug_abbrev  0x00002057      0x24e CMakeFiles/BLDCF407.elf.dir/Drivers/STM32F4xx_HAL_Driver/Src/stm32f4xx_hal_spi.c.obj
 .debug_abbrev  0x000022a5      0x22b CMakeFiles/BLDCF407.elf.dir/Drivers/STM32F4xx_HAL_Driver/Src/stm32f4xx_hal_tim.c.obj
 .debug_abbrev  0x000024d0      0x241 CMakeFiles/BLDCF407.elf.dir/Drivers/STM32F4xx_HAL_Driver/Src/stm32f4xx_hal_tim_ex.c.obj
 .debug_abbrev  0x00002711      0x267 CMakeFiles/BLDCF407.elf.dir/Drivers/STM32F4xx_HAL_Driver/Src/stm32f4xx_hal_uart.c.obj
 .debug_abbrev  0x00002978      0x106 CMakeFiles/BLDCF407.elf.dir/Middlewares/Third_Party/FreeRTOS/Source/list.c.obj
 .debug_abbrev  0x00002a7e      0x26b CMakeFiles/BLDCF407.elf.dir/Middlewares/Third_Party/FreeRTOS/Source/portable/GCC/ARM_CM4F/port.c.obj
 .debug_abbrev  0x00002ce9      0x313 CMakeFiles/BLDCF407.elf.dir/Middlewares/Third_Party/FreeRTOS/Source/tasks.c.obj

.debug_loc      0x00000000     0xef4c
 .debug_loc     0x00000000      0x103 CMakeFiles/BLDCF407.elf.dir/Core/Src/bsp_DRV8303.c.obj
 .debug_loc     0x00000103       0x47 CMakeFiles/BLDCF407.elf.dir/Core/Src/bsp_key.c.obj
 .debug_loc     0x0000014a      0x11a CMakeFiles/BLDCF407.elf.dir/Core/Src/bsp_spwm.c.obj
 .debug_loc     0x00000264      0x6b4 CMakeFiles/BLDCF407.elf.dir/Core/Src/bsp_usart.c.obj
 .debug_loc     0x00000918       0x28 CMakeFiles/BLDCF407.elf.dir/Core/Src/main.c.obj
 .debug_loc     0x00000940      0x102 CMakeFiles/BLDCF407.elf.dir/Core/Src/spi.c.obj
 .debug_loc     0x00000a42      0x158 CMakeFiles/BLDCF407.elf.dir/Core/Src/system_stm32f4xx.c.obj
 .debug_loc     0x00000b9a      0x141 CMakeFiles/BLDCF407.elf.dir/Drivers/STM32F4xx_HAL_Driver/Src/stm32f4xx_hal.c.obj
 .debug_loc     0x00000cdb      0x744 CMakeFiles/BLDCF407.elf.dir/Drivers/STM32F4xx_HAL_Driver/Src/stm32f4xx_hal_cortex.c.obj
 .debug_loc     0x0000141f      0xbf9 CMakeFiles/BLDCF407.elf.dir/Drivers/STM32F4xx_HAL_Driver/Src/stm32f4xx_hal_dma.c.obj
 .debug_loc     0x00002018      0x520 CMakeFiles/BLDCF407.elf.dir/Drivers/STM32F4xx_HAL_Driver/Src/stm32f4xx_hal_gpio.c.obj
 .debug_loc     0x00002538      0x58c CMakeFiles/BLDCF407.elf.dir/Drivers/STM32F4xx_HAL_Driver/Src/stm32f4xx_hal_rcc.c.obj
 .debug_loc     0x00002ac4     0x1e77 CMakeFiles/BLDCF407.elf.dir/Drivers/STM32F4xx_HAL_Driver/Src/stm32f4xx_hal_spi.c.obj
 .debug_loc     0x0000493b     0x506c CMakeFiles/BLDCF407.elf.dir/Drivers/STM32F4xx_HAL_Driver/Src/stm32f4xx_hal_tim.c.obj
 .debug_loc     0x000099a7     0x1cd7 CMakeFiles/BLDCF407.elf.dir/Drivers/STM32F4xx_HAL_Driver/Src/stm32f4xx_hal_tim_ex.c.obj
 .debug_loc     0x0000b67e     0x187a CMakeFiles/BLDCF407.elf.dir/Drivers/STM32F4xx_HAL_Driver/Src/stm32f4xx_hal_uart.c.obj
 .debug_loc     0x0000cef8       0xad CMakeFiles/BLDCF407.elf.dir/Middlewares/Third_Party/FreeRTOS/Source/list.c.obj
 .debug_loc     0x0000cfa5      0x124 CMakeFiles/BLDCF407.elf.dir/Middlewares/Third_Party/FreeRTOS/Source/portable/GCC/ARM_CM4F/port.c.obj
 .debug_loc     0x0000d0c9     0x1e83 CMakeFiles/BLDCF407.elf.dir/Middlewares/Third_Party/FreeRTOS/Source/tasks.c.obj

.debug_aranges  0x00000000     0x1120
 .debug_aranges
                0x00000000       0x40 CMakeFiles/BLDCF407.elf.dir/Core/Src/bsp_DRV8303.c.obj
 .debug_aranges
                0x00000040       0x28 CMakeFiles/BLDCF407.elf.dir/Core/Src/bsp_key.c.obj
 .debug_aranges
                0x00000068       0x20 CMakeFiles/BLDCF407.elf.dir/Core/Src/bsp_led.c.obj
 .debug_aranges
                0x00000088       0x38 CMakeFiles/BLDCF407.elf.dir/Core/Src/bsp_motor_tim.c.obj
 .debug_aranges
                0x000000c0       0x30 CMakeFiles/BLDCF407.elf.dir/Core/Src/bsp_spwm.c.obj
 .debug_aranges
                0x000000f0       0x70 CMakeFiles/BLDCF407.elf.dir/Core/Src/bsp_usart.c.obj
 .debug_aranges
                0x00000160       0x30 CMakeFiles/BLDCF407.elf.dir/Core/Src/main.c.obj
 .debug_aranges
                0x00000190       0x50 CMakeFiles/BLDCF407.elf.dir/Core/Src/spi.c.obj
 .debug_aranges
                0x000001e0       0x20 CMakeFiles/BLDCF407.elf.dir/Core/Src/stm32f4xx_hal_msp.c.obj
 .debug_aranges
                0x00000200       0x60 CMakeFiles/BLDCF407.elf.dir/Core/Src/stm32f4xx_it.c.obj
 .debug_aranges
                0x00000260       0x28 CMakeFiles/BLDCF407.elf.dir/Core/Src/system_stm32f4xx.c.obj
 .debug_aranges
                0x00000288       0x28 CMakeFiles/BLDCF407.elf.dir/Core/Startup/startup_stm32f407igtx.s.obj
 .debug_aranges
                0x000002b0       0xf0 CMakeFiles/BLDCF407.elf.dir/Drivers/STM32F4xx_HAL_Driver/Src/stm32f4xx_hal.c.obj
 .debug_aranges
                0x000003a0       0xa8 CMakeFiles/BLDCF407.elf.dir/Drivers/STM32F4xx_HAL_Driver/Src/stm32f4xx_hal_cortex.c.obj
 .debug_aranges
                0x00000448       0x90 CMakeFiles/BLDCF407.elf.dir/Drivers/STM32F4xx_HAL_Driver/Src/stm32f4xx_hal_dma.c.obj
 .debug_aranges
                0x000004d8       0x58 CMakeFiles/BLDCF407.elf.dir/Drivers/STM32F4xx_HAL_Driver/Src/stm32f4xx_hal_gpio.c.obj
 .debug_aranges
                0x00000530       0x88 CMakeFiles/BLDCF407.elf.dir/Drivers/STM32F4xx_HAL_Driver/Src/stm32f4xx_hal_rcc.c.obj
 .debug_aranges
                0x000005b8      0x1e8 CMakeFiles/BLDCF407.elf.dir/Drivers/STM32F4xx_HAL_Driver/Src/stm32f4xx_hal_spi.c.obj
 .debug_aranges
                0x000007a0      0x3d0 CMakeFiles/BLDCF407.elf.dir/Drivers/STM32F4xx_HAL_Driver/Src/stm32f4xx_hal_tim.c.obj
 .debug_aranges
                0x00000b70      0x168 CMakeFiles/BLDCF407.elf.dir/Drivers/STM32F4xx_HAL_Driver/Src/stm32f4xx_hal_tim_ex.c.obj
 .debug_aranges
                0x00000cd8      0x1d0 CMakeFiles/BLDCF407.elf.dir/Drivers/STM32F4xx_HAL_Driver/Src/stm32f4xx_hal_uart.c.obj
 .debug_aranges
                0x00000ea8       0x40 CMakeFiles/BLDCF407.elf.dir/Middlewares/Third_Party/FreeRTOS/Source/list.c.obj
 .debug_aranges
                0x00000ee8       0x80 CMakeFiles/BLDCF407.elf.dir/Middlewares/Third_Party/FreeRTOS/Source/portable/GCC/ARM_CM4F/port.c.obj
 .debug_aranges
                0x00000f68      0x1b8 CMakeFiles/BLDCF407.elf.dir/Middlewares/Third_Party/FreeRTOS/Source/tasks.c.obj

.debug_ranges   0x00000000     0x11c0
 .debug_ranges  0x00000000       0x30 CMakeFiles/BLDCF407.elf.dir/Core/Src/bsp_DRV8303.c.obj
 .debug_ranges  0x00000030       0x18 CMakeFiles/BLDCF407.elf.dir/Core/Src/bsp_key.c.obj
 .debug_ranges  0x00000048       0x10 CMakeFiles/BLDCF407.elf.dir/Core/Src/bsp_led.c.obj
 .debug_ranges  0x00000058       0x28 CMakeFiles/BLDCF407.elf.dir/Core/Src/bsp_motor_tim.c.obj
 .debug_ranges  0x00000080       0x20 CMakeFiles/BLDCF407.elf.dir/Core/Src/bsp_spwm.c.obj
 .debug_ranges  0x000000a0      0x110 CMakeFiles/BLDCF407.elf.dir/Core/Src/bsp_usart.c.obj
 .debug_ranges  0x000001b0       0x20 CMakeFiles/BLDCF407.elf.dir/Core/Src/main.c.obj
 .debug_ranges  0x000001d0       0x40 CMakeFiles/BLDCF407.elf.dir/Core/Src/spi.c.obj
 .debug_ranges  0x00000210       0x10 CMakeFiles/BLDCF407.elf.dir/Core/Src/stm32f4xx_hal_msp.c.obj
 .debug_ranges  0x00000220       0x50 CMakeFiles/BLDCF407.elf.dir/Core/Src/stm32f4xx_it.c.obj
 .debug_ranges  0x00000270       0x18 CMakeFiles/BLDCF407.elf.dir/Core/Src/system_stm32f4xx.c.obj
 .debug_ranges  0x00000288       0x20 CMakeFiles/BLDCF407.elf.dir/Core/Startup/startup_stm32f407igtx.s.obj
 .debug_ranges  0x000002a8       0xe0 CMakeFiles/BLDCF407.elf.dir/Drivers/STM32F4xx_HAL_Driver/Src/stm32f4xx_hal.c.obj
 .debug_ranges  0x00000388       0xf8 CMakeFiles/BLDCF407.elf.dir/Drivers/STM32F4xx_HAL_Driver/Src/stm32f4xx_hal_cortex.c.obj
 .debug_ranges  0x00000480       0x80 CMakeFiles/BLDCF407.elf.dir/Drivers/STM32F4xx_HAL_Driver/Src/stm32f4xx_hal_dma.c.obj
 .debug_ranges  0x00000500       0x48 CMakeFiles/BLDCF407.elf.dir/Drivers/STM32F4xx_HAL_Driver/Src/stm32f4xx_hal_gpio.c.obj
 .debug_ranges  0x00000548       0x90 CMakeFiles/BLDCF407.elf.dir/Drivers/STM32F4xx_HAL_Driver/Src/stm32f4xx_hal_rcc.c.obj
 .debug_ranges  0x000005d8      0x1d8 CMakeFiles/BLDCF407.elf.dir/Drivers/STM32F4xx_HAL_Driver/Src/stm32f4xx_hal_spi.c.obj
 .debug_ranges  0x000007b0      0x3c0 CMakeFiles/BLDCF407.elf.dir/Drivers/STM32F4xx_HAL_Driver/Src/stm32f4xx_hal_tim.c.obj
 .debug_ranges  0x00000b70      0x158 CMakeFiles/BLDCF407.elf.dir/Drivers/STM32F4xx_HAL_Driver/Src/stm32f4xx_hal_tim_ex.c.obj
 .debug_ranges  0x00000cc8      0x1c0 CMakeFiles/BLDCF407.elf.dir/Drivers/STM32F4xx_HAL_Driver/Src/stm32f4xx_hal_uart.c.obj
 .debug_ranges  0x00000e88       0x30 CMakeFiles/BLDCF407.elf.dir/Middlewares/Third_Party/FreeRTOS/Source/list.c.obj
 .debug_ranges  0x00000eb8       0x88 CMakeFiles/BLDCF407.elf.dir/Middlewares/Third_Party/FreeRTOS/Source/portable/GCC/ARM_CM4F/port.c.obj
 .debug_ranges  0x00000f40      0x280 CMakeFiles/BLDCF407.elf.dir/Middlewares/Third_Party/FreeRTOS/Source/tasks.c.obj

.debug_line     0x00000000    0x13e95
 .debug_line    0x00000000      0x37a CMakeFiles/BLDCF407.elf.dir/Core/Src/bsp_DRV8303.c.obj
 .debug_line    0x0000037a      0x2cc CMakeFiles/BLDCF407.elf.dir/Core/Src/bsp_key.c.obj
 .debug_line    0x00000646      0x28a CMakeFiles/BLDCF407.elf.dir/Core/Src/bsp_led.c.obj
 .debug_line    0x000008d0      0x4b0 CMakeFiles/BLDCF407.elf.dir/Core/Src/bsp_motor_tim.c.obj
 .debug_line    0x00000d80      0x426 CMakeFiles/BLDCF407.elf.dir/Core/Src/bsp_spwm.c.obj
 .debug_line    0x000011a6      0x99b CMakeFiles/BLDCF407.elf.dir/Core/Src/bsp_usart.c.obj
 .debug_line    0x00001b41      0x511 CMakeFiles/BLDCF407.elf.dir/Core/Src/main.c.obj
 .debug_line    0x00002052      0x59b CMakeFiles/BLDCF407.elf.dir/Core/Src/spi.c.obj
 .debug_line    0x000025ed      0x247 CMakeFiles/BLDCF407.elf.dir/Core/Src/stm32f4xx_hal_msp.c.obj
 .debug_line    0x00002834      0x541 CMakeFiles/BLDCF407.elf.dir/Core/Src/stm32f4xx_it.c.obj
 .debug_line    0x00002d75      0x300 CMakeFiles/BLDCF407.elf.dir/Core/Src/system_stm32f4xx.c.obj
 .debug_line    0x00003075       0xb5 CMakeFiles/BLDCF407.elf.dir/Core/Startup/startup_stm32f407igtx.s.obj
 .debug_line    0x0000312a      0x645 CMakeFiles/BLDCF407.elf.dir/Drivers/STM32F4xx_HAL_Driver/Src/stm32f4xx_hal.c.obj
 .debug_line    0x0000376f      0x858 CMakeFiles/BLDCF407.elf.dir/Drivers/STM32F4xx_HAL_Driver/Src/stm32f4xx_hal_cortex.c.obj
 .debug_line    0x00003fc7      0xed5 CMakeFiles/BLDCF407.elf.dir/Drivers/STM32F4xx_HAL_Driver/Src/stm32f4xx_hal_dma.c.obj
 .debug_line    0x00004e9c      0x791 CMakeFiles/BLDCF407.elf.dir/Drivers/STM32F4xx_HAL_Driver/Src/stm32f4xx_hal_gpio.c.obj
 .debug_line    0x0000562d      0xbc0 CMakeFiles/BLDCF407.elf.dir/Drivers/STM32F4xx_HAL_Driver/Src/stm32f4xx_hal_rcc.c.obj
 .debug_line    0x000061ed     0x25ed CMakeFiles/BLDCF407.elf.dir/Drivers/STM32F4xx_HAL_Driver/Src/stm32f4xx_hal_spi.c.obj
 .debug_line    0x000087da     0x4b52 CMakeFiles/BLDCF407.elf.dir/Drivers/STM32F4xx_HAL_Driver/Src/stm32f4xx_hal_tim.c.obj
 .debug_line    0x0000d32c     0x1d76 CMakeFiles/BLDCF407.elf.dir/Drivers/STM32F4xx_HAL_Driver/Src/stm32f4xx_hal_tim_ex.c.obj
 .debug_line    0x0000f0a2     0x1c9c CMakeFiles/BLDCF407.elf.dir/Drivers/STM32F4xx_HAL_Driver/Src/stm32f4xx_hal_uart.c.obj
 .debug_line    0x00010d3e      0x409 CMakeFiles/BLDCF407.elf.dir/Middlewares/Third_Party/FreeRTOS/Source/list.c.obj
 .debug_line    0x00011147      0x7ba CMakeFiles/BLDCF407.elf.dir/Middlewares/Third_Party/FreeRTOS/Source/portable/GCC/ARM_CM4F/port.c.obj
 .debug_line    0x00011901     0x2594 CMakeFiles/BLDCF407.elf.dir/Middlewares/Third_Party/FreeRTOS/Source/tasks.c.obj

.debug_str      0x00000000     0x59e5
 .debug_str     0x00000000      0x45b CMakeFiles/BLDCF407.elf.dir/Core/Src/bsp_DRV8303.c.obj
                                0x4b3 (size before relaxing)
 .debug_str     0x0000045b       0x99 CMakeFiles/BLDCF407.elf.dir/Core/Src/bsp_key.c.obj
                                0x3e3 (size before relaxing)
 .debug_str     0x000004f4       0x53 CMakeFiles/BLDCF407.elf.dir/Core/Src/bsp_led.c.obj
                                0x3a5 (size before relaxing)
 .debug_str     0x00000547      0xcea CMakeFiles/BLDCF407.elf.dir/Core/Src/bsp_motor_tim.c.obj
                               0x10c7 (size before relaxing)
 .debug_str     0x00001231       0xe0 CMakeFiles/BLDCF407.elf.dir/Core/Src/bsp_spwm.c.obj
                                0x7e9 (size before relaxing)
 .debug_str     0x00001311      0x38b CMakeFiles/BLDCF407.elf.dir/Core/Src/bsp_usart.c.obj
                                0xe98 (size before relaxing)
 .debug_str     0x0000169c      0x27d CMakeFiles/BLDCF407.elf.dir/Core/Src/main.c.obj
                               0x104a (size before relaxing)
 .debug_str     0x00001919      0x25a CMakeFiles/BLDCF407.elf.dir/Core/Src/spi.c.obj
                                0x8ec (size before relaxing)
 .debug_str     0x00001b73       0x59 CMakeFiles/BLDCF407.elf.dir/Core/Src/stm32f4xx_hal_msp.c.obj
                                0x81f (size before relaxing)
 .debug_str     0x00001bcc      0x15d CMakeFiles/BLDCF407.elf.dir/Core/Src/stm32f4xx_it.c.obj
                                0xa5f (size before relaxing)
 .debug_str     0x00001d29      0x108 CMakeFiles/BLDCF407.elf.dir/Core/Src/system_stm32f4xx.c.obj
                                0x3d6 (size before relaxing)
 .debug_str     0x00001e31       0x63 CMakeFiles/BLDCF407.elf.dir/Core/Startup/startup_stm32f407igtx.s.obj
                                 0xa5 (size before relaxing)
 .debug_str     0x00001e94      0x337 CMakeFiles/BLDCF407.elf.dir/Drivers/STM32F4xx_HAL_Driver/Src/stm32f4xx_hal.c.obj
                                0xbbb (size before relaxing)
 .debug_str     0x000021cb      0x41f CMakeFiles/BLDCF407.elf.dir/Drivers/STM32F4xx_HAL_Driver/Src/stm32f4xx_hal_cortex.c.obj
                                0xc8d (size before relaxing)
 .debug_str     0x000025ea      0x333 CMakeFiles/BLDCF407.elf.dir/Drivers/STM32F4xx_HAL_Driver/Src/stm32f4xx_hal_dma.c.obj
                                0x7d7 (size before relaxing)
 .debug_str     0x0000291d      0x161 CMakeFiles/BLDCF407.elf.dir/Drivers/STM32F4xx_HAL_Driver/Src/stm32f4xx_hal_gpio.c.obj
                                0x541 (size before relaxing)
 .debug_str     0x00002a7e      0x1a7 CMakeFiles/BLDCF407.elf.dir/Drivers/STM32F4xx_HAL_Driver/Src/stm32f4xx_hal_rcc.c.obj
                                0x767 (size before relaxing)
 .debug_str     0x00002c25      0x58b CMakeFiles/BLDCF407.elf.dir/Drivers/STM32F4xx_HAL_Driver/Src/stm32f4xx_hal_spi.c.obj
                                0xcaf (size before relaxing)
 .debug_str     0x000031b0      0xdcf CMakeFiles/BLDCF407.elf.dir/Drivers/STM32F4xx_HAL_Driver/Src/stm32f4xx_hal_tim.c.obj
                               0x171a (size before relaxing)
 .debug_str     0x00003f7f      0x4ad CMakeFiles/BLDCF407.elf.dir/Drivers/STM32F4xx_HAL_Driver/Src/stm32f4xx_hal_tim_ex.c.obj
                                0xf1b (size before relaxing)
 .debug_str     0x0000442c      0x525 CMakeFiles/BLDCF407.elf.dir/Drivers/STM32F4xx_HAL_Driver/Src/stm32f4xx_hal_uart.c.obj
                                0xc69 (size before relaxing)
 .debug_str     0x00004951      0x193 CMakeFiles/BLDCF407.elf.dir/Middlewares/Third_Party/FreeRTOS/Source/list.c.obj
                                0x363 (size before relaxing)
 .debug_str     0x00004ae4      0x2c6 CMakeFiles/BLDCF407.elf.dir/Middlewares/Third_Party/FreeRTOS/Source/portable/GCC/ARM_CM4F/port.c.obj
                                0x4e3 (size before relaxing)
 .debug_str     0x00004daa      0xc3b CMakeFiles/BLDCF407.elf.dir/Middlewares/Third_Party/FreeRTOS/Source/tasks.c.obj
                               0x107c (size before relaxing)

.comment        0x00000000       0x49
 .comment       0x00000000       0x49 CMakeFiles/BLDCF407.elf.dir/Core/Src/bsp_DRV8303.c.obj
                                 0x4a (size before relaxing)
 .comment       0x00000049       0x4a CMakeFiles/BLDCF407.elf.dir/Core/Src/bsp_key.c.obj
 .comment       0x00000049       0x4a CMakeFiles/BLDCF407.elf.dir/Core/Src/bsp_led.c.obj
 .comment       0x00000049       0x4a CMakeFiles/BLDCF407.elf.dir/Core/Src/bsp_motor_tim.c.obj
 .comment       0x00000049       0x4a CMakeFiles/BLDCF407.elf.dir/Core/Src/bsp_spwm.c.obj
 .comment       0x00000049       0x4a CMakeFiles/BLDCF407.elf.dir/Core/Src/bsp_usart.c.obj
 .comment       0x00000049       0x4a CMakeFiles/BLDCF407.elf.dir/Core/Src/main.c.obj
 .comment       0x00000049       0x4a CMakeFiles/BLDCF407.elf.dir/Core/Src/spi.c.obj
 .comment       0x00000049       0x4a CMakeFiles/BLDCF407.elf.dir/Core/Src/stm32f4xx_hal_msp.c.obj
 .comment       0x00000049       0x4a CMakeFiles/BLDCF407.elf.dir/Core/Src/stm32f4xx_it.c.obj
 .comment       0x00000049       0x4a CMakeFiles/BLDCF407.elf.dir/Core/Src/system_stm32f4xx.c.obj
 .comment       0x00000049       0x4a CMakeFiles/BLDCF407.elf.dir/Drivers/STM32F4xx_HAL_Driver/Src/stm32f4xx_hal.c.obj
 .comment       0x00000049       0x4a CMakeFiles/BLDCF407.elf.dir/Drivers/STM32F4xx_HAL_Driver/Src/stm32f4xx_hal_cortex.c.obj
 .comment       0x00000049       0x4a CMakeFiles/BLDCF407.elf.dir/Drivers/STM32F4xx_HAL_Driver/Src/stm32f4xx_hal_dma.c.obj
 .comment       0x00000049       0x4a CMakeFiles/BLDCF407.elf.dir/Drivers/STM32F4xx_HAL_Driver/Src/stm32f4xx_hal_gpio.c.obj
 .comment       0x00000049       0x4a CMakeFiles/BLDCF407.elf.dir/Drivers/STM32F4xx_HAL_Driver/Src/stm32f4xx_hal_rcc.c.obj
 .comment       0x00000049       0x4a CMakeFiles/BLDCF407.elf.dir/Drivers/STM32F4xx_HAL_Driver/Src/stm32f4xx_hal_spi.c.obj
 .comment       0x00000049       0x4a CMakeFiles/BLDCF407.elf.dir/Drivers/STM32F4xx_HAL_Driver/Src/stm32f4xx_hal_tim.c.obj
 .comment       0x00000049       0x4a CMakeFiles/BLDCF407.elf.dir/Drivers/STM32F4xx_HAL_Driver/Src/stm32f4xx_hal_tim_ex.c.obj
 .comment       0x00000049       0x4a CMakeFiles/BLDCF407.elf.dir/Drivers/STM32F4xx_HAL_Driver/Src/stm32f4xx_hal_uart.c.obj
 .comment       0x00000049       0x4a CMakeFiles/BLDCF407.elf.dir/Middlewares/Third_Party/FreeRTOS/Source/list.c.obj
 .comment       0x00000049       0x4a CMakeFiles/BLDCF407.elf.dir/Middlewares/Third_Party/FreeRTOS/Source/portable/GCC/ARM_CM4F/port.c.obj
 .comment       0x00000049       0x4a CMakeFiles/BLDCF407.elf.dir/Middlewares/Third_Party/FreeRTOS/Source/tasks.c.obj

.debug_frame    0x00000000     0x2fbc
 .debug_frame   0x00000000       0x8c CMakeFiles/BLDCF407.elf.dir/Core/Src/bsp_DRV8303.c.obj
 .debug_frame   0x0000008c       0x4c CMakeFiles/BLDCF407.elf.dir/Core/Src/bsp_key.c.obj
 .debug_frame   0x000000d8       0x38 CMakeFiles/BLDCF407.elf.dir/Core/Src/bsp_led.c.obj
 .debug_frame   0x00000110       0x80 CMakeFiles/BLDCF407.elf.dir/Core/Src/bsp_motor_tim.c.obj
 .debug_frame   0x00000190       0x6c CMakeFiles/BLDCF407.elf.dir/Core/Src/bsp_spwm.c.obj
 .debug_frame   0x000001fc      0x11c CMakeFiles/BLDCF407.elf.dir/Core/Src/bsp_usart.c.obj
 .debug_frame   0x00000318       0x64 CMakeFiles/BLDCF407.elf.dir/Core/Src/main.c.obj
 .debug_frame   0x0000037c       0xe8 CMakeFiles/BLDCF407.elf.dir/Core/Src/spi.c.obj
 .debug_frame   0x00000464       0x2c CMakeFiles/BLDCF407.elf.dir/Core/Src/stm32f4xx_hal_msp.c.obj
 .debug_frame   0x00000490       0xb8 CMakeFiles/BLDCF407.elf.dir/Core/Src/stm32f4xx_it.c.obj
 .debug_frame   0x00000548       0x30 CMakeFiles/BLDCF407.elf.dir/Core/Src/system_stm32f4xx.c.obj
 .debug_frame   0x00000578      0x1ec CMakeFiles/BLDCF407.elf.dir/Drivers/STM32F4xx_HAL_Driver/Src/stm32f4xx_hal.c.obj
 .debug_frame   0x00000764      0x148 CMakeFiles/BLDCF407.elf.dir/Drivers/STM32F4xx_HAL_Driver/Src/stm32f4xx_hal_cortex.c.obj
 .debug_frame   0x000008ac      0x188 CMakeFiles/BLDCF407.elf.dir/Drivers/STM32F4xx_HAL_Driver/Src/stm32f4xx_hal_dma.c.obj
 .debug_frame   0x00000a34       0xd8 CMakeFiles/BLDCF407.elf.dir/Drivers/STM32F4xx_HAL_Driver/Src/stm32f4xx_hal_gpio.c.obj
 .debug_frame   0x00000b0c      0x16c CMakeFiles/BLDCF407.elf.dir/Drivers/STM32F4xx_HAL_Driver/Src/stm32f4xx_hal_rcc.c.obj
 .debug_frame   0x00000c78      0x5d4 CMakeFiles/BLDCF407.elf.dir/Drivers/STM32F4xx_HAL_Driver/Src/stm32f4xx_hal_spi.c.obj
 .debug_frame   0x0000124c      0xb0c CMakeFiles/BLDCF407.elf.dir/Drivers/STM32F4xx_HAL_Driver/Src/stm32f4xx_hal_tim.c.obj
 .debug_frame   0x00001d58      0x40c CMakeFiles/BLDCF407.elf.dir/Drivers/STM32F4xx_HAL_Driver/Src/stm32f4xx_hal_tim_ex.c.obj
 .debug_frame   0x00002164      0x4f4 CMakeFiles/BLDCF407.elf.dir/Drivers/STM32F4xx_HAL_Driver/Src/stm32f4xx_hal_uart.c.obj
 .debug_frame   0x00002658       0x70 CMakeFiles/BLDCF407.elf.dir/Middlewares/Third_Party/FreeRTOS/Source/list.c.obj
 .debug_frame   0x000026c8      0x110 CMakeFiles/BLDCF407.elf.dir/Middlewares/Third_Party/FreeRTOS/Source/portable/GCC/ARM_CM4F/port.c.obj
 .debug_frame   0x000027d8      0x58c CMakeFiles/BLDCF407.elf.dir/Middlewares/Third_Party/FreeRTOS/Source/tasks.c.obj
 .debug_frame   0x00002d64       0x2c d:/cmaketool/gnc-tools-arm-embedded/gcc-arm-none-eabi-10.3-2021.10/bin/../lib/gcc/arm-none-eabi/10.3.1/thumb/v7e-m+fp/hard\libgcc.a(_aeabi_uldivmod.o)
 .debug_frame   0x00002d90       0x34 d:/cmaketool/gnc-tools-arm-embedded/gcc-arm-none-eabi-10.3-2021.10/bin/../lib/gcc/arm-none-eabi/10.3.1/thumb/v7e-m+fp/hard\libgcc.a(_udivmoddi4.o)
 .debug_frame   0x00002dc4       0x2c d:/cmaketool/gnc-tools-arm-embedded/gcc-arm-none-eabi-10.3-2021.10/bin/../lib/gcc/arm-none-eabi/10.3.1/../../../../arm-none-eabi/lib/thumb/v7e-m+fp/hard\libg.a(lib_a-init.o)
 .debug_frame   0x00002df0       0x2c d:/cmaketool/gnc-tools-arm-embedded/gcc-arm-none-eabi-10.3-2021.10/bin/../lib/gcc/arm-none-eabi/10.3.1/../../../../arm-none-eabi/lib/thumb/v7e-m+fp/hard\libg.a(lib_a-memset.o)
 .debug_frame   0x00002e1c       0x68 d:/cmaketool/gnc-tools-arm-embedded/gcc-arm-none-eabi-10.3-2021.10/bin/../lib/gcc/arm-none-eabi/10.3.1/../../../../arm-none-eabi/lib/thumb/v7e-m+fp/hard\libg.a(lib_a-__call_atexit.o)
 .debug_frame   0x00002e84       0x20 d:/cmaketool/gnc-tools-arm-embedded/gcc-arm-none-eabi-10.3-2021.10/bin/../lib/gcc/arm-none-eabi/10.3.1/../../../../arm-none-eabi/lib/thumb/v7e-m+fp/hard\libg.a(lib_a-atexit.o)
 .debug_frame   0x00002ea4       0x34 d:/cmaketool/gnc-tools-arm-embedded/gcc-arm-none-eabi-10.3-2021.10/bin/../lib/gcc/arm-none-eabi/10.3.1/../../../../arm-none-eabi/lib/thumb/v7e-m+fp/hard\libg.a(lib_a-fini.o)
 .debug_frame   0x00002ed8       0xb0 d:/cmaketool/gnc-tools-arm-embedded/gcc-arm-none-eabi-10.3-2021.10/bin/../lib/gcc/arm-none-eabi/10.3.1/../../../../arm-none-eabi/lib/thumb/v7e-m+fp/hard\libg.a(lib_a-lock.o)
 .debug_frame   0x00002f88       0x34 d:/cmaketool/gnc-tools-arm-embedded/gcc-arm-none-eabi-10.3-2021.10/bin/../lib/gcc/arm-none-eabi/10.3.1/../../../../arm-none-eabi/lib/thumb/v7e-m+fp/hard\libg.a(lib_a-__atexit.o)
